"drag_coeff-rfile"
"Time Step" "drag_coeff etc.."
("Time Step" "drag_coeff" "flow-time")
0 -1.648558299890441e-27 0
1 0.0009481754857270217 0.1
2 0.0004554358932166857 0.2
3 0.0002849926543973121 0.3
4 0.0001998982472428572 0.4
5 0.0001508344328190018 0.5
6 0.0001201746179310043 0.6000000000000001
7 9.990459565654642e-05 0.7000000000000001
8 8.588830452919819e-05 0.8
9 7.585468417830176e-05 0.9
10 6.842670711257447e-05 1
11 6.276286885773808e-05 1.1
12 5.8364720244061e-05 1.2
13 5.484794390990984e-05 1.3
14 5.20186161253518e-05 1.4
15 4.966552474179881e-05 1.5
16 4.772496882851205e-05 1.6
17 4.611790940630604e-05 1.7
18 4.477970504230953e-05 1.8
19 4.364968825393897e-05 1.9
20 4.266776169496894e-05 2
21 4.179916044153705e-05 2.1
22 4.105522583272229e-05 2.2
23 4.037599583428917e-05 2.3
24 3.980432580711619e-05 2.4
25 3.929106651108144e-05 2.5
26 3.883718867869554e-05 2.6
27 3.840760891794994e-05 2.7
28 3.804751129654488e-05 2.8
29 3.771326953526798e-05 2.9
30 3.74181153676597e-05 3
31 3.715605132292746e-05 3.1
32 3.691982945894784e-05 3.2
33 3.673190699865477e-05 3.3
34 3.655243450714904e-05 3.4
35 3.638749451893353e-05 3.5
36 3.625235119331369e-05 3.6
37 3.613507785336046e-05 3.7
38 3.602573239334799e-05 3.8
39 3.591306223966077e-05 3.9
40 3.584308154985892e-05 4
41 3.578197501025641e-05 4.100000000000001
42 3.57260012888722e-05 4.2
43 3.56836065230035e-05 4.3
44 3.564370670855346e-05 4.4
45 3.561019792155316e-05 4.5
46 3.558080193280904e-05 4.600000000000001
47 3.5555239995991e-05 4.7
48 3.555972547041814e-05 4.800000000000001
49 3.556607013671469e-05 4.9
50 3.557553101312422e-05 5
51 3.558344939098815e-05 5.100000000000001
52 3.559365187768075e-05 5.2
53 3.560699852543332e-05 5.300000000000001
54 3.562749380454879e-05 5.4
55 3.564459793541713e-05 5.5
56 3.566245829346188e-05 5.600000000000001
57 3.568164252782608e-05 5.7
58 3.570570598377074e-05 5.800000000000001
59 3.573288002915836e-05 5.9
60 3.57603939107478e-05 6
61 3.57916375377778e-05 6.100000000000001
62 3.581068503548792e-05 6.2
63 3.586419805547342e-05 6.300000000000001
64 3.587839931876737e-05 6.4
65 3.591425456271673e-05 6.5
66 3.594975578613259e-05 6.600000000000001
67 3.598696380512056e-05 6.7
68 3.601685685676683e-05 6.800000000000001
69 3.605160073139722e-05 6.9
70 3.60877024514146e-05 7
71 3.612064719891238e-05 7.100000000000001
72 3.616256182294421e-05 7.2
73 3.61877815482287e-05 7.300000000000001
74 3.622577314033089e-05 7.4
75 3.625183261872976e-05 7.5
76 3.629153795526062e-05 7.600000000000001
77 3.631641736567702e-05 7.7
78 3.634894528813933e-05 7.800000000000001
79 3.63766125137986e-05 7.9
80 3.64024506883552e-05 8
81 3.642926575615872e-05 8.1
82 3.645570562004873e-05 8.200000000000001
83 3.64806156463828e-05 8.300000000000001
84 3.650542140181773e-05 8.4
85 3.652444002555284e-05 8.5
86 3.653933920526586e-05 8.6
87 3.655508131800209e-05 8.700000000000001
88 3.657411944570552e-05 8.800000000000001
89 3.658771218559688e-05 8.9
90 3.661156173323556e-05 9
91 3.662080456884718e-05 9.1
92 3.664098371717382e-05 9.200000000000001
93 3.666085632696704e-05 9.300000000000001
94 3.666643412551285e-05 9.4
95 3.668148514447881e-05 9.5
96 3.669357411620481e-05 9.600000000000001
97 3.670593715508238e-05 9.700000000000001
98 3.671080885706059e-05 9.800000000000001
99 3.671801225530627e-05 9.9
100 3.672213549130158e-05 10
101 3.673052671105525e-05 10.1
102 3.673709337961411e-05 10.2
103 3.673419698347877e-05 10.3
104 3.673964484672953e-05 10.4
105 3.673686718640472e-05 10.5
106 3.67379330987269e-05 10.6
107 3.673816194767106e-05 10.7
108 3.673659184178414e-05 10.8
109 3.673391292031698e-05 10.9
110 3.672820002122294e-05 11
111 3.672576983011195e-05 11.1
112 3.672212482117203e-05 11.2
113 3.671297238610373e-05 11.3
114 3.670476634528326e-05 11.4
115 3.669478796236059e-05 11.5
116 3.668793108012834e-05 11.6
117 3.667844504400615e-05 11.7
118 3.666898477438958e-05 11.8
119 3.665932170870261e-05 11.9
120 3.664899645953775e-05 12
121 3.663791094154168e-05 12.1
122 3.662629749701433e-05 12.2
123 3.661041192463578e-05 12.3
124 3.659561028121782e-05 12.4
125 3.658038181454374e-05 12.5
126 3.656378282740031e-05 12.6
127 3.655013967820511e-05 12.7
128 3.653422605542093e-05 12.8
129 3.651714078962976e-05 12.9
130 3.649997425948446e-05 13
131 3.648349889249789e-05 13.1
132 3.64681920815137e-05 13.2
133 3.644889491992987e-05 13.3
134 3.643292840428577e-05 13.4
135 3.641734942524288e-05 13.5
136 3.639928165851014e-05 13.6
137 3.63805122182824e-05 13.7
138 3.63610266514015e-05 13.8
139 3.634428334430843e-05 13.9
140 3.632550964552952e-05 14
141 3.630556502490694e-05 14.1
142 3.628608375600956e-05 14.2
143 3.626373770803545e-05 14.3
144 3.624304399845283e-05 14.4
145 3.622207262781409e-05 14.5
146 3.620111758978224e-05 14.6
147 3.617979569498398e-05 14.7
148 3.61566174695542e-05 14.8
149 3.613618053243141e-05 14.9
150 3.611349368883414e-05 15
151 3.609237595612477e-05 15.1
152 3.606822368983314e-05 15.2
153 3.604426331547388e-05 15.3
154 3.602407671308384e-05 15.4
155 3.600031885456711e-05 15.5
156 3.597657671527659e-05 15.6
157 3.595116901213038e-05 15.7
158 3.593035288371895e-05 15.8
159 3.590439805162608e-05 15.9
160 3.588254311474238e-05 16
161 3.585973980093163e-05 16.1
162 3.583513068503754e-05 16.2
163 3.581171406358891e-05 16.3
164 3.578752635954161e-05 16.4
165 3.576661499976511e-05 16.5
166 3.574166927192068e-05 16.6
167 3.57169634392717e-05 16.7
168 3.569455015520683e-05 16.8
169 3.567112465528677e-05 16.9
170 3.564759606139277e-05 17
171 3.562480363672845e-05 17.1
172 3.560004352311697e-05 17.2
173 3.557645949145235e-05 17.3
174 3.555275267070097e-05 17.4
175 3.552935528466602e-05 17.5
176 3.550602662189561e-05 17.6
177 3.548184495302242e-05 17.7
178 3.546052405633519e-05 17.8
179 3.543490867391647e-05 17.9
180 3.541263520268605e-05 18
181 3.539061988208184e-05 18.1
182 3.536570732484085e-05 18.2
183 3.53434966705646e-05 18.3
184 3.532071560648009e-05 18.4
185 3.529740172615617e-05 18.5
186 3.527437838710213e-05 18.6
187 3.525092925054446e-05 18.7
188 3.522836853811619e-05 18.8
189 3.52067593789398e-05 18.9
190 3.518190331472666e-05 19
191 3.516162496199171e-05 19.1
192 3.513790071205916e-05 19.2
193 3.511523245225901e-05 19.3
194 3.509270548382945e-05 19.4
195 3.507067873227737e-05 19.5
196 3.504872452815285e-05 19.6
197 3.502701207701464e-05 19.7
198 3.500533605474761e-05 19.8
199 3.498041971880206e-05 19.9
200 3.496418535868931e-05 20
201 3.493834298800004e-05 20.1
202 3.492190837995596e-05 20.2
203 3.489655558496428e-05 20.3
204 3.48807456151336e-05 20.4
205 3.485502772062817e-05 20.5
206 3.48382171488143e-05 20.6
207 3.481489619826261e-05 20.7
208 3.479489800539339e-05 20.8
209 3.477481949155757e-05 20.9
210 3.475487941370314e-05 21
211 3.473533463788306e-05 21.1
212 3.471351280407051e-05 21.2
213 3.469427971957166e-05 21.3
214 3.467418641445296e-05 21.4
215 3.465431764135354e-05 21.5
216 3.463564726753767e-05 21.6
217 3.461334638177004e-05 21.7
218 3.45956449733169e-05 21.8
219 3.457491030892396e-05 21.9
220 3.455553183163094e-05 22
221 3.453617766836717e-05 22.1
222 3.451731829524258e-05 22.2
223 3.449856163556584e-05 22.3
224 3.448002813286128e-05 22.4
225 3.446138086067568e-05 22.5
226 3.444212418807423e-05 22.6
227 3.442506208221064e-05 22.7
228 3.440594935119957e-05 22.8
229 3.438730855826642e-05 22.9
230 3.436892250185554e-05 23
231 3.435122497671519e-05 23.1
232 3.433308310401889e-05 23.2
233 3.431461819618777e-05 23.3
234 3.429622023456515e-05 23.4
235 3.427804018939073e-05 23.5
236 3.425863855554744e-05 23.6
237 3.424300319726098e-05 23.7
238 3.422495397993554e-05 23.8
239 3.420647534480005e-05 23.9
240 3.41901016280052e-05 24
241 3.417215467935793e-05 24.1
242 3.415471636959671e-05 24.2
243 3.413838017603509e-05 24.3
244 3.41222073150545e-05 24.4
245 3.410479980007232e-05 24.5
246 3.408822703891099e-05 24.6
247 3.407174910643315e-05 24.7
248 3.40546535938009e-05 24.8
249 3.40402497889914e-05 24.9
250 3.402264702757605e-05 25
251 3.400808457117994e-05 25.1
252 3.399134340503032e-05 25.2
253 3.397531194588178e-05 25.3
254 3.395915818562179e-05 25.4
255 3.394291049185905e-05 25.5
256 3.392736204479582e-05 25.6
257 3.39116975496938e-05 25.7
258 3.389613827040963e-05 25.8
259 3.38806191315656e-05 25.9
260 3.386516780498056e-05 26
261 3.384987009180435e-05 26.1
262 3.3834668276167e-05 26.2
263 3.381959064617406e-05 26.3
264 3.380458765387538e-05 26.4
265 3.378981367150077e-05 26.5
266 3.377482376841142e-05 26.6
267 3.37600059699985e-05 26.7
268 3.37451542976463e-05 26.8
269 3.373097250892992e-05 26.9
270 3.37159817742941e-05 27
271 3.370157756134869e-05 27.1
272 3.368701724954379e-05 27.2
273 3.367311416768292e-05 27.3
274 3.365908106300802e-05 27.4
275 3.364469102417703e-05 27.5
276 3.363027106695267e-05 27.6
277 3.361696114063607e-05 27.7
278 3.360265858987394e-05 27.8
279 3.358863080608726e-05 27.9
280 3.357477736563976e-05 28
281 3.356086925068278e-05 28.1
282 3.354727851705118e-05 28.2
283 3.353346234391717e-05 28.3
284 3.35201275113593e-05 28.4
285 3.350628866650413e-05 28.5
286 3.349325696508764e-05 28.6
287 3.347976787271591e-05 28.7
288 3.346654389295182e-05 28.8
289 3.345337846296156e-05 28.9
290 3.343969104341181e-05 29
291 3.342711351878751e-05 29.1
292 3.341393900100184e-05 29.2
293 3.340117560514002e-05 29.3
294 3.338810967356365e-05 29.4
295 3.337549214462772e-05 29.5
296 3.336241346248786e-05 29.6
297 3.334977964667482e-05 29.7
298 3.333709932253499e-05 29.8
299 3.332429832825189e-05 29.9
300 3.331173090398348e-05 30
301 3.329930022906444e-05 30.1
302 3.328699904665289e-05 30.2
303 3.327477657906258e-05 30.3
304 3.326253758138619e-05 30.4
305 3.325044436332865e-05 30.5
306 3.323831844881306e-05 30.6
307 3.322582255435476e-05 30.7
308 3.321366089715182e-05 30.8
309 3.320163967406195e-05 30.9
310 3.318812413329535e-05 31
311 3.317742310213212e-05 31.1
312 3.316470186960902e-05 31.2
313 3.31538933889835e-05 31.3
314 3.314124380460393e-05 31.4
315 3.313041565921744e-05 31.5
316 3.31178082632465e-05 31.6
317 3.310711961508528e-05 31.7
318 3.309468603542528e-05 31.8
319 3.308430689574944e-05 31.9
320 3.307085423063609e-05 32
321 3.306164819856702e-05 32.1
322 3.304846109104018e-05 32.2
323 3.303633881456058e-05 32.3
324 3.302647506549108e-05 32.4
325 3.301409300090561e-05 32.5
326 3.300420573045618e-05 32.6
327 3.299205926998419e-05 32.7
328 3.298172124470338e-05 32.8
329 3.297030754922944e-05 32.9
330 3.295971693924601e-05 33
331 3.294891855931198e-05 33.1
332 3.29372492582725e-05 33.2
333 3.292714072450299e-05 33.3
334 3.291590210082372e-05 33.4
335 3.290533880103631e-05 33.5
336 3.289496996675386e-05 33.6
337 3.288356155153621e-05 33.7
338 3.287374503405052e-05 33.8
339 3.286221183294693e-05 33.9
340 3.285205523863941e-05 34
341 3.284129787009956e-05 34.1
342 3.283114840321821e-05 34.2
343 3.282047459438526e-05 34.3
344 3.281042249410335e-05 34.4
345 3.279977047861293e-05 34.5
346 3.278985949276298e-05 34.6
347 3.277928421204269e-05 34.7
348 3.276929622788471e-05 34.8
349 3.27591622779762e-05 34.9
350 3.274839741262375e-05 35
351 3.273952592320969e-05 35.1
352 3.272833552752929e-05 35.2
353 3.271964221914905e-05 35.3
354 3.270897315966995e-05 35.4
355 3.269912598979758e-05 35.5
356 3.268933932999028e-05 35.6
357 3.268008406981907e-05 35.7
358 3.267006931287506e-05 35.8
359 3.26601396850987e-05 35.9
360 3.26515954193564e-05 36
361 3.264151969108042e-05 36.1
362 3.263218158321215e-05 36.2
363 3.262277830178911e-05 36.3
364 3.261348465883948e-05 36.4
365 3.26035836286707e-05 36.5
366 3.259500734723117e-05 36.6
367 3.258596994392714e-05 36.7
368 3.257671801129166e-05 36.8
369 3.256811724511617e-05 36.9
370 3.255848393687265e-05 37
371 3.254989202806904e-05 37.1
372 3.254114561799739e-05 37.2
373 3.253193097733955e-05 37.3
374 3.252334660604712e-05 37.4
375 3.251495714570541e-05 37.5
376 3.250567074256594e-05 37.6
377 3.24976572981015e-05 37.7
378 3.248889001071972e-05 37.8
379 3.248066269172708e-05 37.9
380 3.247228347564157e-05 38
381 3.246364323256134e-05 38.1
382 3.245549655650345e-05 38.2
383 3.244740663751761e-05 38.3
384 3.243889012866154e-05 38.40000000000001
385 3.243105149895028e-05 38.5
386 3.242254235304202e-05 38.6
387 3.24150121693688e-05 38.7
388 3.24068256902485e-05 38.8
389 3.239906454947441e-05 38.90000000000001
390 3.239115739506307e-05 39
391 3.238328555287162e-05 39.1
392 3.237556015591272e-05 39.2
393 3.236777899707025e-05 39.3
394 3.236019488701891e-05 39.40000000000001
395 3.23525895828628e-05 39.5
396 3.234504485899917e-05 39.6
397 3.233758327222067e-05 39.7
398 3.233015268642876e-05 39.8
399 3.232278389006735e-05 39.90000000000001
400 3.231493817603821e-05 40
401 3.230852954957653e-05 40.1
402 3.230082680155801e-05 40.2
403 3.229434542417471e-05 40.3
404 3.228614810583518e-05 40.40000000000001
405 3.227967876350574e-05 40.5
406 3.227256097083736e-05 40.6
407 3.226479410908903e-05 40.7
408 3.225930156935645e-05 40.8
409 3.225135681065966e-05 40.90000000000001
410 3.224492925690633e-05 41
411 3.22383156271174e-05 41.1
412 3.223140294265768e-05 41.2
413 3.222463215497095e-05 41.3
414 3.221770775100336e-05 41.40000000000001
415 3.221128643328086e-05 41.5
416 3.220432842946958e-05 41.6
417 3.219841593230588e-05 41.7
418 3.219150012117705e-05 41.8
419 3.218509131752547e-05 41.90000000000001
420 3.217850248390046e-05 42
421 3.217219253522186e-05 42.1
422 3.216596141117813e-05 42.2
423 3.21595379231938e-05 42.3
424 3.215303421963983e-05 42.40000000000001
425 3.214710518571135e-05 42.5
426 3.214088674200042e-05 42.6
427 3.213462915873868e-05 42.7
428 3.212798900675921e-05 42.8
429 3.212225801214742e-05 42.90000000000001
430 3.211603925188581e-05 43
431 3.210996494169994e-05 43.1
432 3.210388248628424e-05 43.2
433 3.209784000553642e-05 43.3
434 3.20919543401524e-05 43.40000000000001
435 3.208626473442136e-05 43.5
436 3.207998701861684e-05 43.6
437 3.207452123415435e-05 43.7
438 3.206856728280867e-05 43.8
439 3.206270560726986e-05 43.90000000000001
440 3.205715045195835e-05 44
441 3.205129572984196e-05 44.1
442 3.204611116906665e-05 44.2
443 3.203962521699217e-05 44.3
444 3.20340328480708e-05 44.40000000000001
445 3.202819683955116e-05 44.5
446 3.202279735952311e-05 44.6
447 3.201741489651722e-05 44.7
448 3.201199196558079e-05 44.8
449 3.200615973107813e-05 44.90000000000001
450 3.20011317166821e-05 45
451 3.199567940207994e-05 45.1
452 3.19902048898395e-05 45.2
453 3.198475544433225e-05 45.3
454 3.197938766975964e-05 45.40000000000001
455 3.197407451848696e-05 45.5
456 3.196901010413942e-05 45.6
457 3.196303801708067e-05 45.7
458 3.195817370128717e-05 45.8
459 3.195257823560361e-05 45.90000000000001
460 3.194800510018183e-05 46
461 3.194226363098449e-05 46.1
462 3.193711671879919e-05 46.2
463 3.193226449780219e-05 46.3
464 3.192658634740296e-05 46.40000000000001
465 3.192177077770048e-05 46.5
466 3.191666816329374e-05 46.6
467 3.191116520965097e-05 46.7
468 3.190671714843621e-05 46.8
469 3.190156246425158e-05 46.90000000000001
470 3.189625528819843e-05 47
471 3.189148159865632e-05 47.1
472 3.188647392004673e-05 47.2
473 3.188148951226339e-05 47.3
474 3.187652237260296e-05 47.40000000000001
475 3.187057266241546e-05 47.5
476 3.186650013894124e-05 47.6
477 3.186085107137719e-05 47.7
478 3.185735067151485e-05 47.8
479 3.185157226914873e-05 47.90000000000001
480 3.184752966689089e-05 48
481 3.184243673572474e-05 48.1
482 3.18379421194993e-05 48.2
483 3.183316487450179e-05 48.3
484 3.182912242491824e-05 48.40000000000001
485 3.182342410495956e-05 48.5
486 3.181970053888575e-05 48.6
487 3.181392854212044e-05 48.7
488 3.181099777457384e-05 48.8
489 3.180476688915904e-05 48.90000000000001
490 3.180176653928418e-05 49
491 3.179551357218253e-05 49.1
492 3.179295924307481e-05 49.2
493 3.178684554209734e-05 49.3
494 3.178312361201455e-05 49.40000000000001
495 3.177803648087354e-05 49.5
496 3.177469538832791e-05 49.6
497 3.176875289761833e-05 49.7
498 3.176412891903274e-05 49.8
499 3.174771181165611e-05 49.90000000000001
500 3.176026312607879e-05 50
501 3.174182563715179e-05 50.1
502 3.175225530881657e-05 50.2
503 3.173402657572732e-05 50.3
504 3.174497616814838e-05 50.40000000000001
505 3.172688047827107e-05 50.5
506 3.173743972854795e-05 50.6
507 3.171949952694447e-05 50.7
508 3.173005078120082e-05 50.8
509 3.171221045916676e-05 50.90000000000001
510 3.172286292106409e-05 51
511 3.170475968199715e-05 51.1
512 3.171552535547181e-05 51.2
513 3.169727035883317e-05 51.3
514 3.170828672892787e-05 51.40000000000001
515 3.169022674491091e-05 51.5
516 3.170083376785682e-05 51.6
517 3.16828217438361e-05 51.7
518 3.169370270658827e-05 51.8
519 3.167581659090259e-05 51.90000000000001
520 3.168628108918081e-05 52
521 3.166869866861327e-05 52.1
522 3.167899162085181e-05 52.2
523 3.166151123670369e-05 52.3
524 3.167176755055488e-05 52.40000000000001
525 3.165438579194548e-05 52.5
526 3.166456961273707e-05 52.6
527 3.164729726245788e-05 52.7
528 3.165744921628221e-05 52.8
529 3.164027929851882e-05 52.90000000000001
530 3.165064656153192e-05 53
531 3.163267225734251e-05 53.1
532 3.164346053778297e-05 53.2
533 3.162614628314482e-05 53.3
534 3.163634116395305e-05 53.40000000000001
535 3.161939163918343e-05 53.5
536 3.162947558333446e-05 53.6
537 3.161227669964548e-05 53.7
538 3.162224073646496e-05 53.8
539 3.160545305814332e-05 53.90000000000001
540 3.16152993656572e-05 54
541 3.159854084934906e-05 54.1
542 3.16081802318173e-05 54.2
543 3.15920745091831e-05 54.3
544 3.160112350135508e-05 54.40000000000001
545 3.158520501091541e-05 54.5
546 3.159433429957515e-05 54.6
547 3.157850575496038e-05 54.7
548 3.158758649407166e-05 54.8
549 3.157185506540977e-05 54.90000000000001
550 3.158087631315251e-05 55
551 3.15652342214356e-05 55.1
552 3.157454029697869e-05 55.2
553 3.155831783761794e-05 55.3
554 3.156758573728092e-05 55.40000000000001
555 3.155188012133094e-05 55.5
556 3.156155763431971e-05 55.6
557 3.154533583969148e-05 55.7
558 3.155504735563056e-05 55.8
559 3.153835315817718e-05 55.90000000000001
560 3.154839868990549e-05 56
561 3.153234130035723e-05 56.1
562 3.154202455549017e-05 56.2
563 3.152597064125685e-05 56.3
564 3.153560231940754e-05 56.40000000000001
565 3.151960977975877e-05 56.5
566 3.152913315393738e-05 56.6
567 3.151388699676927e-05 56.7
568 3.152240567701209e-05 56.8
569 3.150728718720781e-05 56.90000000000001
570 3.151627697090125e-05 57
571 3.150120358003793e-05 57.1
572 3.15100356138047e-05 57.2
573 3.149506052387078e-05 57.3
574 3.150388423845978e-05 57.40000000000001
575 3.148907871326547e-05 57.5
576 3.149761515445709e-05 57.6
577 3.148296464815354e-05 57.7
578 3.149140392634765e-05 57.8
579 3.147716736756156e-05 57.90000000000001
580 3.148531686880991e-05 58
581 3.147131346456496e-05 58.1
582 3.1479201062236e-05 58.2
583 3.146536010856882e-05 58.3
584 3.147324854085818e-05 58.40000000000001
585 3.145951889985377e-05 58.5
586 3.146732696888245e-05 58.6
587 3.145368637086873e-05 58.7
588 3.146147758213232e-05 58.8
589 3.144791810461412e-05 58.90000000000001
590 3.145566857351278e-05 59
591 3.144219726407685e-05 59.1
592 3.144996121701397e-05 59.2
593 3.143611058882425e-05 59.3
594 3.144459551034791e-05 59.40000000000001
595 3.143067165806539e-05 59.5
596 3.14388428388025e-05 59.6
597 3.142503433681437e-05 59.7
598 3.143323567918561e-05 59.8
599 3.141949881486957e-05 59.90000000000001
600 3.142764102493197e-05 60
601 3.141398671103581e-05 60.1
602 3.142207746678476e-05 60.2
603 3.140852230658625e-05 60.3
604 3.14165214266767e-05 60.40000000000001
605 3.140307689119801e-05 60.5
606 3.141111881575641e-05 60.6
607 3.139764252468482e-05 60.7
608 3.140574667655071e-05 60.8
609 3.139233045219973e-05 60.90000000000001
610 3.140036574937103e-05 61
611 3.138702711557239e-05 61.1
612 3.139504351396677e-05 61.2
613 3.138177958191653e-05 61.3
614 3.138976653580833e-05 61.40000000000001
615 3.137655062200755e-05 61.5
616 3.138449948569753e-05 61.6
617 3.137135648820549e-05 61.7
618 3.137922928836205e-05 61.8
619 3.136616882783478e-05 61.90000000000001
620 3.137414437079588e-05 62
621 3.136108018345826e-05 62.1
622 3.136897351095702e-05 62.2
623 3.135599451963385e-05 62.3
624 3.136407288773198e-05 62.40000000000001
625 3.135087513196434e-05 62.5
626 3.135892739911313e-05 62.6
627 3.134589031979046e-05 62.7
628 3.135383357553309e-05 62.8
629 3.134094049223546e-05 62.90000000000001
630 3.134883953747842e-05 63
631 3.133603099351008e-05 63.1
632 3.13438706921713e-05 63.2
633 3.133114156720166e-05 63.3
634 3.133894476807578e-05 63.40000000000001
635 3.13262961956762e-05 63.5
636 3.133397286919281e-05 63.6
637 3.132151105762189e-05 63.7
638 3.132915005190216e-05 63.8
639 3.131672711442636e-05 63.90000000000001
640 3.132432814318662e-05 64
641 3.131213731133266e-05 64.10000000000001
642 3.131947529615901e-05 64.2
643 3.130740290730746e-05 64.3
644 3.13147702545283e-05 64.40000000000001
645 3.130276633302154e-05 64.5
646 3.13104760060224e-05 64.60000000000001
647 3.129773193996993e-05 64.7
648 3.130595522770564e-05 64.8
649 3.129324858568817e-05 64.90000000000001
650 3.130130427116976e-05 65
651 3.128870004374178e-05 65.10000000000001
652 3.129669858163057e-05 65.2
653 3.128417126251199e-05 65.3
654 3.129210681316654e-05 65.40000000000001
655 3.127965769497195e-05 65.5
656 3.128756435748477e-05 65.60000000000001
657 3.127518779205356e-05 65.7
658 3.128297796559839e-05 65.8
659 3.127095966283917e-05 65.90000000000001
660 3.127838381966535e-05 66
661 3.126647132236287e-05 66.10000000000001
662 3.127394544124066e-05 66.2
663 3.126209695927107e-05 66.3
664 3.12694940049813e-05 66.40000000000001
665 3.125772748596199e-05 66.5
666 3.126510298540208e-05 66.60000000000001
667 3.125341366746318e-05 66.7
668 3.126075263173425e-05 66.8
669 3.124914136001802e-05 66.90000000000001
670 3.125644470367555e-05 67
671 3.124490486532101e-05 67.10000000000001
672 3.125222241170348e-05 67.2
673 3.124058949600235e-05 67.3
674 3.124805169968317e-05 67.40000000000001
675 3.123645439210185e-05 67.5
676 3.124383178768421e-05 67.60000000000001
677 3.123248397187592e-05 67.7
678 3.12392368027921e-05 67.8
679 3.122836557144003e-05 67.90000000000001
680 3.123526444445089e-05 68
681 3.12243568695329e-05 68.10000000000001
682 3.123112509716608e-05 68.2
683 3.122025381371876e-05 68.3
684 3.122708139558388e-05 68.40000000000001
685 3.121629339229769e-05 68.5
686 3.122297944188618e-05 68.60000000000001
687 3.121223545565055e-05 68.7
688 3.121895583172766e-05 68.8
689 3.120851447791165e-05 68.90000000000001
690 3.121480712839148e-05 69
691 3.12041834860378e-05 69.10000000000001
692 3.121109348109223e-05 69.2
693 3.120045877864349e-05 69.3
694 3.120705860321208e-05 69.40000000000001
695 3.119650612387848e-05 69.5
696 3.120322236597737e-05 69.60000000000001
697 3.11927407354327e-05 69.7
698 3.119924122660057e-05 69.8
699 3.118909463079599e-05 69.90000000000001
700 3.119528251331745e-05 70
701 3.11852245936375e-05 70.10000000000001
702 3.119151964550666e-05 70.2
703 3.11814986221698e-05 70.3
704 3.118772230337803e-05 70.40000000000001
705 3.117776556227857e-05 70.5
706 3.118399262710615e-05 70.60000000000001
707 3.117400859119083e-05 70.7
708 3.118028678305348e-05 70.8
709 3.117033615566044e-05 70.90000000000001
710 3.117660336447841e-05 71
711 3.116669579575193e-05 71.10000000000001
712 3.117290146763196e-05 71.2
713 3.116305265614756e-05 71.3
714 3.116897181990151e-05 71.40000000000001
715 3.115921220623137e-05 71.5
716 3.116545197860026e-05 71.60000000000001
717 3.115580531111388e-05 71.7
718 3.116197117622067e-05 71.8
719 3.115230900914637e-05 71.90000000000001
720 3.115821691810329e-05 72
721 3.114884038535164e-05 72.10000000000001
722 3.115480472395495e-05 72.2
723 3.114539062242706e-05 72.3
724 3.115124525177075e-05 72.40000000000001
725 3.114179963198608e-05 72.5
726 3.114804020543487e-05 72.60000000000001
727 3.113845221740844e-05 72.7
728 3.114431012215507e-05 72.8
729 3.113496778997289e-05 72.90000000000001
730 3.114115212839757e-05 73
731 3.11316728197526e-05 73.10000000000001
732 3.113750119958049e-05 73.2
733 3.112829854771405e-05 73.3
734 3.113404122369241e-05 73.40000000000001
735 3.112516671592002e-05 73.5
736 3.113054454026417e-05 73.60000000000001
737 3.112175976216346e-05 73.7
738 3.112733677464834e-05 73.8
739 3.111843116125649e-05 73.90000000000001
740 3.112396628370018e-05 74
741 3.111517635552224e-05 74.10000000000001
742 3.112072870004321e-05 74.2
743 3.111191124436976e-05 74.3
744 3.1117182308301e-05 74.40000000000001
745 3.110830435147644e-05 74.5
746 3.111420398665633e-05 74.60000000000001
747 3.110529868555069e-05 74.7
748 3.111081334046357e-05 74.8
749 3.110201754383114e-05 74.90000000000001
750 3.110733555934981e-05 75
751 3.109918820172506e-05 75.10000000000001
752 3.110415241659246e-05 75.2
753 3.109604952940405e-05 75.3
754 3.110100218643685e-05 75.40000000000001
755 3.109295214894339e-05 75.5
756 3.109787902841171e-05 75.60000000000001
757 3.108987745458819e-05 75.7
758 3.109477430810782e-05 75.8
759 3.108682113614247e-05 75.90000000000001
760 3.109169620611392e-05 76
761 3.108378886818482e-05 76.10000000000001
762 3.108911980318177e-05 76.2
763 3.108041920807037e-05 76.3
764 3.108597395720126e-05 76.40000000000001
765 3.107747832661051e-05 76.5
766 3.108302125668626e-05 76.60000000000001
767 3.107448327521515e-05 76.7
768 3.107997797808249e-05 76.80000000000001
769 3.107152913964018e-05 76.90000000000001
770 3.107700123735711e-05 77
771 3.106859542265933e-05 77.10000000000001
772 3.107395012097286e-05 77.2
773 3.106566188401476e-05 77.30000000000001
774 3.107105621796812e-05 77.40000000000001
775 3.106278380859617e-05 77.5
776 3.106810662065669e-05 77.60000000000001
777 3.105989221568734e-05 77.7
778 3.106520229938035e-05 77.80000000000001
779 3.105703367535045e-05 77.90000000000001
780 3.106227431626368e-05 78
781 3.105422372822166e-05 78.10000000000001
782 3.105939033260716e-05 78.2
783 3.105137920056862e-05 78.30000000000001
784 3.105652853879636e-05 78.40000000000001
785 3.104856474507856e-05 78.5
786 3.105367727434932e-05 78.60000000000001
787 3.104577265985637e-05 78.7
788 3.105086069099009e-05 78.80000000000001
789 3.104300578560097e-05 78.90000000000001
790 3.104835331766673e-05 79
791 3.103999935822312e-05 79.10000000000001
792 3.104553606137549e-05 79.2
793 3.103730385408529e-05 79.30000000000001
794 3.104280761468201e-05 79.40000000000001
795 3.103459969138259e-05 79.5
796 3.103970006756758e-05 79.60000000000001
797 3.10324650179129e-05 79.7
798 3.103672106037851e-05 79.80000000000001
799 3.102960017823713e-05 79.90000000000001
800 3.103396869101953e-05 80
801 3.102685143719942e-05 80.10000000000001
802 3.103147269990301e-05 80.2
803 3.102432897195142e-05 80.30000000000001
804 3.102875742416237e-05 80.40000000000001
805 3.102169774435807e-05 80.5
806 3.102604417242576e-05 80.60000000000001
807 3.101917384013905e-05 80.7
808 3.102338110405888e-05 80.80000000000001
809 3.101656920547419e-05 80.90000000000001
810 3.102076716469927e-05 81
811 3.101400037944512e-05 81.10000000000001
812 3.101816462881255e-05 81.2
813 3.101144105601214e-05 81.30000000000001
814 3.101557895665872e-05 81.40000000000001
815 3.10089017860939e-05 81.5
816 3.101301722406275e-05 81.60000000000001
817 3.100638451461308e-05 81.7
818 3.101047414025295e-05 81.80000000000001
819 3.100389198389254e-05 81.90000000000001
820 3.100825109321288e-05 82
821 3.100118385525417e-05 82.10000000000001
822 3.100564530151723e-05 82.2
823 3.099883013343985e-05 82.30000000000001
824 3.100312950268143e-05 82.40000000000001
825 3.099636642886375e-05 82.5
826 3.100065956647915e-05 82.60000000000001
827 3.099394349271367e-05 82.7
828 3.099820293387706e-05 82.80000000000001
829 3.099152877182212e-05 82.90000000000001
830 3.099576159726544e-05 83
831 3.098913313160213e-05 83.10000000000001
832 3.099334390886197e-05 83.2
833 3.09867604030525e-05 83.30000000000001
834 3.099096482345649e-05 83.40000000000001
835 3.09844235892048e-05 83.5
836 3.098861872055817e-05 83.60000000000001
837 3.098209531577459e-05 83.7
838 3.098627598177516e-05 83.80000000000001
839 3.097979046414285e-05 83.90000000000001
840 3.098410555729279e-05 84
841 3.097731784592031e-05 84.10000000000001
842 3.098184016302127e-05 84.2
843 3.097508262052194e-05 84.30000000000001
844 3.097952627586414e-05 84.40000000000001
845 3.097281036368973e-05 84.5
846 3.0977235759181e-05 84.60000000000001
847 3.09705626200459e-05 84.7
848 3.097496033278797e-05 84.80000000000001
849 3.096827856848535e-05 84.90000000000001
850 3.097287780730472e-05 85
851 3.096604456601451e-05 85.10000000000001
852 3.097058607590413e-05 85.2
853 3.096380595457312e-05 85.30000000000001
854 3.096818852989637e-05 85.40000000000001
855 3.096179365404541e-05 85.5
856 3.096592838961388e-05 85.60000000000001
857 3.095951864504903e-05 85.7
858 3.096414903884811e-05 85.80000000000001
859 3.095736695716453e-05 85.90000000000001
860 3.096163814318776e-05 86
861 3.09550677714805e-05 86.10000000000001
862 3.095946371517422e-05 86.2
863 3.095308043144275e-05 86.30000000000001
864 3.095739647881598e-05 86.40000000000001
865 3.095120583031414e-05 86.5
866 3.095490533113157e-05 86.60000000000001
867 3.094884858404268e-05 86.7
868 3.09530561356542e-05 86.80000000000001
869 3.094709683128394e-05 86.90000000000001
870 3.095061765400858e-05 87
871 3.094468440757831e-05 87.10000000000001
872 3.094861173170635e-05 87.2
873 3.094296782890695e-05 87.30000000000001
874 3.094642066787456e-05 87.40000000000001
875 3.094084809109134e-05 87.5
876 3.094436530319736e-05 87.60000000000001
877 3.093882531708526e-05 87.7
878 3.09422992360074e-05 87.80000000000001
879 3.093680062235378e-05 87.90000000000001
880 3.094022599733314e-05 88
881 3.093480894125756e-05 88.10000000000001
882 3.093818861520505e-05 88.2
883 3.093281216317442e-05 88.30000000000001
884 3.093616982291179e-05 88.40000000000001
885 3.09308349996969e-05 88.5
886 3.093422562651914e-05 88.60000000000001
887 3.092882025579254e-05 88.7
888 3.093235469704322e-05 88.80000000000001
889 3.092675783742591e-05 88.90000000000001
890 3.093041980033227e-05 89
891 3.092484492661595e-05 89.10000000000001
892 3.092843901803044e-05 89.2
893 3.092289970227364e-05 89.30000000000001
894 3.092648777060875e-05 89.40000000000001
895 3.092098705725994e-05 89.5
896 3.092453955356958e-05 89.60000000000001
897 3.091907924744782e-05 89.7
898 3.092259641010282e-05 89.80000000000001
899 3.091718911927727e-05 89.90000000000001
900 3.092068898974877e-05 90
901 3.091531631022915e-05 90.10000000000001
902 3.091880169897023e-05 90.2
903 3.091346648913659e-05 90.30000000000001
904 3.091676321274466e-05 90.40000000000001
905 3.091166121394048e-05 90.5
906 3.091507417309881e-05 90.60000000000001
907 3.090969205740015e-05 90.7
908 3.091296115396197e-05 90.80000000000001
909 3.090803625675189e-05 90.90000000000001
910 3.091099195148454e-05 91
911 3.090616215193976e-05 91.10000000000001
912 3.090919235255757e-05 91.2
913 3.090438488342028e-05 91.30000000000001
914 3.090734190907537e-05 91.40000000000001
915 3.09025830119953e-05 91.5
916 3.090568333783806e-05 91.60000000000001
917 3.090067955544647e-05 91.7
918 3.090380909553121e-05 91.80000000000001
919 3.089885252399321e-05 91.90000000000001
920 3.090208863882456e-05 92
921 3.089713213429458e-05 92.10000000000001
922 3.090031883614863e-05 92.2
923 3.089538834801157e-05 92.30000000000001
924 3.089853687956894e-05 92.40000000000001
925 3.089365156175567e-05 92.5
926 3.08969837730998e-05 92.60000000000001
927 3.089174134328124e-05 92.7
928 3.08952314938701e-05 92.80000000000001
929 3.089003216077463e-05 92.90000000000001
930 3.089353218881346e-05 93
931 3.08883296552996e-05 93.10000000000001
932 3.089159895789059e-05 93.2
933 3.088679861454621e-05 93.30000000000001
934 3.088987889921107e-05 93.40000000000001
935 3.088510694009975e-05 93.5
936 3.088814926613377e-05 93.60000000000001
937 3.088342185760824e-05 93.7
938 3.088648924350294e-05 93.80000000000001
939 3.088181807861995e-05 93.90000000000001
940 3.088472578607292e-05 94
941 3.088015001621298e-05 94.10000000000001
942 3.088304284757194e-05 94.2
943 3.087847996279242e-05 94.30000000000001
944 3.088137035330899e-05 94.40000000000001
945 3.087684556446576e-05 94.5
946 3.087970243003642e-05 94.60000000000001
947 3.087523444070222e-05 94.7
948 3.087805518135147e-05 94.80000000000001
949 3.087362148180786e-05 94.90000000000001
950 3.087646535959926e-05 95
951 3.087198922381045e-05 95.10000000000001
952 3.087482838823385e-05 95.2
953 3.087038582971905e-05 95.30000000000001
954 3.087321872567475e-05 95.40000000000001
955 3.086880909329633e-05 95.5
956 3.087159453953332e-05 95.60000000000001
957 3.086720379659682e-05 95.7
958 3.086999553002797e-05 95.80000000000001
959 3.086563444366203e-05 95.90000000000001
960 3.086839513955643e-05 96
961 3.086406290762537e-05 96.10000000000001
962 3.08668056302048e-05 96.2
963 3.086251624434148e-05 96.30000000000001
964 3.086519324560279e-05 96.40000000000001
965 3.086094479577627e-05 96.5
966 3.086362211269202e-05 96.60000000000001
967 3.085939656299172e-05 96.7
968 3.086207538237958e-05 96.80000000000001
969 3.085783892824804e-05 96.90000000000001
970 3.086072502619753e-05 97
971 3.085629183793997e-05 97.10000000000001
972 3.085905362054877e-05 97.2
973 3.085474334801841e-05 97.30000000000001
974 3.085743971660347e-05 97.40000000000001
975 3.085335321394071e-05 97.5
976 3.085566965791601e-05 97.60000000000001
977 3.085189904486158e-05 97.7
978 3.08542738018193e-05 97.80000000000001
979 3.085036428947871e-05 97.90000000000001
980 3.08527476696166e-05 98
981 3.084887766813928e-05 98.10000000000001
982 3.085124708649458e-05 98.2
983 3.084741104044318e-05 98.30000000000001
984 3.084977014577722e-05 98.40000000000001
985 3.084596328551451e-05 98.5
986 3.084829993455434e-05 98.60000000000001
987 3.084451679748078e-05 98.7
988 3.084683299920683e-05 98.80000000000001
989 3.084307606986338e-05 98.90000000000001
990 3.084537589798194e-05 99
991 3.084165156244552e-05 99.10000000000001
992 3.084391588783622e-05 99.2
993 3.084013415453782e-05 99.30000000000001
994 3.084257138177419e-05 99.40000000000001
995 3.083875773810274e-05 99.5
996 3.084113115611038e-05 99.60000000000001
997 3.083734717567783e-05 99.7
998 3.08397201294487e-05 99.80000000000001
999 3.083605290006576e-05 99.90000000000001
1000 3.083819160633564e-05 100
1001 3.083459955169532e-05 100.1
1002 3.083681215960401e-05 100.2
1003 3.083323687555094e-05 100.3
1004 3.08354025430799e-05 100.4
1005 3.083185642040596e-05 100.5
1006 3.083400764704391e-05 100.6
1007 3.08304886850429e-05 100.7
1008 3.083261702068547e-05 100.8
1009 3.082913762954171e-05 100.9
1010 3.083125508489727e-05 101
1011 3.082775124929077e-05 101.1
1012 3.082990301066504e-05 101.2
1013 3.082641876693708e-05 101.3
1014 3.082854229906875e-05 101.4
1015 3.08250420681477e-05 101.5
1016 3.082720521849027e-05 101.6
1017 3.082374163972011e-05 101.7
1018 3.082584988660991e-05 101.8
1019 3.082240846781434e-05 101.9
1020 3.082453644707151e-05 102
1021 3.082111761554972e-05 102.1
1022 3.082309586292516e-05 102.2
1023 3.081989969740466e-05 102.3
1024 3.082174809101729e-05 102.4
1025 3.081860499873857e-05 102.5
1026 3.082043161081961e-05 102.6
1027 3.081732474327575e-05 102.7
1028 3.081912977212913e-05 102.8
1029 3.081598202892544e-05 102.9
1030 3.08179314922161e-05 103
1031 3.081478084862711e-05 103.1
1032 3.081665463805289e-05 103.2
1033 3.081352959577445e-05 103.3
1034 3.081536154070348e-05 103.4
1035 3.081227000307908e-05 103.5
1036 3.081405993468033e-05 103.6
1037 3.081099430843435e-05 103.7
1038 3.081307509544084e-05 103.8
1039 3.080967352987426e-05 103.9
1040 3.081160114670432e-05 104
1041 3.080856299137835e-05 104.1
1042 3.081032570257138e-05 104.2
1043 3.080733464905237e-05 104.3
1044 3.080909413422628e-05 104.4
1045 3.080612442300577e-05 104.5
1046 3.080788179733604e-05 104.6
1047 3.080488262594011e-05 104.7
1048 3.080667491402154e-05 104.8
1049 3.080368006166656e-05 104.9
1050 3.080545566109387e-05 105
1051 3.080245769294956e-05 105.1
1052 3.080449716786966e-05 105.2
1053 3.080114155663654e-05 105.3
1054 3.080329937062479e-05 105.4
1055 3.080000243889729e-05 105.5
1056 3.080215041480181e-05 105.6
1057 3.079876666148769e-05 105.7
1058 3.080105914688753e-05 105.8
1059 3.079769256791327e-05 105.9
1060 3.079982675436681e-05 106
1061 3.07965813660032e-05 106.1
1062 3.07986569467289e-05 106.2
1063 3.079546537847165e-05 106.3
1064 3.079750048858165e-05 106.4
1065 3.079434572322659e-05 106.5
1066 3.079629636374446e-05 106.6
1067 3.079325278481727e-05 106.7
1068 3.079522999082457e-05 106.8
1069 3.079217985297813e-05 106.9
1070 3.079411342180557e-05 107
1071 3.079109447046209e-05 107.1
1072 3.079297507330279e-05 107.2
1073 3.079006644695871e-05 107.3
1074 3.079187518486365e-05 107.4
1075 3.078898124244939e-05 107.5
1076 3.07907742716985e-05 107.6
1077 3.078790115465992e-05 107.7
1078 3.078967623756996e-05 107.8
1079 3.078681641736781e-05 107.9
1080 3.078857377487272e-05 108
1081 3.078574245408275e-05 108.1
1082 3.078751851382797e-05 108.2
1083 3.078468787549629e-05 108.3
1084 3.078647805956292e-05 108.4
1085 3.078364682130192e-05 108.5
1086 3.078549386542921e-05 108.6
1087 3.078262983128036e-05 108.7
1088 3.078446552257257e-05 108.8
1089 3.078159068335649e-05 108.9
1090 3.07834595397336e-05 109
1091 3.078060108030811e-05 109.1
1092 3.078241864760192e-05 109.2
1093 3.077960663615034e-05 109.3
1094 3.07813887691848e-05 109.4
1095 3.077859170166781e-05 109.5
1096 3.07803845270515e-05 109.6
1097 3.077759785991494e-05 109.7
1098 3.077937487102539e-05 109.8
1099 3.077660734341537e-05 109.9
1100 3.077838468190163e-05 110
1101 3.077564386121851e-05 110.1
1102 3.077742287875231e-05 110.2
1103 3.077468500653557e-05 110.3
1104 3.07764690084544e-05 110.4
1105 3.077374532918688e-05 110.5
1106 3.077549672449685e-05 110.6
1107 3.077278473046522e-05 110.7
1108 3.077463270843655e-05 110.8
1109 3.077179930345169e-05 110.9
1110 3.077362839085262e-05 111
1111 3.077084334263141e-05 111.1
1112 3.077267897753358e-05 111.2
1113 3.076991303477381e-05 111.3
1114 3.077173454441715e-05 111.4
1115 3.07689790509762e-05 111.5
1116 3.077083898685533e-05 111.6
1117 3.076807843048913e-05 111.7
1118 3.076990608900681e-05 111.8
1119 3.076713970497731e-05 111.9
1120 3.076917448915655e-05 112
1121 3.076616096585397e-05 112.1
1122 3.076843053512949e-05 112.2
1123 3.076520605199083e-05 112.3
1124 3.076727063939787e-05 112.4
1125 3.076432315051761e-05 112.5
1126 3.076644656789434e-05 112.6
1127 3.07634237568293e-05 112.7
1128 3.076566169115432e-05 112.8
1129 3.076248223316177e-05 112.9
1130 3.07644874437901e-05 113
1131 3.076171811587044e-05 113.1
1132 3.076364485656764e-05 113.2
1133 3.076080581775024e-05 113.3
1134 3.076287483558959e-05 113.4
1135 3.075995917455919e-05 113.5
1136 3.076178228432677e-05 113.6
1137 3.075896069850232e-05 113.7
1138 3.076105380572716e-05 113.8
1139 3.07581854521065e-05 113.9
1140 3.076012646499225e-05 114
1141 3.07572766518418e-05 114.1
1142 3.075931396271597e-05 114.2
1143 3.075643817679653e-05 114.3
1144 3.075847857952823e-05 114.4
1145 3.075560651328296e-05 114.5
1146 3.07576633758904e-05 114.6
1147 3.075479092182747e-05 114.7
1148 3.075685569876396e-05 114.8
1149 3.075398017282116e-05 114.9
1150 3.075603904718102e-05 115
1151 3.075316261285792e-05 115.1
1152 3.075522131584584e-05 115.2
1153 3.075234353337096e-05 115.3
1154 3.075439719561801e-05 115.4
1155 3.075167136128798e-05 115.5
1156 3.075346393668987e-05 115.6
1157 3.075091932004072e-05 115.7
1158 3.075258012908136e-05 115.8
1159 3.075000412842496e-05 115.9
1160 3.075193903620091e-05 116
1161 3.074926758263055e-05 116.1
1162 3.075117878896927e-05 116.2
1163 3.074849491015986e-05 116.3
1164 3.075040451520328e-05 116.4
1165 3.074771630130681e-05 116.5
1166 3.0749644391516e-05 116.6
1167 3.07469565730089e-05 116.7
1168 3.074887398449395e-05 116.8
1169 3.074617092927083e-05 116.9
1170 3.074814233405703e-05 117
1171 3.074544215461004e-05 117.1
1172 3.074737004165244e-05 117.2
1173 3.07447667780542e-05 117.3
1174 3.074666519093241e-05 117.4
1175 3.074398599087819e-05 117.5
1176 3.074594321509244e-05 117.6
1177 3.074325879321709e-05 117.7
1178 3.074522072109996e-05 117.8
1179 3.07425381915522e-05 117.9
1180 3.074449589056998e-05 118
1181 3.074182112703838e-05 118.1
1182 3.074376422370059e-05 118.2
1183 3.074111906296729e-05 118.3
1184 3.074304178047379e-05 118.4
1185 3.074048222592716e-05 118.5
1186 3.07422394613547e-05 118.6
1187 3.073967051319086e-05 118.7
1188 3.074162567377688e-05 118.8
1189 3.073896781317813e-05 118.9
1190 3.074100265940605e-05 119
1191 3.07382700005643e-05 119.1
1192 3.074027696056941e-05 119.2
1193 3.073751195726421e-05 119.3
1194 3.073964310752869e-05 119.4
1195 3.073693626149787e-05 119.5
1196 3.073888174314034e-05 119.6
1197 3.073618592008536e-05 119.7
1198 3.073821883915218e-05 119.8
1199 3.073557186571857e-05 119.9
1200 3.073750621175802e-05 120
1201 3.073479702421225e-05 120.1
1202 3.073694004657624e-05 120.2
1203 3.073415585935858e-05 120.3
1204 3.07362864886023e-05 120.4
1205 3.073355198625257e-05 120.5
1206 3.073553381473089e-05 120.6
1207 3.073291166657662e-05 120.7
1208 3.073479048140875e-05 120.8
1209 3.073217186486379e-05 120.9
1210 3.073419137605374e-05 121
1211 3.073152592668329e-05 121.1
1212 3.073354955335923e-05 121.2
1213 3.073085566376732e-05 121.3
1214 3.07329185018593e-05 121.4
1215 3.073022825800129e-05 121.5
1216 3.073228941446504e-05 121.6
1217 3.072959179593734e-05 121.7
1218 3.073166013988828e-05 121.8
1219 3.072898380989889e-05 121.9
1220 3.073101490132954e-05 122
1221 3.07284197362364e-05 122.1
1222 3.073034238093269e-05 122.2
1223 3.072773032610416e-05 122.3
1224 3.072981047419061e-05 122.4
1225 3.072718273688261e-05 122.5
1226 3.072916488759422e-05 122.6
1227 3.072653942935332e-05 122.7
1228 3.072859253103113e-05 122.8
1229 3.072594811310289e-05 122.9
1230 3.07280056133596e-05 123
1231 3.072542063004606e-05 123.1
1232 3.0727349699952e-05 123.2
1233 3.072490059388741e-05 123.3
1234 3.072688228419671e-05 123.4
1235 3.072442585211456e-05 123.5
1236 3.072629774059469e-05 123.6
1237 3.072366762576295e-05 123.7
1238 3.072588843281809e-05 123.8
1239 3.072316325716106e-05 123.9
1240 3.072527797319285e-05 124
1241 3.07226776306165e-05 124.1
1242 3.072457383528018e-05 124.2
1243 3.07221560716687e-05 124.3
1244 3.072413512027253e-05 124.4
1245 3.072159656325231e-05 124.5
1246 3.072358429772778e-05 124.6
1247 3.072100687800469e-05 124.7
1248 3.072313651452051e-05 124.8
1249 3.072053792985904e-05 124.9
1250 3.07225403919125e-05 125
1251 3.072006004200938e-05 125.1
1252 3.072200512082083e-05 125.2
1253 3.071951984515388e-05 125.3
1254 3.072153894896714e-05 125.4
1255 3.071910228082848e-05 125.5
1256 3.07210054472361e-05 125.6
1257 3.071858752769261e-05 125.7
1258 3.072053943236228e-05 125.8
1259 3.071819965816812e-05 125.9
1260 3.072014808817733e-05 126
1261 3.071773431712768e-05 126.1
1262 3.071961096258133e-05 126.2
1263 3.071733436695707e-05 126.3
1264 3.071910529857247e-05 126.4
1265 3.071676429605911e-05 126.5
1266 3.071878938869346e-05 126.6
1267 3.071623241240595e-05 126.7
1268 3.071828937303973e-05 126.8
1269 3.071592796796234e-05 126.9
1270 3.071773964221362e-05 127
1271 3.071534569320415e-05 127.1
1272 3.071735942668546e-05 127.2
1273 3.071495861829006e-05 127.3
1274 3.071689529315237e-05 127.4
1275 3.071459389748201e-05 127.5
1276 3.071640952359227e-05 127.6
1277 3.071409306809735e-05 127.7
1278 3.071606496611654e-05 127.8
1279 3.071384873748612e-05 127.9
1280 3.071562410606635e-05 128
1281 3.071345665430378e-05 128.1
1282 3.071519264357987e-05 128.2
1283 3.071295115798229e-05 128.3
1284 3.071500202190713e-05 128.4
1285 3.071279478672463e-05 128.5
1286 3.071452990807799e-05 128.6
1287 3.071241106478043e-05 128.7
1288 3.071421786851775e-05 128.8
1289 3.071210069119584e-05 128.9
1290 3.071386107232765e-05 129
1291 3.071175741002986e-05 129.1
1292 3.071345980621529e-05 129.2
1293 3.071298875117397e-05 129.3
1294 3.071273255229093e-05 129.4
1295 3.071259731337677e-05 129.5
1296 3.071238995888101e-05 129.6
1297 3.071214698807994e-05 129.7
1298 3.071188069362623e-05 129.8
1299 3.071175917149878e-05 129.9
1300 3.071150719956093e-05 130
1301 3.071138050115794e-05 130.1
1302 3.071115519567424e-05 130.2
1303 3.071102643559157e-05 130.3
1304 3.071082263715855e-05 130.4
1305 3.071069462882167e-05 130.5
1306 3.071057023582171e-05 130.6
1307 3.071034082726727e-05 130.7
1308 3.071013783332782e-05 130.8
1309 3.071013188757876e-05 130.9
1310 3.070993531119807e-05 131
1311 3.07097812177241e-05 131.1
1312 3.07095269031772e-05 131.2
1313 3.070938970477518e-05 131.3
1314 3.070933578857919e-05 131.4
1315 3.070919956478769e-05 131.5
1316 3.070907017829984e-05 131.6
1317 3.070891418517206e-05 131.7
1318 3.070883432372057e-05 131.8
1319 3.070872729526437e-05 131.9
1320 3.070861304973223e-05 132
1321 3.070849047416332e-05 132.1
1322 3.070837929478206e-05 132.2
1323 3.070832077899491e-05 132.3
1324 3.070817321172702e-05 132.4
1325 3.070807214053347e-05 132.5
1326 3.070797758793776e-05 132.6
1327 3.070788265697983e-05 132.7
1328 3.070780271524067e-05 132.8
1329 3.070774879819963e-05 132.9
1330 3.070762993517439e-05 133
1331 3.070755778135807e-05 133.1
1332 3.070744031345391e-05 133.2
1333 3.070735761551064e-05 133.3
1334 3.070727236314491e-05 133.4
1335 3.070719446162049e-05 133.5
1336 3.07070919582724e-05 133.6
1337 3.07069534214126e-05 133.7
1338 3.070692863465113e-05 133.8
1339 3.070687257602072e-05 133.9
1340 3.070681511496045e-05 134
1341 3.070676260334947e-05 134.1
1342 3.070671285622656e-05 134.2
1343 3.070670857871446e-05 134.3
1344 3.070662112731385e-05 134.4
1345 3.070657475041675e-05 134.5
1346 3.070651673407998e-05 134.6
1347 3.070646245208214e-05 134.7
1348 3.070641308249719e-05 134.8
1349 3.070636531812512e-05 134.9
1350 3.070631178021904e-05 135
1351 3.070629746724428e-05 135.1
1352 3.070627013224405e-05 135.2
1353 3.070623479092479e-05 135.3
1354 3.07062170743962e-05 135.4
1355 3.070620172991871e-05 135.5
1356 3.070618777434154e-05 135.6
1357 3.070615923274431e-05 135.7
1358 3.070611466380668e-05 135.8
1359 3.070608321800961e-05 135.9
1360 3.070603948631474e-05 136
1361 3.070598247048863e-05 136.1
1362 3.070600230873161e-05 136.2
1363 3.070597974837476e-05 136.3
1364 3.070601630882396e-05 136.4
1365 3.070593830131632e-05 136.5
1366 3.070595699689527e-05 136.6
1367 3.070595785438233e-05 136.7
1368 3.070590942777827e-05 136.8
1369 3.070606859679112e-05 136.9
1370 3.070586699745784e-05 137
1371 3.070606594853286e-05 137.1
1372 3.070588731841018e-05 137.2
1373 3.07060824415326e-05 137.3
1374 3.07059102111432e-05 137.4
1375 3.070611808375278e-05 137.5
1376 3.070596593222858e-05 137.6
1377 3.070617272761163e-05 137.7
1378 3.070602449600448e-05 137.8
1379 3.070622505086387e-05 137.9
1380 3.070609098441037e-05 138
1381 3.070625506900328e-05 138.1
1382 3.070615227479019e-05 138.2
1383 3.070621673771272e-05 138.3
1384 3.070622276065714e-05 138.4
1385 3.070628536735786e-05 138.5
1386 3.0706312176111e-05 138.6
1387 3.070630536430472e-05 138.7
1388 3.070639404210094e-05 138.8
1389 3.070642663683534e-05 138.9
1390 3.070647689507397e-05 139
1391 3.070652291309104e-05 139.1
1392 3.070656844533527e-05 139.2
1393 3.07066262183637e-05 139.3
1394 3.070676738008865e-05 139.4
1395 3.070674826168607e-05 139.5
1396 3.070682917554906e-05 139.6
1397 3.070687351384126e-05 139.7
1398 3.070691576238181e-05 139.8
1399 3.070698384332574e-05 139.9
1400 3.070701858318261e-05 140
1401 3.070705925794201e-05 140.1
1402 3.07071187195096e-05 140.2
1403 3.0707183732925e-05 140.3
1404 3.07072173265823e-05 140.4
1405 3.070726356773122e-05 140.5
1406 3.070733506780771e-05 140.6
1407 3.070740042057387e-05 140.7
1408 3.070745101242439e-05 140.8
1409 3.070749354103934e-05 140.9
1410 3.070756003761947e-05 141
1411 3.070768405895072e-05 141.1
1412 3.070773109970443e-05 141.2
1413 3.070783961297904e-05 141.3
1414 3.070788098252415e-05 141.4
1415 3.070794600071596e-05 141.5
1416 3.070807915495262e-05 141.6
1417 3.070809167420747e-05 141.7
1418 3.07081660654723e-05 141.8
1419 3.070829334472991e-05 141.9
1420 3.070839684786196e-05 142
1421 3.070842129886817e-05 142.1
1422 3.070848146363849e-05 142.2
1423 3.070864551791162e-05 142.3
1424 3.07086707805412e-05 142.4
1425 3.070875907130287e-05 142.5
1426 3.070881235775256e-05 142.6
1427 3.070893170568127e-05 142.7
1428 3.070905011395339e-05 142.8
1429 3.070911116080176e-05 142.9
1430 3.070914918522301e-05 143
1431 3.070919576732864e-05 143.1
1432 3.070933953107365e-05 143.2
1433 3.07093456097135e-05 143.3
1434 3.070950355703034e-05 143.4
1435 3.070961144563603e-05 143.5
1436 3.070963623280633e-05 143.6
1437 3.070976400957812e-05 143.7
1438 3.070984995928805e-05 143.8
1439 3.070992061305855e-05 143.9
1440 3.07100337208884e-05 144
1441 3.071012209288005e-05 144.1
1442 3.071026037158101e-05 144.2
1443 3.071038357692266e-05 144.3
1444 3.071052050644088e-05 144.4
1445 3.071062452153005e-05 144.5
1446 3.071071741455378e-05 144.6
1447 3.071083661699257e-05 144.7
1448 3.071095633796492e-05 144.8
1449 3.071106887663359e-05 144.9
1450 3.071116931668194e-05 145
1451 3.071131311814885e-05 145.1
1452 3.07113642345915e-05 145.2
1453 3.071149808803352e-05 145.3
1454 3.071162637020814e-05 145.4
1455 3.071177901490055e-05 145.5
1456 3.071195950980275e-05 145.6
1457 3.071211336072119e-05 145.7
1458 3.07122705486235e-05 145.8
1459 3.071229830663561e-05 145.9
1460 3.071256248241781e-05 146
1461 3.071273802616067e-05 146.1
1462 3.071289939403295e-05 146.2
1463 3.071305564088197e-05 146.3
1464 3.071321441798635e-05 146.4
1465 3.071338037645526e-05 146.5
1466 3.071354941991361e-05 146.6
1467 3.071373003649452e-05 146.7
1468 3.071391589060299e-05 146.8
1469 3.071408541378174e-05 146.9
1470 3.071427409253683e-05 147
1471 3.071445864514317e-05 147.1
1472 3.071467185010571e-05 147.2
1473 3.071483502425497e-05 147.3
1474 3.071501055100586e-05 147.4
1475 3.07152216663122e-05 147.5
1476 3.071540637958142e-05 147.6
1477 3.071568691675075e-05 147.7
1478 3.071575727148994e-05 147.8
1479 3.071600685981395e-05 147.9
1480 3.071625379060836e-05 148
1481 3.071649942359729e-05 148.1
1482 3.071667834526948e-05 148.2
1483 3.071695555686902e-05 148.3
1484 3.071717576534515e-05 148.4
1485 3.071742617009097e-05 148.5
1486 3.071770313640028e-05 148.6
1487 3.071791866008632e-05 148.7
1488 3.071815144013376e-05 148.8
1489 3.071838261599385e-05 148.9
1490 3.071872233518915e-05 149
1491 3.071898445441652e-05 149.1
1492 3.071925662264064e-05 149.2
1493 3.071956373902827e-05 149.3
1494 3.071981347845367e-05 149.4
1495 3.072011764446048e-05 149.5
1496 3.072037738148831e-05 149.6
1497 3.072076804878512e-05 149.7
1498 3.072095731096232e-05 149.8
1499 3.072122708916389e-05 149.9
1500 3.07214836459702e-05 150
1501 3.072185750057737e-05 150.1
1502 3.07221962458508e-05 150.2
1503 3.072252189774172e-05 150.3
1504 3.072287130627514e-05 150.4
1505 3.072323089329442e-05 150.5
1506 3.072358202346908e-05 150.6
1507 3.072388743397204e-05 150.7
1508 3.072419482584372e-05 150.8
1509 3.072453792498353e-05 150.9
1510 3.072489889700944e-05 151
1511 3.072523451067319e-05 151.1
1512 3.072556781592622e-05 151.2
1513 3.072593127621242e-05 151.3
1514 3.072629529460147e-05 151.4
1515 3.072670748029995e-05 151.5
1516 3.072706939442179e-05 151.6
1517 3.072742534637344e-05 151.7
1518 3.072783182478365e-05 151.8
1519 3.072822789352314e-05 151.9
1520 3.072858687405812e-05 152
1521 3.072898357652266e-05 152.1
1522 3.07293870055392e-05 152.2
1523 3.072981414929822e-05 152.3
1524 3.0730257822679e-05 152.4
1525 3.073071327109335e-05 152.5
1526 3.073115237070639e-05 152.6
1527 3.073154918216461e-05 152.7
1528 3.073191632834815e-05 152.8
1529 3.073233027912466e-05 152.9
1530 3.073273298692771e-05 153
1531 3.073313224746811e-05 153.1
1532 3.073360868964746e-05 153.2
1533 3.073399297002317e-05 153.3
1534 3.073445766095472e-05 153.4
1535 3.073490469617029e-05 153.5
1536 3.073535671470282e-05 153.6
1537 3.073583616471818e-05 153.7
1538 3.073634570366673e-05 153.8
1539 3.073680646198318e-05 153.9
1540 3.073728398348691e-05 154
1541 3.073776444234631e-05 154.1
1542 3.07382403032733e-05 154.2
1543 3.073876168865069e-05 154.3
1544 3.073927079424761e-05 154.4
1545 3.073978989837069e-05 154.5
1546 3.074026220401102e-05 154.6
1547 3.074071636620223e-05 154.7
1548 3.074123524623753e-05 154.8
1549 3.074178442322824e-05 154.9
1550 3.074227705252322e-05 155
1551 3.074283398375578e-05 155.1
1552 3.07432870822484e-05 155.2
1553 3.074387634726665e-05 155.3
1554 3.07443353918909e-05 155.4
1555 3.074490137903783e-05 155.5
1556 3.074546122586816e-05 155.6
1557 3.074601295368629e-05 155.7
1558 3.074651605693152e-05 155.8
1559 3.074718003792946e-05 155.9
1560 3.074757025990894e-05 156
1561 3.074829996883284e-05 156.1
1562 3.074876418036523e-05 156.2
1563 3.074942700476197e-05 156.3
1564 3.074997122720017e-05 156.4
1565 3.07505912827202e-05 156.5
1566 3.075116789890278e-05 156.6
1567 3.075187111152621e-05 156.7
1568 3.07523417046359e-05 156.8
1569 3.075298090416878e-05 156.9
1570 3.07534812845579e-05 157
1571 3.075411061388461e-05 157.1
1572 3.075472666758981e-05 157.2
1573 3.075530991737094e-05 157.3
1574 3.075593271290793e-05 157.4
1575 3.075657664386927e-05 157.5
1576 3.075724659635616e-05 157.6
1577 3.075785010641483e-05 157.7
1578 3.075848295389542e-05 157.8
1579 3.07590691631159e-05 157.9
1580 3.075968612722694e-05 158
1581 3.076032247111944e-05 158.1
1582 3.076091271303776e-05 158.2
1583 3.076155317475543e-05 158.3
1584 3.076205551741282e-05 158.4
1585 3.076287631987722e-05 158.5
1586 3.076349329233002e-05 158.6
1587 3.076414652780347e-05 158.7
1588 3.076482866044754e-05 158.8
1589 3.076550064045327e-05 158.9
1590 3.076613790607996e-05 159
1591 3.076685159869307e-05 159.1
1592 3.076763108566202e-05 159.2
1593 3.076808526182485e-05 159.3
1594 3.07687301404634e-05 159.4
1595 3.07693738025881e-05 159.5
1596 3.07701865395217e-05 159.6
1597 3.07708918333356e-05 159.7
1598 3.077139340386092e-05 159.8
1599 3.07722184369242e-05 159.9
1600 3.07729177166764e-05 160
1601 3.077357958525641e-05 160.1
1602 3.077426142474891e-05 160.2
1603 3.077500320424656e-05 160.3
1604 3.077554655720606e-05 160.4
1605 3.077630545882758e-05 160.5
1606 3.077674381388087e-05 160.6
1607 3.07776298445192e-05 160.7
1608 3.077831799000262e-05 160.8
1609 3.077899430866407e-05 160.9
1610 3.077967832658078e-05 161
1611 3.078054554722747e-05 161.1
1612 3.078111314745668e-05 161.2
1613 3.078161916446132e-05 161.3
1614 3.078247439318488e-05 161.4
1615 3.078319484325819e-05 161.5
1616 3.07841303618867e-05 161.6
1617 3.078440776486142e-05 161.7
1618 3.078520446827261e-05 161.8
1619 3.078578499400848e-05 161.9
1620 3.078676152118624e-05 162
1621 3.078721041135861e-05 162.1
1622 3.078790616573008e-05 162.2
1623 3.078862407437398e-05 162.3
1624 3.078942267743131e-05 162.4
1625 3.079008588496592e-05 162.5
1626 3.079076767824308e-05 162.6
1627 3.079156291781023e-05 162.7
1628 3.079220091933446e-05 162.8
1629 3.079293291136951e-05 162.9
1630 3.079367310390244e-05 163
1631 3.079430225092288e-05 163.1
1632 3.079487821621617e-05 163.2
1633 3.079561508861174e-05 163.3
1634 3.079632591671664e-05 163.4
1635 3.079700417465914e-05 163.5
1636 3.07978015673306e-05 163.6
1637 3.079837885643116e-05 163.7
1638 3.079919216280158e-05 163.8
1639 3.079993665739858e-05 163.9
1640 3.080073509846661e-05 164
1641 3.080160406907114e-05 164.1
1642 3.080209375329591e-05 164.2
1643 3.080281126907987e-05 164.3
1644 3.080360149909806e-05 164.4
1645 3.080448317992137e-05 164.5
1646 3.080524935851759e-05 164.6
1647 3.080613417739856e-05 164.7
1648 3.080670272934971e-05 164.8
1649 3.08075417326395e-05 164.9
1650 3.080844200469773e-05 165
1651 3.08091785056508e-05 165.1
1652 3.080984760396857e-05 165.2
1653 3.081061620787449e-05 165.3
1654 3.081138190166469e-05 165.4
1655 3.081215274349211e-05 165.5
1656 3.081302713968642e-05 165.6
1657 3.081376775852146e-05 165.7
1658 3.0814561148533e-05 165.8
1659 3.081526416554063e-05 165.9
1660 3.081622373300995e-05 166
1661 3.081696577482378e-05 166.1
1662 3.081770045374749e-05 166.2
1663 3.081853953807146e-05 166.3
1664 3.081950049830442e-05 166.4
1665 3.082022109679545e-05 166.5
1666 3.08209913573793e-05 166.6
1667 3.082187709676243e-05 166.7
1668 3.082264581010718e-05 166.8
1669 3.082343465210682e-05 166.9
1670 3.082431896458301e-05 167
1671 3.082505531235504e-05 167.1
1672 3.082602549838445e-05 167.2
1673 3.082682050813156e-05 167.3
1674 3.082764762399806e-05 167.4
1675 3.082852204989661e-05 167.5
1676 3.082945449749896e-05 167.6
1677 3.083031707728569e-05 167.7
1678 3.083123670585272e-05 167.8
1679 3.083216733579211e-05 167.9
1680 3.08329242846092e-05 168
1681 3.083396082032542e-05 168.1
1682 3.083487812398592e-05 168.2
1683 3.083601335753093e-05 168.3
1684 3.083685881103354e-05 168.4
1685 3.083767017702243e-05 168.5
1686 3.083862567898546e-05 168.6
1687 3.083968870784883e-05 168.7
1688 3.08405926499389e-05 168.8
1689 3.084148751705682e-05 168.9
1690 3.084245403691686e-05 169
1691 3.084354513452134e-05 169.1
1692 3.084448348476845e-05 169.2
1693 3.084549162600746e-05 169.3
1694 3.084653481484354e-05 169.4
1695 3.084757518221482e-05 169.5
1696 3.084863408579291e-05 169.6
1697 3.084953972585583e-05 169.7
1698 3.085056271793275e-05 169.8
1699 3.085168336138758e-05 169.9
1700 3.085306516954617e-05 170
1701 3.085398805841133e-05 170.1
1702 3.08547843326579e-05 170.2
1703 3.085578678185066e-05 170.3
1704 3.085696328807891e-05 170.4
1705 3.085820980583776e-05 170.5
1706 3.085905182839279e-05 170.6
1707 3.086019127514518e-05 170.7
1708 3.086127444826533e-05 170.8
1709 3.086244630549272e-05 170.9
1710 3.0863426933874e-05 171
1711 3.086455152302503e-05 171.1
1712 3.086557503417951e-05 171.2
1713 3.08666826025466e-05 171.3
1714 3.086773096847176e-05 171.4
1715 3.086901798109224e-05 171.5
1716 3.086995146943231e-05 171.6
1717 3.087118871830155e-05 171.7
1718 3.087243456553485e-05 171.8
1719 3.087354905980854e-05 171.9
1720 3.087461954203858e-05 172
1721 3.08757819160653e-05 172.1
1722 3.087699497504477e-05 172.2
1723 3.087823400069091e-05 172.3
1724 3.087947796219225e-05 172.4
1725 3.088076161186149e-05 172.5
1726 3.088201454061947e-05 172.6
1727 3.088315071894294e-05 172.7
1728 3.088441725493075e-05 172.8
1729 3.088587008299202e-05 172.9
1730 3.088694453088316e-05 173
1731 3.088832561811181e-05 173.1
1732 3.088963467229838e-05 173.2
1733 3.089080698193072e-05 173.3
1734 3.089228160958832e-05 173.4
1735 3.089363741678995e-05 173.5
1736 3.089493498432795e-05 173.6
1737 3.089624508971028e-05 173.7
1738 3.08975885914674e-05 173.8
1739 3.089901136648222e-05 173.9
1740 3.090041116306659e-05 174
1741 3.090169900216849e-05 174.1
1742 3.090308666602998e-05 174.2
1743 3.090445942321037e-05 174.3
1744 3.090581599931554e-05 174.4
1745 3.090720428155485e-05 174.5
1746 3.090850838821986e-05 174.6
1747 3.090987237235275e-05 174.7
1748 3.091126660814216e-05 174.8
1749 3.091266999026404e-05 174.9
1750 3.091379853450841e-05 175
1751 3.091532678078558e-05 175.1
1752 3.091675605212557e-05 175.2
1753 3.091817323289318e-05 175.3
1754 3.091973585443767e-05 175.4
1755 3.092099581919747e-05 175.5
1756 3.092255737965721e-05 175.6
1757 3.092398816198203e-05 175.7
1758 3.092530316226726e-05 175.8
1759 3.092688269609508e-05 175.9
1760 3.092831987854094e-05 176
1761 3.092979383725614e-05 176.1
1762 3.093125411475612e-05 176.2
1763 3.093266353180218e-05 176.3
1764 3.093407331654798e-05 176.4
1765 3.09355399448374e-05 176.5
1766 3.093707782858716e-05 176.6
1767 3.093853472365093e-05 176.7
1768 3.093993416057475e-05 176.8
1769 3.094139348144171e-05 176.9
1770 3.094288397994325e-05 177
1771 3.094443010929113e-05 177.1
1772 3.094613518966198e-05 177.2
1773 3.09476323577291e-05 177.3
1774 3.094919967112582e-05 177.4
1775 3.095074840540887e-05 177.5
1776 3.095230203662358e-05 177.6
1777 3.095387660987028e-05 177.7
1778 3.095548506696585e-05 177.8
1779 3.095709413744317e-05 177.9
1780 3.09587755599693e-05 178
1781 3.096027700346083e-05 178.1
1782 3.096176926470703e-05 178.2
1783 3.096344839045409e-05 178.3
1784 3.096508349984193e-05 178.4
1785 3.096640693468546e-05 178.5
1786 3.096820520076489e-05 178.6
1787 3.096976050241469e-05 178.7
1788 3.097135365694056e-05 178.8
1789 3.097286695712779e-05 178.9
1790 3.097436073957567e-05 179
1791 3.09759736277543e-05 179.1
1792 3.097772914244077e-05 179.2
1793 3.097935931396832e-05 179.3
1794 3.098098442462995e-05 179.4
1795 3.098259076617287e-05 179.5
1796 3.098423245050816e-05 179.6
1797 3.098588965701406e-05 179.7
1798 3.098774109175213e-05 179.8
1799 3.098916644530488e-05 179.9
1800 3.099076677650821e-05 180
1801 3.099224052482185e-05 180.1
1802 3.099390752439595e-05 180.2
1803 3.099586627660432e-05 180.3
1804 3.099715497792301e-05 180.4
1805 3.099856862384184e-05 180.5
1806 3.100059332676005e-05 180.6
1807 3.10019126590442e-05 180.7
1808 3.100340518883064e-05 180.8
1809 3.100495137583476e-05 180.9
1810 3.100645280727988e-05 181
1811 3.100820979176279e-05 181.1
1812 3.100973481877342e-05 181.2
1813 3.101102896707409e-05 181.3
1814 3.101269315947467e-05 181.4
1815 3.101394872643833e-05 181.5
1816 3.101577230047576e-05 181.6
1817 3.101732430440999e-05 181.7
1818 3.101898736156487e-05 181.8
1819 3.102030168670183e-05 181.9
1820 3.10216668590247e-05 182
1821 3.10233238007634e-05 182.1
1822 3.102490894704135e-05 182.2
1823 3.102646420395872e-05 182.3
1824 3.10280770520615e-05 182.4
1825 3.102937641753645e-05 182.5
1826 3.103116239147237e-05 182.6
1827 3.10326651069514e-05 182.7
1828 3.103422381697242e-05 182.8
1829 3.103623356630354e-05 182.9
1830 3.10374685292153e-05 183
1831 3.103871596616266e-05 183.1
1832 3.104086444076117e-05 183.2
1833 3.104227905659542e-05 183.3
1834 3.104367466714636e-05 183.4
1835 3.104505112250359e-05 183.5
1836 3.104697234353455e-05 183.6
1837 3.104868355197162e-05 183.7
1838 3.105010626899271e-05 183.8
1839 3.105125830048092e-05 183.9
1840 3.105318772566118e-05 184
1841 3.105506504349814e-05 184.1
1842 3.105647415937535e-05 184.2
1843 3.105776607242864e-05 184.3
1844 3.105933170286312e-05 184.4
1845 3.10608898076443e-05 184.5
1846 3.10624904317232e-05 184.6
1847 3.10641230316837e-05 184.7
1848 3.106535904911987e-05 184.8
1849 3.10666235348998e-05 184.9
1850 3.106831465366302e-05 185
1851 3.106998213262365e-05 185.1
1852 3.107147032206751e-05 185.2
1853 3.107293817597642e-05 185.3
1854 3.107444594836744e-05 185.4
1855 3.107597855911859e-05 185.5
1856 3.107742685844666e-05 185.6
1857 3.107901757536105e-05 185.7
1858 3.108061882160256e-05 185.8
1859 3.108214314295371e-05 185.9
1860 3.108375249087671e-05 186
1861 3.10851419624425e-05 186.1
1862 3.108697177733686e-05 186.2
1863 3.108843745924375e-05 186.3
1864 3.108999847656902e-05 186.4
1865 3.109159527953965e-05 186.5
1866 3.109315100833346e-05 186.6
1867 3.109478166920823e-05 186.7
1868 3.109644227505634e-05 186.8
1869 3.109774635913176e-05 186.9
1870 3.109950449610268e-05 187
1871 3.110112194950593e-05 187.1
1872 3.110272045561993e-05 187.2
1873 3.11043998955752e-05 187.3
1874 3.110605388693366e-05 187.4
1875 3.110767034960413e-05 187.5
1876 3.110925609857771e-05 187.6
1877 3.111083334929305e-05 187.7
1878 3.111246773866398e-05 187.8
1879 3.111401453131069e-05 187.9
1880 3.11157272079649e-05 188
1881 3.11172932118907e-05 188.1
1882 3.111869055846521e-05 188.2
1883 3.112055477756367e-05 188.3
1884 3.112214557552095e-05 188.4
1885 3.112379855687216e-05 188.5
1886 3.112548860834616e-05 188.6
1887 3.112725476710831e-05 188.7
1888 3.112902133593895e-05 188.8
1889 3.113073176235082e-05 188.9
1890 3.113256261082962e-05 189
1891 3.113416506592218e-05 189.1
1892 3.113596683048926e-05 189.2
1893 3.113781847698e-05 189.3
1894 3.113953216168002e-05 189.4
1895 3.114136025266768e-05 189.5
1896 3.114296202061703e-05 189.6
1897 3.114481314226214e-05 189.7
1898 3.114625995623119e-05 189.8
1899 3.114816179532393e-05 189.9
1900 3.114990884764663e-05 190
1901 3.115177103840326e-05 190.1
1902 3.115365996382288e-05 190.2
1903 3.115550804121807e-05 190.3
1904 3.11575191435699e-05 190.4
1905 3.11594112472971e-05 190.5
1906 3.116144746475381e-05 190.6
1907 3.116342031619148e-05 190.7
1908 3.116525693410957e-05 190.8
1909 3.116725241947897e-05 190.9
1910 3.116916783559765e-05 191
1911 3.117115198267764e-05 191.1
1912 3.1172935874129e-05 191.2
1913 3.11750266339241e-05 191.3
1914 3.11768282559364e-05 191.4
1915 3.117875664455815e-05 191.5
1916 3.118071151772195e-05 191.6
1917 3.11826598619599e-05 191.7
1918 3.118469377676062e-05 191.8
1919 3.118689030595324e-05 191.9
1920 3.118872717352418e-05 192
1921 3.119098463586888e-05 192.1
1922 3.119298748424429e-05 192.2
1923 3.119506500512051e-05 192.3
1924 3.119715989037206e-05 192.4
1925 3.1199323782878e-05 192.5
1926 3.120153465513554e-05 192.6
1927 3.12035825013953e-05 192.7
1928 3.120582635846824e-05 192.8
1929 3.120802273087671e-05 192.9
1930 3.121032824995498e-05 193
1931 3.121250319009164e-05 193.1
1932 3.121479469839702e-05 193.2
1933 3.121693481974722e-05 193.3
1934 3.121909555135525e-05 193.4
1935 3.12213405827735e-05 193.5
1936 3.122351554960277e-05 193.6
1937 3.122568891153371e-05 193.7
1938 3.122802654746008e-05 193.8
1939 3.123026082264599e-05 193.9
1940 3.123251731891989e-05 194
1941 3.123479073247804e-05 194.1
1942 3.123714009532598e-05 194.2
1943 3.123947521819607e-05 194.3
1944 3.124173448478975e-05 194.4
1945 3.124399053341871e-05 194.5
1946 3.124617208277234e-05 194.6
1947 3.124817674366465e-05 194.7
1948 3.125064236430173e-05 194.8
1949 3.12531772697224e-05 194.9
1950 3.125513006329428e-05 195
1951 3.125760536169061e-05 195.1
1952 3.126015743395555e-05 195.2
1953 3.126219170267546e-05 195.3
1954 3.126455052122397e-05 195.4
1955 3.126694314626594e-05 195.5
1956 3.126929152833736e-05 195.6
1957 3.127168039348577e-05 195.7
1958 3.127407828683007e-05 195.8
1959 3.127643196419262e-05 195.9
1960 3.127890850426068e-05 196
1961 3.128123245029937e-05 196.1
1962 3.128367176182963e-05 196.2
1963 3.128607333030691e-05 196.3
1964 3.128856517675115e-05 196.4
1965 3.129098193407042e-05 196.5
1966 3.129352112777744e-05 196.6
1967 3.129597890790518e-05 196.7
1968 3.129839402627656e-05 196.8
1969 3.130081203620503e-05 196.9
1970 3.130332140605243e-05 197
1971 3.130571389177616e-05 197.1
1972 3.130823255934789e-05 197.2
1973 3.131078369501627e-05 197.3
1974 3.131330682767388e-05 197.4
1975 3.131619455751752e-05 197.5
1976 3.131774508662969e-05 197.6
1977 3.132062008679555e-05 197.7
1978 3.132303492180913e-05 197.8
1979 3.132553685986984e-05 197.9
1980 3.132797842020915e-05 198
1981 3.133044517751728e-05 198.1
1982 3.133285351499345e-05 198.2
1983 3.133538866925878e-05 198.3
1984 3.133758669705941e-05 198.4
1985 3.134013473132473e-05 198.5
1986 3.134204451944343e-05 198.6
1987 3.134493673971142e-05 198.7
1988 3.134739655414116e-05 198.8
1989 3.135012805415146e-05 198.9
1990 3.135242125500522e-05 199
1991 3.135492939038317e-05 199.1
1992 3.13574895383724e-05 199.2
1993 3.135996213542017e-05 199.3
1994 3.1362403224524e-05 199.4
1995 3.136469693595494e-05 199.5
1996 3.136720700531427e-05 199.6
1997 3.136953519446601e-05 199.7
1998 3.137194850321963e-05 199.8
1999 3.137447106045559e-05 199.9
2000 3.137678856431304e-05 200
