"drag_force-rfile"
"Time Step" "drag_force etc.."
("Time Step" "drag_force" "flow-time")
0 -1.009741958682895e-27 0
1 0.0005807574850078008 0.1
2 0.0002789544845952201 0.2
3 0.0001745580008183537 0.3
4 0.00012243767643625 0.4
5 9.238609010163861e-05 0.5
6 7.360695348274012e-05 0.6000000000000001
7 6.119156483963469e-05 0.7000000000000001
8 5.26065865241339e-05 0.8
9 4.646099405920983e-05 0.9
10 4.191135810645187e-05 1
11 3.844225717536458e-05 1.1
12 3.574839114948736e-05 1.2
13 3.359436564481978e-05 1.3
14 3.186140237677798e-05 1.4
15 3.042013390435178e-05 1.5
16 2.923154340746363e-05 1.6
17 2.824721951136245e-05 1.7
18 2.742756933841459e-05 1.8
19 2.673543405553762e-05 1.9
20 2.613400403816848e-05 2
21 2.560198577044144e-05 2.1
22 2.51463258225424e-05 2.2
23 2.473029744850212e-05 2.3
24 2.438014955685867e-05 2.4
25 2.406577823803738e-05 2.5
26 2.378777806570102e-05 2.6
27 2.352466046224434e-05 2.7
28 2.330410066913374e-05 2.8
29 2.309937759035164e-05 2.9
30 2.291859566269157e-05 3
31 2.275808143529307e-05 3.1
32 2.261339554360555e-05 3.2
33 2.249829303667605e-05 3.3
34 2.238836613562879e-05 3.4
35 2.228734039284679e-05 3.5
36 2.220456510590463e-05 3.6
37 2.213273518518328e-05 3.7
38 2.206576109092564e-05 3.8
39 2.199675062179222e-05 3.9
40 2.195388744928859e-05 4
41 2.191645969378205e-05 4.100000000000001
42 2.188217578943422e-05 4.2
43 2.185620899533965e-05 4.3
44 2.1831770358989e-05 4.4
45 2.181124622695131e-05 4.5
46 2.179324118384554e-05 4.600000000000001
47 2.177758449754449e-05 4.7
48 2.178033185063112e-05 4.800000000000001
49 2.178421795873775e-05 4.9
50 2.179001274553859e-05 5
51 2.179486275198024e-05 5.100000000000001
52 2.180111177507946e-05 5.2
53 2.180928659682791e-05 5.300000000000001
54 2.182183995528613e-05 5.4
55 2.183231623544299e-05 5.5
56 2.18432557047454e-05 5.600000000000001
57 2.185500604829347e-05 5.7
58 2.186974491505958e-05 5.800000000000001
59 2.18863890178595e-05 5.9
60 2.190324127033303e-05 6
61 2.19223779918889e-05 6.100000000000001
62 2.193404458423635e-05 6.2
63 2.196682130897748e-05 6.300000000000001
64 2.197551958274502e-05 6.4
65 2.1997480919664e-05 6.5
66 2.201922541900621e-05 6.600000000000001
67 2.204201533063634e-05 6.7
68 2.206032482476968e-05 6.800000000000001
69 2.20816054479808e-05 6.9
70 2.210371775149145e-05 7
71 2.212389640933383e-05 7.100000000000001
72 2.214956911655333e-05 7.2
73 2.216501619829008e-05 7.300000000000001
74 2.218828604845267e-05 7.4
75 2.220424747897198e-05 7.5
76 2.222856699759713e-05 7.600000000000001
77 2.224380563647718e-05 7.7
78 2.226372898898534e-05 7.800000000000001
79 2.228067516470165e-05 7.9
80 2.229650104661756e-05 8
81 2.231292527564722e-05 8.1
82 2.232911969227985e-05 8.200000000000001
83 2.234437708340947e-05 8.300000000000001
84 2.235957060861337e-05 8.4
85 2.237121951565112e-05 8.5
86 2.238034526322534e-05 8.6
87 2.238998730727628e-05 8.700000000000001
88 2.240164816049463e-05 8.800000000000001
89 2.240997371367809e-05 8.9
90 2.242458156160678e-05 9
91 2.24302427984189e-05 9.1
92 2.244260252676896e-05 9.200000000000001
93 2.245477450026732e-05 9.300000000000001
94 2.245819090187662e-05 9.4
95 2.246740965099328e-05 9.5
96 2.247481414617545e-05 9.600000000000001
97 2.248238650748796e-05 9.700000000000001
98 2.248537042494961e-05 9.800000000000001
99 2.248978250637509e-05 9.9
100 2.249230798842222e-05 10
101 2.249744761052134e-05 10.1
102 2.250146969501364e-05 10.2
103 2.249969565238075e-05 10.3
104 2.250303246862184e-05 10.4
105 2.25013311516729e-05 10.5
106 2.250198402297023e-05 10.6
107 2.250212419294853e-05 10.7
108 2.250116250309279e-05 10.8
109 2.249952166369415e-05 10.9
110 2.249602251299905e-05 11
111 2.249453402094357e-05 11.1
112 2.249230145296787e-05 11.2
113 2.248669558648854e-05 11.3
114 2.2481669386486e-05 11.4
115 2.247555762694587e-05 11.5
116 2.247135778657861e-05 11.6
117 2.246554758945377e-05 11.7
118 2.245975317431362e-05 11.8
119 2.245383454658035e-05 11.9
120 2.244751033146687e-05 12
121 2.244072045169428e-05 12.1
122 2.243360721692128e-05 12.2
123 2.242387730383942e-05 12.3
124 2.241481129724592e-05 12.4
125 2.240548386140804e-05 12.5
126 2.239531698178269e-05 12.6
127 2.238696055290063e-05 12.7
128 2.237721345894532e-05 12.8
129 2.236674873364823e-05 12.9
130 2.235623423393423e-05 13
131 2.234614307165496e-05 13.1
132 2.233676764992714e-05 13.2
133 2.232494813845705e-05 13.3
134 2.231516864762504e-05 13.4
135 2.230562652296127e-05 13.5
136 2.229456001583747e-05 13.6
137 2.228306373369797e-05 13.7
138 2.227112882398342e-05 13.8
139 2.226087354838892e-05 13.9
140 2.224937465788683e-05 14
141 2.22371585777555e-05 14.1
142 2.222522630055585e-05 14.2
143 2.221153934617172e-05 14.3
144 2.219886444905236e-05 14.4
145 2.218601948453613e-05 14.5
146 2.217318452374162e-05 14.6
147 2.216012486317769e-05 14.7
148 2.214592820010195e-05 14.8
149 2.213341057611424e-05 14.9
150 2.211951488441091e-05 15
151 2.210658027312643e-05 15.1
152 2.20917870100228e-05 15.2
153 2.207711128072775e-05 15.3
154 2.206474698676385e-05 15.4
155 2.205019529842235e-05 15.5
156 2.203565323810691e-05 15.6
157 2.202009101992986e-05 15.7
158 2.200734114127786e-05 15.8
159 2.199144380662098e-05 15.9
160 2.197805765777971e-05 16
161 2.196409062807063e-05 16.1
162 2.194901754458549e-05 16.2
163 2.193467486394821e-05 16.3
164 2.191985989521924e-05 16.4
165 2.190705168735613e-05 16.5
166 2.189177242905142e-05 16.6
167 2.187664010655391e-05 16.7
168 2.186291197006419e-05 16.8
169 2.184856385136315e-05 16.9
170 2.183415258760308e-05 17
171 2.182019222749618e-05 17.1
172 2.180502665790915e-05 17.2
173 2.179058143851457e-05 17.3
174 2.177606101080435e-05 17.4
175 2.176173011185794e-05 17.5
176 2.174744130591106e-05 17.6
177 2.173263003372623e-05 17.7
178 2.171957098450531e-05 17.8
179 2.170388156277384e-05 17.9
180 2.169023906164521e-05 18
181 2.167675467777513e-05 18.1
182 2.166149573646503e-05 18.2
183 2.164789171072082e-05 18.3
184 2.163393830896906e-05 18.4
185 2.161965855727066e-05 18.5
186 2.160555676210006e-05 18.6
187 2.159119416595848e-05 18.7
188 2.157737572959617e-05 18.8
189 2.156414011960063e-05 18.9
190 2.154891578027008e-05 19
191 2.153649528921992e-05 19.1
192 2.152196418613624e-05 19.2
193 2.150807987700865e-05 19.3
194 2.149428210884554e-05 19.4
195 2.148079072351989e-05 19.5
196 2.146734377349362e-05 19.6
197 2.145404489717147e-05 19.7
198 2.144076833353291e-05 19.8
199 2.142550707776626e-05 19.9
200 2.14155635321972e-05 20
201 2.139973508015003e-05 20.1
202 2.138966888272303e-05 20.2
203 2.137414029579063e-05 20.3
204 2.136445668926934e-05 20.4
205 2.134870447888475e-05 20.5
206 2.133840800364876e-05 20.6
207 2.132412392143585e-05 20.7
208 2.131187502830346e-05 20.8
209 2.129957693857901e-05 20.9
210 2.128736364089318e-05 21
211 2.127539246570338e-05 21.1
212 2.126202659249319e-05 21.2
213 2.125024632823764e-05 21.3
214 2.123793917885244e-05 21.4
215 2.122576955532904e-05 21.5
216 2.121433395136683e-05 21.6
217 2.120067465883415e-05 21.7
218 2.11898325461566e-05 21.8
219 2.117713256421593e-05 21.9
220 2.116526324687395e-05 22
221 2.115340882187489e-05 22.1
222 2.114185745583608e-05 22.2
223 2.113036900178408e-05 22.3
224 2.111901723137754e-05 22.4
225 2.110759577716386e-05 22.5
226 2.109580106519546e-05 22.6
227 2.108535052535402e-05 22.7
228 2.107364397760974e-05 22.8
229 2.106222649193819e-05 22.9
230 2.105096503238652e-05 23
231 2.104012529823805e-05 23.1
232 2.102901340121157e-05 23.2
233 2.101770364516501e-05 23.3
234 2.100643489367116e-05 23.4
235 2.099529961600183e-05 23.5
236 2.098341611527281e-05 23.6
237 2.097383945832235e-05 23.7
238 2.096278431271052e-05 23.8
239 2.095146614869003e-05 23.9
240 2.094143724715318e-05 24
241 2.093044474110673e-05 24.1
242 2.091976377637799e-05 24.2
243 2.090975785782149e-05 24.3
244 2.089985198047088e-05 24.4
245 2.08891898775443e-05 24.5
246 2.087903906133298e-05 24.6
247 2.08689463276903e-05 24.7
248 2.085847532620306e-05 24.8
249 2.084965299575724e-05 24.9
250 2.083887130439033e-05 25
251 2.082995179984771e-05 25.1
252 2.081969783558107e-05 25.2
253 2.080987856685259e-05 25.3
254 2.079998438869335e-05 25.4
255 2.079003267626367e-05 25.5
256 2.078050925243744e-05 25.6
257 2.077091474918745e-05 25.7
258 2.07613846906259e-05 25.8
259 2.075187921808393e-05 25.9
260 2.074241528055059e-05 26
261 2.073304543123016e-05 26.1
262 2.072373431915229e-05 26.2
263 2.071449927078161e-05 26.3
264 2.070530993799867e-05 26.4
265 2.069626087379422e-05 26.5
266 2.0687079558152e-05 26.6
267 2.067800365662408e-05 26.7
268 2.066890700730836e-05 26.8
269 2.066022066171958e-05 26.9
270 2.065103883675513e-05 27
271 2.064221625632607e-05 27.1
272 2.063329806534558e-05 27.2
273 2.062478242770579e-05 27.3
274 2.061618715109241e-05 27.4
275 2.060737325230843e-05 27.5
276 2.059854102850851e-05 27.6
277 2.059038869863959e-05 27.7
278 2.058162838629779e-05 27.8
279 2.057303636872845e-05 27.9
280 2.056455113645435e-05 28
281 2.05560324160432e-05 28.1
282 2.054770809169385e-05 28.2
283 2.053924568564927e-05 28.3
284 2.053107810070758e-05 28.4
285 2.052260180823378e-05 28.5
286 2.051461989111618e-05 28.6
287 2.05063578220385e-05 28.7
288 2.049825813443299e-05 28.8
289 2.049019430856396e-05 28.9
290 2.048181076408974e-05 29
291 2.047410703025736e-05 29.1
292 2.046603763811363e-05 29.2
293 2.045822005814826e-05 29.3
294 2.045021717505774e-05 29.4
295 2.044248893858448e-05 29.5
296 2.043447824577381e-05 29.6
297 2.042674003358833e-05 29.7
298 2.041897333505269e-05 29.8
299 2.041113272605429e-05 29.9
300 2.040343517868989e-05 30
301 2.039582139030197e-05 30.1
302 2.03882869160749e-05 30.2
303 2.038080065467583e-05 30.3
304 2.037330426859904e-05 30.4
305 2.03658971725388e-05 30.5
306 2.0358470049898e-05 30.6
307 2.035081631454229e-05 30.7
308 2.034336729950549e-05 30.8
309 2.033600430036295e-05 30.9
310 2.032772603164341e-05 31
311 2.032117165005592e-05 31.1
312 2.031337989513553e-05 31.2
313 2.03067597007524e-05 31.3
314 2.029901183031991e-05 31.4
315 2.029237959127068e-05 31.5
316 2.028465756123848e-05 31.6
317 2.027811076423973e-05 31.7
318 2.027049519669799e-05 31.8
319 2.026413797364653e-05 31.9
320 2.025589821626461e-05 32
321 2.02502595216223e-05 32.1
322 2.024218241826211e-05 32.2
323 2.023475752391836e-05 32.3
324 2.022871597761329e-05 32.4
325 2.022113196305469e-05 32.5
326 2.021507600990441e-05 32.6
327 2.020763630286532e-05 32.7
328 2.020130426238082e-05 32.8
329 2.019431337390304e-05 32.9
330 2.018782662528818e-05 33
331 2.018121261757859e-05 33.1
332 2.017406517069191e-05 33.2
333 2.016787369375808e-05 33.3
334 2.016099003675453e-05 33.4
335 2.015452001563474e-05 33.5
336 2.014816910463674e-05 33.6
337 2.014118145031593e-05 33.7
338 2.013516883335595e-05 33.8
339 2.012810474768e-05 33.9
340 2.012188383366664e-05 34
341 2.011529494543598e-05 34.1
342 2.010907839697116e-05 34.2
343 2.010254068906097e-05 34.3
344 2.00963837776383e-05 34.4
345 2.008985941815042e-05 34.5
346 2.008378893931733e-05 34.6
347 2.007731157987615e-05 34.7
348 2.007119393957939e-05 34.8
349 2.006498689526043e-05 34.9
350 2.005839341523205e-05 35
351 2.005295962796594e-05 35.1
352 2.004610551061169e-05 35.2
353 2.00407808592288e-05 35.3
354 2.003424606029785e-05 35.4
355 2.002821466875102e-05 35.5
356 2.002222033961905e-05 35.6
357 2.001655149276418e-05 35.7
358 2.001041745413597e-05 35.8
359 2.000433555712296e-05 35.9
360 1.99991021943558e-05 36
361 1.999293081078676e-05 36.1
362 1.998721121971744e-05 36.2
363 1.998145170984583e-05 36.3
364 1.997575935353919e-05 36.4
365 1.99696949725608e-05 36.5
366 1.996444200017909e-05 36.6
367 1.995890659065537e-05 36.7
368 1.995323978191614e-05 36.8
369 1.994797181263366e-05 36.9
370 1.99420714113345e-05 37
371 1.993680886719228e-05 37.1
372 1.99314516910234e-05 37.2
373 1.992580772362047e-05 37.3
374 1.992054979620386e-05 37.4
375 1.991541125174457e-05 37.5
376 1.990972332982164e-05 37.6
377 1.990481509508717e-05 37.7
378 1.989944513156583e-05 37.8
379 1.989440589868284e-05 37.9
380 1.988927362883046e-05 38
381 1.988398147994382e-05 38.1
382 1.987899164085836e-05 38.2
383 1.987403656547954e-05 38.3
384 1.98688202038052e-05 38.40000000000001
385 1.986401904310705e-05 38.5
386 1.985880719123824e-05 38.6
387 1.985419495373839e-05 38.7
388 1.984918073527721e-05 38.8
389 1.984442703655308e-05 38.90000000000001
390 1.983958390447613e-05 39
391 1.983476240113387e-05 39.1
392 1.983003059549655e-05 39.2
393 1.982526463570553e-05 39.3
394 1.982061936829908e-05 39.40000000000001
395 1.981596111950347e-05 39.5
396 1.9811339976137e-05 39.6
397 1.980676975423516e-05 39.7
398 1.980221852043762e-05 39.8
399 1.979770513266625e-05 39.90000000000001
400 1.979289963282341e-05 40
401 1.978897434911563e-05 40.1
402 1.978425641595428e-05 40.2
403 1.978028657230701e-05 40.3
404 1.977526571482405e-05 40.40000000000001
405 1.977130324264727e-05 40.5
406 1.976694359463788e-05 40.6
407 1.976218639181703e-05 40.7
408 1.975882221123082e-05 40.8
409 1.975395604652904e-05 40.90000000000001
410 1.975001916985513e-05 41
411 1.974596832160941e-05 41.1
412 1.974173430237783e-05 41.2
413 1.973758719491971e-05 41.3
414 1.973334599748956e-05 41.40000000000001
415 1.972941294038453e-05 41.5
416 1.972515116305012e-05 41.6
417 1.972152975853735e-05 41.7
418 1.971729382422094e-05 41.8
419 1.971336843198435e-05 41.90000000000001
420 1.970933277138903e-05 42
421 1.970546792782339e-05 42.1
422 1.97016513643466e-05 42.2
423 1.96977169779562e-05 42.3
424 1.96937334595294e-05 42.40000000000001
425 1.96901019262482e-05 42.5
426 1.968629312947526e-05 42.6
427 1.968246035972744e-05 42.7
428 1.967839326664002e-05 42.8
429 1.967488303244029e-05 42.90000000000001
430 1.967107404178006e-05 43
431 1.966735352679121e-05 43.1
432 1.96636280228491e-05 43.2
433 1.965992700339106e-05 43.3
434 1.965632203334334e-05 43.40000000000001
435 1.965283714983308e-05 43.5
436 1.964899204890282e-05 43.6
437 1.964564425591954e-05 43.7
438 1.964199746072031e-05 43.8
439 1.963840718445279e-05 43.90000000000001
440 1.963500465182449e-05 44
441 1.96314186345282e-05 44.1
442 1.962824309105333e-05 44.2
443 1.962427044540771e-05 44.3
444 1.962084511944337e-05 44.40000000000001
445 1.961727056422509e-05 44.5
446 1.961396338270791e-05 44.6
447 1.96106666241168e-05 44.7
448 1.960734507891824e-05 44.8
449 1.960377283528536e-05 44.90000000000001
450 1.960069317646779e-05 45
451 1.959735363377397e-05 45.1
452 1.95940004950267e-05 45.2
453 1.959066270965351e-05 45.3
454 1.958737494772778e-05 45.40000000000001
455 1.958412064257326e-05 45.5
456 1.95810186887854e-05 45.6
457 1.957736078546191e-05 45.7
458 1.957438139203839e-05 45.8
459 1.957095416930721e-05 45.90000000000001
460 1.956815312386137e-05 46
461 1.9564636473978e-05 46.1
462 1.95614839902645e-05 46.2
463 1.955851200490384e-05 46.3
464 1.955503413778431e-05 46.40000000000001
465 1.955208460134155e-05 46.5
466 1.954895925001742e-05 46.6
467 1.954558869091122e-05 46.7
468 1.954286425341718e-05 46.8
469 1.953970700935409e-05 46.90000000000001
470 1.953645636402154e-05 47
471 1.953353247917699e-05 47.1
472 1.953046527602862e-05 47.2
473 1.952741232626133e-05 47.3
474 1.952436995321931e-05 47.40000000000001
475 1.952072575572947e-05 47.5
476 1.951823133510151e-05 47.6
477 1.951477128121853e-05 47.7
478 1.951262728630285e-05 47.8
479 1.95090880148536e-05 47.90000000000001
480 1.950661192097067e-05 48
481 1.950349250063141e-05 48.1
482 1.950073954819332e-05 48.2
483 1.949781348563234e-05 48.3
484 1.949533748526243e-05 48.40000000000001
485 1.949184726428773e-05 48.5
486 1.948956658006752e-05 48.6
487 1.948603123204877e-05 48.7
488 1.948423613692648e-05 48.8
489 1.948041971960991e-05 48.90000000000001
490 1.947858200531156e-05 49
491 1.94747520629618e-05 49.1
492 1.947318753638332e-05 49.2
493 1.946944289453462e-05 49.3
494 1.946716321235891e-05 49.40000000000001
495 1.946404734453505e-05 49.5
496 1.946200092535085e-05 49.6
497 1.945836114979123e-05 49.7
498 1.945552896290756e-05 49.8
499 1.944547348463937e-05 49.90000000000001
500 1.945316116472327e-05 50
501 1.944186820275548e-05 50.1
502 1.944825637665015e-05 50.2
503 1.943709127763298e-05 50.3
504 1.944379790299088e-05 50.40000000000001
505 1.943271429294103e-05 50.5
506 1.943918183373562e-05 50.6
507 1.942819346025349e-05 50.7
508 1.94346561034855e-05 50.8
509 1.942372890623964e-05 50.90000000000001
510 1.943025353915176e-05 51
511 1.941916530522325e-05 51.1
512 1.942575928022649e-05 51.2
513 1.941457809478532e-05 51.3
514 1.942132562146833e-05 51.40000000000001
515 1.941026388125793e-05 51.5
516 1.94167606828123e-05 51.6
517 1.940572831809961e-05 51.7
518 1.941239290778531e-05 51.8
519 1.940143766192784e-05 51.90000000000001
520 1.940784716712325e-05 52
521 1.939707793452563e-05 52.1
522 1.940338236777173e-05 52.2
523 1.939267563248101e-05 52.3
524 1.939895762471486e-05 52.40000000000001
525 1.938831129756661e-05 52.5
526 1.939454888780146e-05 52.6
527 1.938396957325545e-05 52.7
528 1.939018764497286e-05 52.8
529 1.937967107034278e-05 52.90000000000001
530 1.93860210189383e-05 53
531 1.937501175762229e-05 53.1
532 1.938161957939207e-05 53.2
533 1.93710145984262e-05 53.3
534 1.937725896292125e-05 53.40000000000001
535 1.936687737899985e-05 53.5
536 1.937305379479236e-05 53.6
537 1.936251947853286e-05 53.7
538 1.936862245108479e-05 53.8
539 1.935833999811279e-05 53.90000000000001
540 1.936437086146504e-05 54
541 1.93541062702263e-05 54.1
542 1.93600103919881e-05 54.2
543 1.935014563687465e-05 54.3
544 1.935568814457998e-05 54.40000000000001
545 1.934593806918569e-05 54.5
546 1.935152975848978e-05 54.6
547 1.934183477491324e-05 54.7
548 1.934739672761889e-05 54.8
549 1.933776122756349e-05 54.90000000000001
550 1.934328674180592e-05 55
551 1.933370596062931e-05 55.1
552 1.933940593189945e-05 55.2
553 1.932946967554099e-05 55.3
554 1.933514626408457e-05 55.40000000000001
555 1.93255265743152e-05 55.5
556 1.933145405102082e-05 55.6
557 1.932151820181103e-05 55.7
558 1.932746650532372e-05 55.8
559 1.931724130938353e-05 55.90000000000001
560 1.932339419756711e-05 56
561 1.931355904646881e-05 56.1
562 1.931949004023773e-05 56.2
563 1.930965701776982e-05 56.3
564 1.931555642063712e-05 56.40000000000001
565 1.930576099010224e-05 56.5
566 1.931159405678664e-05 56.6
567 1.930225578552118e-05 56.7
568 1.930747347716991e-05 56.8
569 1.929821340216478e-05 56.90000000000001
570 1.930371964467702e-05 57
571 1.929448719277323e-05 57.1
572 1.929989681345538e-05 57.2
573 1.929072457087085e-05 57.3
574 1.929612909605662e-05 57.40000000000001
575 1.92870607118751e-05 57.5
576 1.929228928210497e-05 57.6
577 1.928331584699404e-05 57.7
578 1.928848490488794e-05 57.8
579 1.927976501263146e-05 57.90000000000001
580 1.928475658214607e-05 58
581 1.927617949704604e-05 58.1
582 1.928101065061955e-05 58.2
583 1.92725330664984e-05 58.3
584 1.927736473127564e-05 58.40000000000001
585 1.926895532616044e-05 58.5
586 1.92737377684405e-05 58.6
587 1.92653829021571e-05 58.7
588 1.927015501905605e-05 58.8
589 1.926184983907615e-05 58.90000000000001
590 1.926659700127658e-05 59
591 1.925834582424707e-05 59.1
592 1.926310124542106e-05 59.2
593 1.925461773565485e-05 59.3
594 1.925981475008809e-05 59.40000000000001
595 1.925128639056505e-05 59.5
596 1.925629123876653e-05 59.6
597 1.92478335312988e-05 59.7
598 1.925285685350119e-05 59.8
599 1.924444302410761e-05 59.90000000000001
600 1.924943012777083e-05 60
601 1.924106686050943e-05 60.1
602 1.924602244840567e-05 60.2
603 1.923771991278408e-05 60.3
604 1.924261937383948e-05 60.40000000000001
605 1.923438459585878e-05 60.5
606 1.92393102746508e-05 60.6
607 1.923105604636946e-05 60.7
608 1.923601983938731e-05 60.8
609 1.922780240197234e-05 60.90000000000001
610 1.923272402148976e-05 61
611 1.922455410828809e-05 61.1
612 1.922946415230465e-05 61.2
613 1.922133999392387e-05 61.3
614 1.92262320031826e-05 61.40000000000001
615 1.921813725597962e-05 61.5
616 1.922300593498974e-05 61.6
617 1.921495584902586e-05 61.7
618 1.921977793912175e-05 61.8
619 1.921177840704881e-05 61.90000000000001
620 1.921666342711247e-05 62
621 1.920866161236818e-05 62.1
622 1.921349627546118e-05 62.2
623 1.920554664327573e-05 62.3
624 1.921049464373584e-05 62.40000000000001
625 1.920241101832816e-05 62.5
626 1.920734303195679e-05 62.6
627 1.919935782087166e-05 62.7
628 1.920422306501402e-05 62.8
629 1.919632605149422e-05 62.90000000000001
630 1.920116421670554e-05 63
631 1.919331898352492e-05 63.1
632 1.919812079895493e-05 63.2
633 1.919032420991102e-05 63.3
634 1.919510367044642e-05 63.40000000000001
635 1.918735641985167e-05 63.5
636 1.91920583823806e-05 63.6
637 1.918442552279341e-05 63.7
638 1.918910440679008e-05 63.8
639 1.918149535758615e-05 63.90000000000001
640 1.918615098770181e-05 64
641 1.917868410319126e-05 64.10000000000001
642 1.91831786188974e-05 64.2
643 1.917578428072582e-05 64.3
644 1.918029678089858e-05 64.40000000000001
645 1.91729443789757e-05 64.5
646 1.917766655368872e-05 64.60000000000001
647 1.916986081323158e-05 64.7
648 1.91748975769697e-05 64.8
649 1.9167114758734e-05 64.90000000000001
650 1.917204886609148e-05 65
651 1.916432877679184e-05 65.10000000000001
652 1.916922788124872e-05 65.2
653 1.91615548982886e-05 65.3
654 1.91664154230645e-05 65.40000000000001
655 1.915879033817032e-05 65.5
656 1.916363316895942e-05 65.60000000000001
657 1.91560525226328e-05 65.7
658 1.916082400392902e-05 65.8
659 1.915346279348899e-05 65.90000000000001
660 1.915801008954503e-05 66
661 1.915071368494726e-05 66.10000000000001
662 1.915529158275991e-05 66.2
663 1.914803438755353e-05 66.3
664 1.915256507805105e-05 66.40000000000001
665 1.914535808515172e-05 66.5
666 1.914987557855878e-05 66.60000000000001
667 1.91427158713212e-05 66.7
668 1.914721098693723e-05 66.8
669 1.914009908301104e-05 66.90000000000001
670 1.914457238100128e-05 67
671 1.913750423000912e-05 67.10000000000001
672 1.914198622716838e-05 67.2
673 1.913486106630144e-05 67.3
674 1.913943166605595e-05 67.40000000000001
675 1.913232831516239e-05 67.5
676 1.913684696995658e-05 67.60000000000001
677 1.9129896432774e-05 67.7
678 1.913403254171016e-05 67.8
679 1.912737391250702e-05 67.90000000000001
680 1.913159947222617e-05 68
681 1.91249185825889e-05 68.10000000000001
682 1.912906412201422e-05 68.2
683 1.912240546090274e-05 68.3
684 1.912658735479513e-05 68.40000000000001
685 1.911997970278233e-05 68.5
686 1.912407490815529e-05 68.60000000000001
687 1.911749421658596e-05 68.7
688 1.912161044693319e-05 68.8
689 1.911521511772089e-05 68.90000000000001
690 1.911906936613978e-05 69
691 1.911256238519815e-05 69.10000000000001
692 1.911679475716899e-05 69.2
693 1.911028100191914e-05 69.3
694 1.91143233944674e-05 69.40000000000001
695 1.910786000087557e-05 69.5
696 1.911197369916114e-05 69.60000000000001
697 1.910555370045253e-05 69.7
698 1.910953525129285e-05 69.8
699 1.910332046136254e-05 69.90000000000001
700 1.910711053940694e-05 70
701 1.910095006360297e-05 70.10000000000001
702 1.910480578287283e-05 70.2
703 1.909866790607901e-05 70.3
704 1.910247991081905e-05 70.40000000000001
705 1.909638140689562e-05 70.5
706 1.910019548410252e-05 70.60000000000001
707 1.909408026210438e-05 70.7
708 1.909792565462026e-05 70.8
709 1.909183089534202e-05 70.90000000000001
710 1.909566956074303e-05 71
711 1.908960117489806e-05 71.10000000000001
712 1.909340214892458e-05 71.2
713 1.908736975189038e-05 71.3
714 1.909099523968968e-05 71.40000000000001
715 1.908501747631672e-05 71.5
716 1.908883933689266e-05 71.60000000000001
717 1.908293075305726e-05 71.7
718 1.908670734543516e-05 71.8
719 1.908078926810216e-05 71.90000000000001
720 1.908440786233827e-05 72
721 1.907866473602788e-05 72.10000000000001
722 1.908231789342241e-05 72.2
723 1.907655175623657e-05 72.3
724 1.908013771670958e-05 72.40000000000001
725 1.907435227459147e-05 72.5
726 1.907817462582886e-05 72.60000000000001
727 1.907230198316267e-05 72.7
728 1.907588994981998e-05 72.8
729 1.90701677713584e-05 72.90000000000001
730 1.907395567864351e-05 73
731 1.906814960209847e-05 73.10000000000001
732 1.907171948474305e-05 73.2
733 1.906608286047486e-05 73.3
734 1.90696002495116e-05 73.40000000000001
735 1.906416461350101e-05 73.5
736 1.90674585309118e-05 73.60000000000001
737 1.906207785432512e-05 73.7
738 1.906549377447211e-05 73.8
739 1.90600390862696e-05 73.90000000000001
740 1.906342934876636e-05 74
741 1.905804551775738e-05 74.10000000000001
742 1.906144632877647e-05 74.2
743 1.905604563717648e-05 74.3
744 1.905927416383436e-05 74.40000000000001
745 1.905383641527932e-05 74.5
746 1.9057449941827e-05 74.60000000000001
747 1.90519954448998e-05 74.7
748 1.905537317103394e-05 74.8
749 1.904998574559657e-05 74.90000000000001
750 1.905324303010176e-05 75
751 1.90482527735566e-05 75.10000000000001
752 1.905129335516288e-05 75.2
753 1.904633033675998e-05 75.3
754 1.904936383919257e-05 75.40000000000001
755 1.904443319122783e-05 75.5
756 1.904745090490217e-05 75.60000000000001
757 1.904254994093527e-05 75.7
758 1.904554926371604e-05 75.8
759 1.904067794588727e-05 75.90000000000001
760 1.904366392624478e-05 76
761 1.90388206817632e-05 76.10000000000001
762 1.904208587944883e-05 76.2
763 1.90367567649431e-05 76.3
764 1.904015904878577e-05 76.40000000000001
765 1.903495547504894e-05 76.5
766 1.903835051972033e-05 76.60000000000001
767 1.903312100606928e-05 76.7
768 1.903648651157552e-05 76.80000000000001
769 1.903131159802961e-05 76.90000000000001
770 1.903466325788123e-05 77
771 1.902951469637884e-05 77.10000000000001
772 1.903279444909587e-05 77.2
773 1.902771790395904e-05 77.30000000000001
774 1.903102193350548e-05 77.40000000000001
775 1.902595508276516e-05 77.5
776 1.902921530515222e-05 77.60000000000001
777 1.90241839821085e-05 77.7
778 1.902743640837046e-05 77.80000000000001
779 1.902243312615215e-05 77.90000000000001
780 1.90256430187115e-05 78
781 1.902071203353577e-05 78.10000000000001
782 1.902387657872189e-05 78.2
783 1.901896976034828e-05 78.30000000000001
784 1.902212373001277e-05 78.40000000000001
785 1.901724590636062e-05 78.5
786 1.902037733053896e-05 78.60000000000001
787 1.901553575416203e-05 78.7
788 1.901865217323143e-05 78.80000000000001
789 1.901384104368059e-05 78.90000000000001
790 1.901711640707087e-05 79
791 1.901199960691166e-05 79.10000000000001
792 1.901539083759249e-05 79.2
793 1.901034861062724e-05 79.30000000000001
794 1.901371966399273e-05 79.40000000000001
795 1.900869231097183e-05 79.5
796 1.901181629138514e-05 79.60000000000001
797 1.900738482347165e-05 79.7
798 1.900999164948184e-05 79.80000000000001
799 1.900563010917024e-05 79.90000000000001
800 1.900830582324946e-05 80
801 1.900394650528465e-05 80.10000000000001
802 1.900677702869059e-05 80.2
803 1.900240149532024e-05 80.30000000000001
804 1.900511392229946e-05 80.40000000000001
805 1.900078986841932e-05 80.5
806 1.900345205561078e-05 80.60000000000001
807 1.899924397708517e-05 80.7
808 1.900182092623606e-05 80.80000000000001
809 1.899764863835294e-05 80.90000000000001
810 1.900021988837831e-05 81
811 1.899607523241013e-05 81.10000000000001
812 1.899862583514769e-05 81.2
813 1.899450764680744e-05 81.30000000000001
814 1.899704211095347e-05 81.40000000000001
815 1.899295234398252e-05 81.5
816 1.899547304973844e-05 81.60000000000001
817 1.899141051520052e-05 81.7
818 1.899391541090493e-05 81.80000000000001
819 1.898988384013418e-05 81.90000000000001
820 1.899255379459289e-05 82
821 1.898822511134318e-05 82.10000000000001
822 1.899095774717931e-05 82.2
823 1.898678345673191e-05 82.30000000000001
824 1.898941682039237e-05 82.40000000000001
825 1.898527443767905e-05 82.5
826 1.898790398446848e-05 82.60000000000001
827 1.898379038928713e-05 82.7
828 1.89863992969997e-05 82.80000000000001
829 1.898231137274105e-05 82.90000000000001
830 1.898490397832508e-05 83
831 1.898084404310631e-05 83.10000000000001
832 1.898342314417796e-05 83.2
833 1.897939074686966e-05 83.30000000000001
834 1.89819659543671e-05 83.40000000000001
835 1.897795944838794e-05 83.5
836 1.898052896634188e-05 83.60000000000001
837 1.897653338091194e-05 83.7
838 1.897909403883729e-05 83.80000000000001
839 1.89751216592875e-05 83.90000000000001
840 1.897776465384183e-05 84
841 1.897360718062619e-05 84.10000000000001
842 1.897637709985053e-05 84.2
843 1.897223810506969e-05 84.30000000000001
844 1.897495984396679e-05 84.40000000000001
845 1.897084634775996e-05 84.5
846 1.897355690249836e-05 84.60000000000001
847 1.896946960477812e-05 84.7
848 1.897216320383263e-05 84.80000000000001
849 1.896807062319728e-05 84.90000000000001
850 1.897088765697415e-05 85
851 1.896670229668389e-05 85.10000000000001
852 1.896948397149128e-05 85.2
853 1.896533114717604e-05 85.30000000000001
854 1.896801547456153e-05 85.40000000000001
855 1.896409861310281e-05 85.5
856 1.89666311386385e-05 85.60000000000001
857 1.896270517009253e-05 85.7
858 1.896554128629447e-05 85.80000000000001
859 1.896138726126327e-05 85.90000000000001
860 1.89640033627025e-05 86
861 1.895997901003181e-05 86.10000000000001
862 1.896267152554421e-05 86.2
863 1.895876176425868e-05 86.30000000000001
864 1.896140534327479e-05 86.40000000000001
865 1.895761357106741e-05 86.5
866 1.895987951531809e-05 86.60000000000001
867 1.895616975772614e-05 86.7
868 1.89587468830882e-05 86.80000000000001
869 1.895509680916142e-05 86.90000000000001
870 1.895725331308026e-05 87
871 1.895361919964172e-05 87.10000000000001
872 1.895602468567014e-05 87.2
873 1.895256779520551e-05 87.30000000000001
874 1.895468265907317e-05 87.40000000000001
875 1.895126945579345e-05 87.5
876 1.895342374820838e-05 87.60000000000001
877 1.895003050671472e-05 87.7
878 1.895215828205453e-05 87.80000000000001
879 1.894879038119169e-05 87.90000000000001
880 1.895088842336655e-05 88
881 1.894757047652026e-05 88.10000000000001
882 1.89496405268131e-05 88.2
883 1.894634744994434e-05 88.30000000000001
884 1.894840401653347e-05 88.40000000000001
885 1.894513643731435e-05 88.5
886 1.894721319624298e-05 88.60000000000001
887 1.894390240667293e-05 88.7
888 1.894606725193897e-05 88.80000000000001
889 1.894263917542337e-05 88.90000000000001
890 1.894488212770352e-05 89
891 1.894146751755227e-05 89.10000000000001
892 1.894366889854365e-05 89.2
893 1.894027606764261e-05 89.30000000000001
894 1.894247375949786e-05 89.40000000000001
895 1.893910457257171e-05 89.5
896 1.894128047656137e-05 89.60000000000001
897 1.893793603906179e-05 89.7
898 1.894009030118798e-05 89.80000000000001
899 1.893677833555733e-05 89.90000000000001
900 1.893892200622112e-05 90
901 1.893563124001536e-05 90.10000000000001
902 1.893776604061927e-05 90.2
903 1.893449822459616e-05 90.30000000000001
904 1.89365174678061e-05 90.40000000000001
905 1.893339249353854e-05 90.5
906 1.893548293102303e-05 90.60000000000001
907 1.893218638515759e-05 90.7
908 1.893418870680171e-05 90.80000000000001
909 1.893117220726054e-05 90.90000000000001
910 1.893298257028429e-05 91
911 1.89300243180631e-05 91.10000000000001
912 1.893188031594151e-05 91.2
913 1.892893574109492e-05 91.30000000000001
914 1.893074691930867e-05 91.40000000000001
915 1.892783209484712e-05 91.5
916 1.892973104442581e-05 91.60000000000001
917 1.892666622771096e-05 91.7
918 1.892858307101286e-05 91.80000000000001
919 1.892554717094585e-05 91.90000000000001
920 1.892752929128005e-05 92
921 1.892449343225543e-05 92.10000000000001
922 1.892644528714104e-05 92.2
923 1.892342536315709e-05 92.30000000000001
924 1.892535383873598e-05 92.40000000000001
925 1.892236158157535e-05 92.5
926 1.892440256102363e-05 92.60000000000001
927 1.892119157275976e-05 92.7
928 1.892332928999543e-05 92.80000000000001
929 1.892014469847446e-05 92.90000000000001
930 1.892228846564825e-05 93
931 1.891910191387101e-05 93.10000000000001
932 1.892110436170799e-05 93.2
933 1.891816415140955e-05 93.30000000000001
934 1.892005082576678e-05 93.40000000000001
935 1.89171280008111e-05 93.5
936 1.891899142550693e-05 93.60000000000001
937 1.891609588778505e-05 93.7
938 1.891797466164555e-05 93.80000000000001
939 1.891511357315472e-05 93.90000000000001
940 1.891689454396967e-05 94
941 1.891409188493045e-05 94.10000000000001
942 1.891586374413782e-05 94.2
943 1.891306897721036e-05 94.30000000000001
944 1.891483934140176e-05 94.40000000000001
945 1.891206790823528e-05 94.5
946 1.891381773839731e-05 94.60000000000001
947 1.891108109493011e-05 94.7
948 1.891280879857778e-05 94.80000000000001
949 1.891009315760731e-05 94.90000000000001
950 1.891183503275455e-05 95
951 1.89090933995839e-05 95.10000000000001
952 1.891083238779323e-05 95.2
953 1.890811132070292e-05 95.30000000000001
954 1.890984646947579e-05 95.40000000000001
955 1.890714556964401e-05 95.5
956 1.890885165546416e-05 95.60000000000001
957 1.890616232541556e-05 95.7
958 1.890787226214213e-05 95.80000000000001
959 1.8905201096743e-05 95.90000000000001
960 1.890689202297831e-05 96
961 1.890423853092054e-05 96.10000000000001
962 1.890591844850044e-05 96.2
963 1.890329119965916e-05 96.30000000000001
964 1.890493086293171e-05 96.40000000000001
965 1.890232868741297e-05 96.5
966 1.890396854402386e-05 96.60000000000001
967 1.890138039483243e-05 96.7
968 1.890302117170749e-05 96.80000000000001
969 1.890042634355193e-05 96.90000000000001
970 1.890219407854599e-05 97
971 1.889947875073823e-05 97.10000000000001
972 1.890117034258612e-05 97.2
973 1.889853030066128e-05 97.30000000000001
974 1.890018182641963e-05 97.40000000000001
975 1.889767884353869e-05 97.5
976 1.889909766547356e-05 97.60000000000001
977 1.889678816497772e-05 97.7
978 1.889824270361432e-05 97.80000000000001
979 1.889584812730571e-05 97.90000000000001
980 1.889730794764017e-05 98
981 1.889493757173531e-05 98.10000000000001
982 1.889638884047793e-05 98.2
983 1.889403926227145e-05 98.30000000000001
984 1.889548421428855e-05 98.40000000000001
985 1.889315251237764e-05 98.5
986 1.889458370991453e-05 98.60000000000001
987 1.889226653845698e-05 98.7
988 1.889368521201419e-05 98.80000000000001
989 1.889138409279132e-05 98.90000000000001
990 1.889279273751394e-05 99
991 1.889051158199788e-05 99.10000000000001
992 1.889189848129969e-05 99.2
993 1.888958216965442e-05 99.30000000000001
994 1.889107497133669e-05 99.40000000000001
995 1.888873911458793e-05 99.5
996 1.889019283311761e-05 99.60000000000001
997 1.888787514510267e-05 99.7
998 1.888932857928733e-05 99.80000000000001
999 1.888708240129028e-05 99.90000000000001
1000 1.888839235888058e-05 100
1001 1.888619222541338e-05 100.1
1002 1.888754744775746e-05 100.2
1003 1.888535758627495e-05 100.3
1004 1.888668405763644e-05 100.4
1005 1.888451205749865e-05 100.5
1006 1.888582968381439e-05 100.6
1007 1.888367431958878e-05 100.7
1008 1.888497792516985e-05 100.8
1009 1.88828467980943e-05 100.9
1010 1.888414373949958e-05 101
1011 1.88819976401906e-05 101.1
1012 1.888331559403233e-05 101.2
1013 1.888118149474896e-05 101.3
1014 1.888248215817961e-05 101.4
1015 1.888033826674047e-05 101.5
1016 1.888166319632529e-05 101.6
1017 1.887954175432857e-05 101.7
1018 1.888083305554857e-05 101.8
1019 1.887872518653628e-05 101.9
1020 1.88800285738313e-05 102
1021 1.887793453952421e-05 102.1
1022 1.887914621604166e-05 102.2
1023 1.887718856466036e-05 102.3
1024 1.887832070574809e-05 102.4
1025 1.887639556172738e-05 102.5
1026 1.887751436162702e-05 102.6
1027 1.88756114052564e-05 102.7
1028 1.887671698542909e-05 102.8
1029 1.887478899271683e-05 102.9
1030 1.887598303898236e-05 103
1031 1.887405326978411e-05 103.1
1032 1.88752009658074e-05 103.2
1033 1.887328687741185e-05 103.3
1034 1.887440894368088e-05 103.4
1035 1.887251537688594e-05 103.5
1036 1.88736117099917e-05 103.6
1037 1.887173401391604e-05 103.7
1038 1.887300849595752e-05 103.8
1039 1.887092503704799e-05 103.9
1040 1.88721057023564e-05 104
1041 1.887024483221924e-05 104.1
1042 1.887132449282497e-05 104.2
1043 1.886949247254458e-05 104.3
1044 1.88705701572136e-05 104.4
1045 1.886875120909104e-05 104.5
1046 1.886982760086833e-05 104.6
1047 1.886799060838832e-05 104.7
1048 1.88690883848382e-05 104.8
1049 1.886725403777077e-05 104.9
1050 1.886834159242e-05 105
1051 1.886650533693161e-05 105.1
1052 1.886775451532017e-05 105.2
1053 1.886569920343988e-05 105.3
1054 1.886702086450769e-05 105.4
1055 1.88650014938246e-05 105.5
1056 1.886631712906611e-05 105.6
1057 1.886424458016121e-05 105.7
1058 1.886564872746861e-05 105.8
1059 1.886358669784688e-05 105.9
1060 1.886489388704967e-05 106
1061 1.886290608667696e-05 106.1
1062 1.886417737987145e-05 106.2
1063 1.886222254431389e-05 106.3
1064 1.886346904925626e-05 106.4
1065 1.886153675547629e-05 106.5
1066 1.886273152279348e-05 106.6
1067 1.886086733070058e-05 106.7
1068 1.886207836938005e-05 106.8
1069 1.886021015994911e-05 106.9
1070 1.886139447085591e-05 107
1071 1.885954536315803e-05 107.1
1072 1.886069723239796e-05 107.2
1073 1.885891569876221e-05 107.3
1074 1.886002355072899e-05 107.4
1075 1.885825101100026e-05 107.5
1076 1.885934924141534e-05 107.6
1077 1.88575894572292e-05 107.7
1078 1.88586766955116e-05 107.8
1079 1.885692505563779e-05 107.9
1080 1.885800143710954e-05 108
1081 1.885626725312569e-05 108.1
1082 1.885735508971963e-05 108.2
1083 1.885562132374148e-05 108.3
1084 1.885671781148229e-05 108.4
1085 1.885498367804742e-05 108.5
1086 1.88561149925754e-05 108.6
1087 1.885436077165922e-05 108.7
1088 1.88554851325757e-05 108.8
1089 1.885372429355585e-05 108.9
1090 1.885486896808683e-05 109
1091 1.885311816168872e-05 109.1
1092 1.885423142165618e-05 109.2
1093 1.885250906464209e-05 109.3
1094 1.885360062112569e-05 109.4
1095 1.885188741727154e-05 109.5
1096 1.885298552281904e-05 109.6
1097 1.88512786891979e-05 109.7
1098 1.885236710850306e-05 109.8
1099 1.885067199784192e-05 109.9
1100 1.885176061766475e-05 110
1101 1.885008186499634e-05 110.1
1102 1.885117151323579e-05 110.2
1103 1.884949456650304e-05 110.3
1104 1.885058726767832e-05 110.4
1105 1.884891901412697e-05 110.5
1106 1.884999174375432e-05 110.6
1107 1.884833064740995e-05 110.7
1108 1.884946253391739e-05 110.8
1109 1.884772707336416e-05 110.9
1110 1.884884738939723e-05 111
1111 1.884714154736174e-05 111.1
1112 1.884826587373931e-05 111.2
1113 1.884657173379896e-05 111.3
1114 1.88476874084555e-05 111.4
1115 1.884599966872292e-05 111.5
1116 1.884713887944889e-05 111.6
1117 1.884544803867459e-05 111.7
1118 1.884656747951667e-05 111.8
1119 1.88448730692986e-05 111.9
1120 1.884611937460839e-05 112
1121 1.884427359158556e-05 112.1
1122 1.884566370276681e-05 112.2
1123 1.884368870684438e-05 112.3
1124 1.88449532666312e-05 112.4
1125 1.884314792969204e-05 112.5
1126 1.884444852283528e-05 112.6
1127 1.884259705105795e-05 112.7
1128 1.884396778583202e-05 112.8
1129 1.884202036781159e-05 112.9
1130 1.884324855932144e-05 113
1131 1.884155234597064e-05 113.1
1132 1.884273247464768e-05 113.2
1133 1.884099356337203e-05 113.3
1134 1.884226083679863e-05 113.4
1135 1.884047499441751e-05 113.5
1136 1.884159164915015e-05 113.6
1137 1.883986342783267e-05 113.7
1138 1.884114545600789e-05 113.8
1139 1.883938858941523e-05 113.9
1140 1.884057745980775e-05 114
1141 1.88388319492531e-05 114.1
1142 1.884007980216353e-05 114.2
1143 1.883831838328788e-05 114.3
1144 1.883956812996104e-05 114.4
1145 1.883780898938581e-05 114.5
1146 1.883906881773287e-05 114.6
1147 1.883730943961933e-05 114.7
1148 1.883857411549292e-05 114.8
1149 1.883681285585296e-05 114.9
1150 1.883807391639838e-05 115
1151 1.883631210037548e-05 115.1
1152 1.883757305595558e-05 115.2
1153 1.883581041418971e-05 115.3
1154 1.883706828231603e-05 115.4
1155 1.883539870878889e-05 115.5
1156 1.883649666122255e-05 115.6
1157 1.883493808352494e-05 115.7
1158 1.883595532906234e-05 115.8
1159 1.883437752866029e-05 115.9
1160 1.883556265967306e-05 116
1161 1.883392639436121e-05 116.1
1162 1.883509700824368e-05 116.2
1163 1.883345313247292e-05 116.3
1164 1.883462276556201e-05 116.4
1165 1.883297623455042e-05 116.5
1166 1.883415718980356e-05 116.6
1167 1.883251090096795e-05 116.7
1168 1.883368531550254e-05 116.8
1169 1.883202969417838e-05 116.9
1170 1.883323717960993e-05 117
1171 1.883158331969865e-05 117.1
1172 1.883276415051212e-05 117.2
1173 1.88311696515582e-05 117.3
1174 1.88323324294461e-05 117.4
1175 1.883069141941289e-05 117.5
1176 1.883189021924412e-05 117.6
1177 1.883024601084547e-05 117.7
1178 1.883144769167373e-05 117.8
1179 1.882980464232573e-05 117.9
1180 1.883100373297411e-05 118
1181 1.882936544031101e-05 118.1
1182 1.883055558701661e-05 118.2
1183 1.882893542606747e-05 118.3
1184 1.88301130905402e-05 118.4
1185 1.882854536338039e-05 118.5
1186 1.882962167007976e-05 118.6
1187 1.88280481893294e-05 118.7
1188 1.882924572518834e-05 118.8
1189 1.882761778557161e-05 118.9
1190 1.882886412888621e-05 119
1191 1.882719037534564e-05 119.1
1192 1.882841963834877e-05 119.2
1193 1.882672607382433e-05 119.3
1194 1.882803140336132e-05 119.4
1195 1.882637346016745e-05 119.5
1196 1.882756506767346e-05 119.6
1197 1.882591387605228e-05 119.7
1198 1.882715903898071e-05 119.8
1199 1.882553776775262e-05 119.9
1200 1.882672255470179e-05 120
1201 1.882506317733e-05 120.1
1202 1.882637577852795e-05 120.2
1203 1.882467046385713e-05 120.3
1204 1.882597547426891e-05 120.4
1205 1.88243005915797e-05 120.5
1206 1.882551446152267e-05 120.6
1207 1.882390839577818e-05 120.7
1208 1.882505916986286e-05 120.8
1209 1.882345526722907e-05 120.9
1210 1.882469221783291e-05 121
1211 1.882305963009352e-05 121.1
1212 1.882429910143253e-05 121.2
1213 1.882264909405749e-05 121.3
1214 1.882391258238882e-05 121.4
1215 1.882226480802579e-05 121.5
1216 1.882352726635984e-05 121.6
1217 1.882187497501162e-05 121.7
1218 1.882314183568157e-05 121.8
1219 1.882150258356307e-05 121.9
1220 1.882274662706435e-05 122
1221 1.882115708844479e-05 122.1
1222 1.882233470832127e-05 122.2
1223 1.88207348247388e-05 122.3
1224 1.882200891544175e-05 122.4
1225 1.88203994263406e-05 122.5
1226 1.882161349365146e-05 122.6
1227 1.882000540047891e-05 122.7
1228 1.882126292525657e-05 122.8
1229 1.881964321927552e-05 122.9
1230 1.882090343818276e-05 123
1231 1.881932013590321e-05 123.1
1232 1.88205016912206e-05 123.2
1233 1.881900161375604e-05 123.3
1234 1.882021539907049e-05 123.4
1235 1.881871083442017e-05 123.5
1236 1.881985736611425e-05 123.6
1237 1.881824642077981e-05 123.7
1238 1.881960666510108e-05 123.8
1239 1.881793749501115e-05 123.9
1240 1.881923275858062e-05 124
1241 1.88176400487526e-05 124.1
1242 1.881880147410911e-05 124.2
1243 1.881732059389708e-05 124.3
1244 1.881853276116693e-05 124.4
1245 1.881697789499204e-05 124.5
1246 1.881819538235827e-05 124.6
1247 1.881661671277788e-05 124.7
1248 1.881792111514381e-05 124.8
1249 1.881632948203866e-05 124.9
1250 1.881755599004641e-05 125
1251 1.881603677573075e-05 125.1
1252 1.881722813650276e-05 125.2
1253 1.881570590515676e-05 125.3
1254 1.881694260624237e-05 125.4
1255 1.881545014700745e-05 125.5
1256 1.881661583643211e-05 125.6
1257 1.881513486071172e-05 125.7
1258 1.88163304023219e-05 125.8
1259 1.881489729062798e-05 125.9
1260 1.881609070400862e-05 126
1261 1.881461226924071e-05 126.1
1262 1.881576171458107e-05 126.2
1263 1.881436729976121e-05 126.3
1264 1.881545199537564e-05 126.4
1265 1.881401813133621e-05 126.5
1266 1.881525850057474e-05 126.6
1267 1.881369235259864e-05 126.7
1268 1.881495224098684e-05 126.8
1269 1.881350588037693e-05 126.9
1270 1.881461553085585e-05 127
1271 1.881314923708754e-05 127.1
1272 1.881438264884485e-05 127.2
1273 1.881291215370266e-05 127.3
1274 1.881409836705583e-05 127.4
1275 1.881268876220773e-05 127.5
1276 1.881380083320026e-05 127.6
1277 1.881238200420963e-05 127.7
1278 1.881358979174638e-05 127.8
1279 1.881223235171025e-05 127.9
1280 1.881331976496564e-05 128
1281 1.881199220076107e-05 128.1
1282 1.881305549419267e-05 128.2
1283 1.881168258426416e-05 128.3
1284 1.881293873841812e-05 128.4
1285 1.881158680686884e-05 128.5
1286 1.881264956869777e-05 128.6
1287 1.881135177717802e-05 128.7
1288 1.881245844446712e-05 128.8
1289 1.881116167335745e-05 128.9
1290 1.881223990680069e-05 129
1291 1.881095141364329e-05 129.1
1292 1.881199413130687e-05 129.2
1293 1.881170561009406e-05 129.3
1294 1.88115486882782e-05 129.4
1295 1.881146585444327e-05 129.5
1296 1.881133884981462e-05 129.6
1297 1.881119003019897e-05 129.7
1298 1.881102692484607e-05 129.8
1299 1.8810952492543e-05 129.9
1300 1.881079815973107e-05 130
1301 1.881072055695924e-05 130.1
1302 1.881058255735047e-05 130.2
1303 1.881050369179984e-05 130.3
1304 1.881037886525961e-05 130.4
1305 1.881030046015327e-05 130.5
1306 1.88102242694408e-05 130.6
1307 1.88100837567012e-05 130.7
1308 1.880995942291329e-05 130.8
1309 1.880995578114199e-05 130.9
1310 1.880983537810882e-05 131
1311 1.880974099585602e-05 131.1
1312 1.880958522819604e-05 131.2
1313 1.88095011941748e-05 131.3
1314 1.880946817050475e-05 131.4
1315 1.880938473343246e-05 131.5
1316 1.880930548420866e-05 131.6
1317 1.880920993841789e-05 131.7
1318 1.880916102327885e-05 131.8
1319 1.880909546834943e-05 131.9
1320 1.8809025492961e-05 132
1321 1.880895041542504e-05 132.1
1322 1.880888231805401e-05 132.2
1323 1.880884647713439e-05 132.3
1324 1.88087560921828e-05 132.4
1325 1.880869418607676e-05 132.5
1326 1.880863627261188e-05 132.6
1327 1.880857812740015e-05 132.7
1328 1.880852916308491e-05 132.8
1329 1.880849613889727e-05 132.9
1330 1.880842333529432e-05 133
1331 1.880837914108182e-05 133.1
1332 1.880830719199052e-05 133.2
1333 1.880825653950027e-05 133.3
1334 1.880820432242625e-05 133.4
1335 1.880815660774256e-05 133.5
1336 1.880809382444185e-05 133.6
1337 1.880800897061522e-05 133.7
1338 1.880799378872382e-05 133.8
1339 1.88079594528127e-05 133.9
1340 1.880792425791328e-05 134
1341 1.880789209455155e-05 134.1
1342 1.880786162443877e-05 134.2
1343 1.880785900446261e-05 134.3
1344 1.880780544047973e-05 134.4
1345 1.880777703463026e-05 134.5
1346 1.880774149962399e-05 134.6
1347 1.880770825190031e-05 134.7
1348 1.880767801302953e-05 134.8
1349 1.880764875735164e-05 134.9
1350 1.880761596538416e-05 135
1351 1.880760719868712e-05 135.1
1352 1.880759045599948e-05 135.2
1353 1.880756880944143e-05 135.3
1354 1.880755795806767e-05 135.4
1355 1.880754855957521e-05 135.5
1356 1.88075400117842e-05 135.6
1357 1.880752253005589e-05 135.7
1358 1.880749523158159e-05 135.8
1359 1.880747597103088e-05 135.9
1360 1.880744918536778e-05 136
1361 1.880741426317429e-05 136.1
1362 1.880742641409811e-05 136.2
1363 1.880741259587954e-05 136.3
1364 1.880743498915468e-05 136.4
1365 1.880738720955625e-05 136.5
1366 1.880739866059835e-05 136.6
1367 1.880739918580918e-05 136.7
1368 1.88073695245142e-05 136.8
1369 1.880746701553456e-05 136.9
1370 1.880734353594293e-05 137
1371 1.880746539347638e-05 137.1
1372 1.880735598252624e-05 137.2
1373 1.880747549543872e-05 137.3
1374 1.880737000432521e-05 137.4
1375 1.880749732629858e-05 137.5
1376 1.880740413349001e-05 137.6
1377 1.880753079566213e-05 137.7
1378 1.880744000380274e-05 137.8
1379 1.880756284365412e-05 137.9
1380 1.880748072795136e-05 138
1381 1.880758122976451e-05 138.1
1382 1.880751826830899e-05 138.2
1383 1.880755775184904e-05 138.3
1384 1.88075614409025e-05 138.4
1385 1.880759978750669e-05 138.5
1386 1.880761620786799e-05 138.6
1387 1.880761203563664e-05 138.7
1388 1.880766635078683e-05 138.8
1389 1.880768631506165e-05 138.9
1390 1.880771709823281e-05 139
1391 1.880774528426826e-05 139.1
1392 1.880777317276786e-05 139.2
1393 1.880780855874777e-05 139.3
1394 1.88078950203043e-05 139.4
1395 1.880788331028272e-05 139.5
1396 1.88079328700238e-05 139.6
1397 1.880796002722777e-05 139.7
1398 1.880798590445886e-05 139.8
1399 1.880802760403702e-05 139.9
1400 1.880804888219935e-05 140
1401 1.880807379548948e-05 140.1
1402 1.880811021569963e-05 140.2
1403 1.880815003641657e-05 140.3
1404 1.880817061253166e-05 140.4
1405 1.880819893523537e-05 140.5
1406 1.880824272903222e-05 140.6
1407 1.88082827576015e-05 140.7
1408 1.880831374510994e-05 140.8
1409 1.880833979388659e-05 140.9
1410 1.880838052304193e-05 141
1411 1.880845648610732e-05 141.1
1412 1.880848529856896e-05 141.2
1413 1.880855176294966e-05 141.3
1414 1.880857710179604e-05 141.4
1415 1.880861692543853e-05 141.5
1416 1.880869848240848e-05 141.6
1417 1.880870615045208e-05 141.7
1418 1.880875171510179e-05 141.8
1419 1.880882967364707e-05 141.9
1420 1.880889306931545e-05 142
1421 1.880890804555676e-05 142.1
1422 1.880894489647858e-05 142.2
1423 1.880904537972087e-05 142.3
1424 1.880906085308149e-05 142.4
1425 1.880911493117301e-05 142.5
1426 1.880914756912344e-05 142.6
1427 1.880922066972978e-05 142.7
1428 1.880929319479645e-05 142.8
1429 1.880933058599108e-05 142.9
1430 1.88093538759491e-05 143
1431 1.880938240748879e-05 143.1
1432 1.880947046278261e-05 143.2
1433 1.880947418594952e-05 143.3
1434 1.880957092868109e-05 143.4
1435 1.880963701045207e-05 143.5
1436 1.880965219259388e-05 143.6
1437 1.88097304558666e-05 143.7
1438 1.880978310006393e-05 143.8
1439 1.880982637549836e-05 143.9
1440 1.880989565404414e-05 144
1441 1.880994978188903e-05 144.1
1442 1.881003447759337e-05 144.2
1443 1.881010994086513e-05 144.3
1444 1.881019381019504e-05 144.4
1445 1.881025751943716e-05 144.5
1446 1.881031441641419e-05 144.6
1447 1.881038742790795e-05 144.7
1448 1.881046075700351e-05 144.8
1449 1.881052968693808e-05 144.9
1450 1.881059120646769e-05 145
1451 1.881067928486617e-05 145.1
1452 1.88107105936873e-05 145.2
1453 1.881079257892054e-05 145.3
1454 1.881087115175249e-05 145.4
1455 1.881096464662659e-05 145.5
1456 1.881107519975419e-05 145.6
1457 1.881116943344173e-05 145.7
1458 1.88112657110319e-05 145.8
1459 1.881128271281431e-05 145.9
1460 1.881144452048091e-05 146
1461 1.881155204102341e-05 146.1
1462 1.881165087884518e-05 146.2
1463 1.88117465800402e-05 146.3
1464 1.881184383101664e-05 146.4
1465 1.881194548057885e-05 146.5
1466 1.881204901969708e-05 146.6
1467 1.88121596473529e-05 146.7
1468 1.881227348299433e-05 146.8
1469 1.881237731594132e-05 146.9
1470 1.881249288167881e-05 147
1471 1.881260592015019e-05 147.1
1472 1.881273650818975e-05 147.2
1473 1.881283645235617e-05 147.3
1474 1.881294396249109e-05 147.4
1475 1.881307327061623e-05 147.5
1476 1.881318640749362e-05 147.6
1477 1.881335823650983e-05 147.7
1478 1.881340132878759e-05 147.8
1479 1.881355420163604e-05 147.9
1480 1.881370544674763e-05 148
1481 1.881385589695334e-05 148.1
1482 1.881396548647756e-05 148.2
1483 1.881413527858227e-05 148.3
1484 1.881427015627391e-05 148.4
1485 1.881442352918072e-05 148.5
1486 1.881459317104517e-05 148.6
1487 1.881472517930287e-05 148.7
1488 1.881486775708193e-05 148.8
1489 1.881500935229624e-05 148.9
1490 1.881521743030336e-05 149
1491 1.881537797833012e-05 149.1
1492 1.881554468136739e-05 149.2
1493 1.881573279015482e-05 149.3
1494 1.881588575555288e-05 149.4
1495 1.881607205723205e-05 149.5
1496 1.881623114616159e-05 149.6
1497 1.881647042988089e-05 149.7
1498 1.881658635296442e-05 149.8
1499 1.881675159211288e-05 149.9
1500 1.881690873315675e-05 150
1501 1.881713771910364e-05 150.1
1502 1.881734520058362e-05 150.2
1503 1.88175446623668e-05 150.3
1504 1.881775867509353e-05 150.4
1505 1.881797892214283e-05 150.5
1506 1.881819398937481e-05 150.6
1507 1.881838105330788e-05 150.7
1508 1.881856933082928e-05 150.8
1509 1.881877947905241e-05 150.9
1510 1.881900057441828e-05 151
1511 1.881920613778733e-05 151.1
1512 1.881941028725481e-05 151.2
1513 1.881963290668011e-05 151.3
1514 1.88198558679434e-05 151.4
1515 1.882010833168372e-05 151.5
1516 1.882033000408334e-05 151.6
1517 1.882054802465373e-05 151.7
1518 1.882079699267999e-05 151.8
1519 1.882103958478292e-05 151.9
1520 1.88212594603606e-05 152
1521 1.882150244062013e-05 152.1
1522 1.882174954089276e-05 152.2
1523 1.882201116644516e-05 152.3
1524 1.882228291639089e-05 152.4
1525 1.882256187854468e-05 152.5
1526 1.882283082705767e-05 152.6
1527 1.882307387407582e-05 152.7
1528 1.882329875111324e-05 152.8
1529 1.882355229596386e-05 152.9
1530 1.882379895449322e-05 153
1531 1.882404350157422e-05 153.1
1532 1.882433532240907e-05 153.2
1533 1.882457069413919e-05 153.3
1534 1.882485531733477e-05 153.4
1535 1.882512912640431e-05 153.5
1536 1.882540598775548e-05 153.6
1537 1.882569965088989e-05 153.7
1538 1.882601174349588e-05 153.8
1539 1.88262939579647e-05 153.9
1540 1.882658643988573e-05 154
1541 1.882688072093712e-05 154.1
1542 1.88271721857549e-05 154.2
1543 1.882749153429855e-05 154.3
1544 1.882780336147666e-05 154.4
1545 1.882812131275205e-05 154.5
1546 1.882841059995675e-05 154.6
1547 1.882868877429886e-05 154.7
1548 1.882900658832049e-05 154.8
1549 1.88293429592273e-05 154.9
1550 1.882964469467047e-05 155
1551 1.882998581505042e-05 155.1
1552 1.883026333787714e-05 155.2
1553 1.883062426270083e-05 155.3
1554 1.883090542753318e-05 155.4
1555 1.883125209466067e-05 155.5
1556 1.883159500084425e-05 155.6
1557 1.883193293413286e-05 155.7
1558 1.883224108487056e-05 155.8
1559 1.88326477732318e-05 155.9
1560 1.883288678419422e-05 156
1561 1.883333373091012e-05 156.1
1562 1.883361806047371e-05 156.2
1563 1.883402404041671e-05 156.3
1564 1.88343573766601e-05 156.4
1565 1.883473716066612e-05 156.5
1566 1.883509033807795e-05 156.6
1567 1.883552105580981e-05 156.7
1568 1.883580929408949e-05 156.8
1569 1.883620080380338e-05 156.9
1570 1.883650728679172e-05 157
1571 1.883689275100432e-05 157.1
1572 1.883727008389876e-05 157.2
1573 1.88376273243897e-05 157.3
1574 1.883800878665611e-05 157.4
1575 1.883840319436993e-05 157.5
1576 1.883881354026815e-05 157.6
1577 1.883918319017908e-05 157.7
1578 1.883957080926095e-05 157.8
1579 1.883992986240849e-05 157.9
1580 1.88403077529265e-05 158
1581 1.884069751356066e-05 158.1
1582 1.884105903673563e-05 158.2
1583 1.88414513195377e-05 158.3
1584 1.884175900441535e-05 158.4
1585 1.88422617459248e-05 158.5
1586 1.884263964155214e-05 158.6
1587 1.884303974827963e-05 158.7
1588 1.884345755452412e-05 158.8
1589 1.884386914227763e-05 158.9
1590 1.884425946747398e-05 159
1591 1.884469660419951e-05 159.1
1592 1.884517403996799e-05 159.2
1593 1.884545222286772e-05 159.3
1594 1.884584721103383e-05 159.4
1595 1.884624145408521e-05 159.5
1596 1.884673925545704e-05 159.6
1597 1.884717124791806e-05 159.7
1598 1.884747845986481e-05 159.8
1599 1.884798379261608e-05 159.9
1600 1.884841210146429e-05 160
1601 1.884881749596955e-05 160.1
1602 1.884923512265871e-05 160.2
1603 1.884968946260102e-05 160.3
1604 1.885002226628871e-05 160.4
1605 1.88504870935319e-05 160.5
1606 1.885075558600203e-05 160.6
1607 1.885129827976801e-05 160.7
1608 1.885171976887661e-05 160.8
1609 1.885213401405674e-05 160.9
1610 1.885255297503073e-05 161
1611 1.885308414767683e-05 161.1
1612 1.885343180281722e-05 161.2
1613 1.885374173823256e-05 161.3
1614 1.885426556582574e-05 161.4
1615 1.885470684149565e-05 161.5
1616 1.885527984665561e-05 161.6
1617 1.885544975597762e-05 161.7
1618 1.885593773681698e-05 161.8
1619 1.88562933088302e-05 161.9
1620 1.885689143172657e-05 162
1621 1.885716637695715e-05 162.1
1622 1.885759252650967e-05 162.2
1623 1.885803224555406e-05 162.3
1624 1.885852138992668e-05 162.4
1625 1.885892760454163e-05 162.5
1626 1.885934520292389e-05 162.6
1627 1.885983228715876e-05 162.7
1628 1.886022306309236e-05 162.8
1629 1.886067140821383e-05 162.9
1630 1.886112477614024e-05 163
1631 1.886151012869027e-05 163.1
1632 1.886186290743241e-05 163.2
1633 1.886231424177469e-05 163.3
1634 1.886274962398895e-05 163.4
1635 1.886316505697872e-05 163.5
1636 1.886365345999e-05 163.6
1637 1.886400704956409e-05 163.7
1638 1.886450519971597e-05 163.8
1639 1.886496120265663e-05 163.9
1640 1.88654502478108e-05 164
1641 1.886598249230608e-05 164.1
1642 1.886628242389375e-05 164.2
1643 1.886672190231142e-05 164.3
1644 1.886720591819757e-05 164.4
1645 1.886774594770184e-05 164.5
1646 1.886821523209203e-05 164.6
1647 1.886875718365662e-05 164.7
1648 1.88691054217267e-05 164.8
1649 1.88696193112417e-05 164.9
1650 1.887017072787736e-05 165
1651 1.887062183471112e-05 165.1
1652 1.887103165743075e-05 165.2
1653 1.887150242732312e-05 165.3
1654 1.887197141476962e-05 165.4
1655 1.887244355538892e-05 165.5
1656 1.887297912305794e-05 165.6
1657 1.887343275209439e-05 165.7
1658 1.887391870347647e-05 165.8
1659 1.887434930139364e-05 165.9
1660 1.88749370364686e-05 166
1661 1.887539153707956e-05 166.1
1662 1.887584152792034e-05 166.2
1663 1.887635546706877e-05 166.3
1664 1.887694405521146e-05 166.4
1665 1.887738542178722e-05 166.5
1666 1.887785720639482e-05 166.6
1667 1.887839972176699e-05 166.7
1668 1.887887055869065e-05 166.8
1669 1.887935372441543e-05 166.9
1670 1.887989536580709e-05 167
1671 1.888034637881746e-05 167.1
1672 1.888094061776048e-05 167.2
1673 1.888142756123058e-05 167.3
1674 1.888193416969882e-05 167.4
1675 1.888246975556167e-05 167.5
1676 1.888304087971811e-05 167.6
1677 1.888356920983748e-05 167.7
1678 1.888413248233479e-05 167.8
1679 1.888470249317267e-05 167.9
1680 1.888516612432313e-05 168
1681 1.888580100244932e-05 168.1
1682 1.888636285094138e-05 168.2
1683 1.888705818148769e-05 168.3
1684 1.888757602175804e-05 168.4
1685 1.888807298342624e-05 168.5
1686 1.888865822837859e-05 168.6
1687 1.888930933355741e-05 168.7
1688 1.888986299808758e-05 168.8
1689 1.88904111041973e-05 168.9
1690 1.889100309761158e-05 169
1691 1.889167139489432e-05 169.1
1692 1.889224613442068e-05 169.2
1693 1.889286362092957e-05 169.3
1694 1.889350257409167e-05 169.4
1695 1.889413979910658e-05 169.5
1696 1.889478837754816e-05 169.6
1697 1.889534308208669e-05 169.7
1698 1.889596966473381e-05 169.8
1699 1.88966560588499e-05 169.9
1700 1.889750241634703e-05 170
1701 1.889806768577694e-05 170.1
1702 1.889855540375296e-05 170.2
1703 1.889916940388353e-05 170.3
1704 1.889989001394833e-05 170.4
1705 1.890065350607563e-05 170.5
1706 1.890116924489059e-05 170.6
1707 1.890186715602642e-05 170.7
1708 1.890253059956252e-05 170.8
1709 1.890324836211429e-05 170.9
1710 1.890384899699782e-05 171
1711 1.890453780785283e-05 171.1
1712 1.890516470843495e-05 171.2
1713 1.89058430940598e-05 171.3
1714 1.890648521818896e-05 171.4
1715 1.8907273513419e-05 171.5
1716 1.890784527502729e-05 171.6
1717 1.89086030899597e-05 171.7
1718 1.89093661713901e-05 171.8
1719 1.891004879913273e-05 171.9
1720 1.891070446949863e-05 172
1721 1.891141642359e-05 172.1
1722 1.891215942221492e-05 172.2
1723 1.891291832542318e-05 172.3
1724 1.891368025184275e-05 172.4
1725 1.891446648726517e-05 172.5
1726 1.891523390612943e-05 172.6
1727 1.891592981535255e-05 172.7
1728 1.891670556864509e-05 172.8
1729 1.891759542583261e-05 172.9
1730 1.891825352516593e-05 173
1731 1.891909944109348e-05 173.1
1732 1.891990123678276e-05 173.2
1733 1.892061927643257e-05 173.3
1734 1.892152248587285e-05 173.4
1735 1.892235291778385e-05 173.5
1736 1.892314767790087e-05 173.6
1737 1.892395011744755e-05 173.7
1738 1.892477301227378e-05 173.8
1739 1.892564446197036e-05 173.9
1740 1.892650183737829e-05 174
1741 1.89272906388282e-05 174.1
1742 1.892814058294337e-05 174.2
1743 1.892898139671635e-05 174.3
1744 1.892981229958077e-05 174.4
1745 1.893066262245235e-05 174.5
1746 1.893146138778467e-05 174.6
1747 1.893229682806606e-05 174.7
1748 1.893315079748708e-05 174.8
1749 1.893401036903672e-05 174.9
1750 1.89347016023864e-05 175
1751 1.893563765323117e-05 175.1
1752 1.893651308192691e-05 175.2
1753 1.893738110514707e-05 175.3
1754 1.893833821084307e-05 175.4
1755 1.893910993925845e-05 175.5
1756 1.894006639504004e-05 175.6
1757 1.894094274921399e-05 175.7
1758 1.89417481868887e-05 175.8
1759 1.894271565135824e-05 175.9
1760 1.894359592560632e-05 176
1761 1.894449872531939e-05 176.1
1762 1.894539314528812e-05 176.2
1763 1.894625641322884e-05 176.3
1764 1.894711990638564e-05 176.4
1765 1.894801821621291e-05 176.5
1766 1.894896017000964e-05 176.6
1767 1.89498525182362e-05 176.7
1768 1.895070967335204e-05 176.8
1769 1.895160350738305e-05 176.9
1770 1.895251643771524e-05 177
1771 1.895346344194082e-05 177.1
1772 1.895450780366797e-05 177.2
1773 1.895542481910908e-05 177.3
1774 1.895638479856456e-05 177.4
1775 1.895733339831294e-05 177.5
1776 1.895828499743195e-05 177.6
1777 1.895924942354555e-05 177.7
1778 1.896023460351658e-05 177.8
1779 1.896122015918394e-05 177.9
1780 1.89622500304812e-05 178
1781 1.896316966461976e-05 178.1
1782 1.896408367463306e-05 178.2
1783 1.896511213915313e-05 178.3
1784 1.896611364365318e-05 178.4
1785 1.896692424749485e-05 178.5
1786 1.896802568546849e-05 178.6
1787 1.896897830772899e-05 178.7
1788 1.89699541148761e-05 178.8
1789 1.897088101124077e-05 178.9
1790 1.89717959529901e-05 179
1791 1.897278384699951e-05 179.1
1792 1.897385909974497e-05 179.2
1793 1.89748575798056e-05 179.3
1794 1.897585296008584e-05 179.4
1795 1.897683684428089e-05 179.5
1796 1.897784237593625e-05 179.6
1797 1.897885741492111e-05 179.7
1798 1.897999141869818e-05 179.8
1799 1.898086444774924e-05 179.9
1800 1.898184465061128e-05 180
1801 1.898274732145338e-05 180.1
1802 1.898376835869252e-05 180.2
1803 1.898496809442015e-05 180.3
1804 1.898575742397785e-05 180.4
1805 1.898662328210313e-05 180.5
1806 1.898786341264053e-05 180.6
1807 1.898867150366457e-05 180.7
1808 1.898958567815877e-05 180.8
1809 1.899053271769879e-05 180.9
1810 1.899145234445893e-05 181
1811 1.899252849745471e-05 181.1
1812 1.899346257649872e-05 181.2
1813 1.899425524233288e-05 181.3
1814 1.899527456017824e-05 181.4
1815 1.899604359494348e-05 181.5
1816 1.899716053404141e-05 181.6
1817 1.899811113645112e-05 181.7
1818 1.899912975895848e-05 181.8
1819 1.899993478310487e-05 181.9
1820 1.900077095115263e-05 182
1821 1.900178582796758e-05 182.1
1822 1.900275673006283e-05 182.2
1823 1.900370932492472e-05 182.3
1824 1.900469719438767e-05 182.4
1825 1.900549305574107e-05 182.5
1826 1.900658696477683e-05 182.6
1827 1.900750737800773e-05 182.7
1828 1.90084620878956e-05 182.8
1829 1.900969305936092e-05 182.9
1830 1.901044947414437e-05 183
1831 1.901121352927463e-05 183.1
1832 1.901252946996622e-05 183.2
1833 1.901339592216469e-05 183.3
1834 1.901425073362715e-05 183.4
1835 1.901509381253345e-05 183.5
1836 1.901627056041491e-05 183.6
1837 1.901731867558261e-05 183.7
1838 1.901819008975804e-05 183.8
1839 1.901889570904456e-05 183.9
1840 1.902007748196748e-05 184
1841 1.902122733914261e-05 184.1
1842 1.902209042261741e-05 184.2
1843 1.902288171936255e-05 184.3
1844 1.902384066800366e-05 184.4
1845 1.902479500718214e-05 184.5
1846 1.902577538943046e-05 184.6
1847 1.902677535690627e-05 184.7
1848 1.902753241758592e-05 184.8
1849 1.902830691512613e-05 184.9
1850 1.90293427253686e-05 185
1851 1.903036405623199e-05 185.1
1852 1.903127557226635e-05 185.2
1853 1.903217463278556e-05 185.3
1854 1.903309814337506e-05 185.4
1855 1.903403686746014e-05 185.5
1856 1.903492395079858e-05 185.6
1857 1.903589826490865e-05 185.7
1858 1.903687902823157e-05 185.8
1859 1.903781267505915e-05 185.9
1860 1.903879840066199e-05 186
1861 1.903964945199603e-05 186.1
1862 1.904077021361883e-05 186.2
1863 1.90416679437868e-05 186.3
1864 1.904262406689853e-05 186.4
1865 1.904360210871804e-05 186.5
1866 1.904455499260425e-05 186.6
1867 1.904555377239004e-05 186.7
1868 1.904657089347201e-05 186.8
1869 1.90473696449682e-05 186.9
1870 1.904844650386289e-05 187
1871 1.904943719407238e-05 187.1
1872 1.905041627906721e-05 187.2
1873 1.905144493603981e-05 187.3
1874 1.905245800574687e-05 187.4
1875 1.905344808913253e-05 187.5
1876 1.905441936037885e-05 187.6
1877 1.9055385426442e-05 187.7
1878 1.905638648993169e-05 187.8
1879 1.90573339004278e-05 187.9
1880 1.90583829148785e-05 188
1881 1.905934209228306e-05 188.1
1882 1.906019796705994e-05 188.2
1883 1.906133980125775e-05 188.3
1884 1.906231416500658e-05 188.4
1885 1.90633266160842e-05 188.5
1886 1.906436177261203e-05 188.6
1887 1.906544354485384e-05 188.7
1888 1.906652556826261e-05 188.8
1889 1.906757320443988e-05 188.9
1890 1.906869459913315e-05 189
1891 1.906967610287734e-05 189.1
1892 1.907077968367468e-05 189.2
1893 1.907191381715025e-05 189.3
1894 1.907296344902901e-05 189.4
1895 1.907408315475895e-05 189.5
1896 1.907506423762793e-05 189.6
1897 1.907619804963556e-05 189.7
1898 1.907708422319161e-05 189.8
1899 1.907824909963591e-05 189.9
1900 1.907931916918356e-05 190
1901 1.9080459761022e-05 190.1
1902 1.908161672784151e-05 190.2
1903 1.908274867524607e-05 190.3
1904 1.908398047543656e-05 190.4
1905 1.908513938896947e-05 190.5
1906 1.908638657216171e-05 190.6
1907 1.908759494366728e-05 190.7
1908 1.908871987214212e-05 190.8
1909 1.908994210693087e-05 190.9
1910 1.909111529930356e-05 191
1911 1.909233058939006e-05 191.1
1912 1.909342322290401e-05 191.2
1913 1.909470381327851e-05 191.3
1914 1.909580730676105e-05 191.4
1915 1.909698844479187e-05 191.5
1916 1.90981858046047e-05 191.6
1917 1.909937916545044e-05 191.7
1918 1.910062493826588e-05 191.8
1919 1.910197031239636e-05 191.9
1920 1.910309539378356e-05 192
1921 1.910447808946969e-05 192.1
1922 1.910570483409963e-05 192.2
1923 1.910697731563631e-05 192.3
1924 1.910826043285289e-05 192.4
1925 1.910958581701277e-05 192.5
1926 1.911093997627052e-05 192.6
1927 1.911219428210462e-05 192.7
1928 1.91135686445618e-05 192.8
1929 1.911491392266199e-05 192.9
1930 1.911632605309742e-05 193
1931 1.911765820393113e-05 193.1
1932 1.911906175276817e-05 193.2
1933 1.912037257709517e-05 193.3
1934 1.912169602520509e-05 193.4
1935 1.912307110694877e-05 193.5
1936 1.91244032741317e-05 193.6
1937 1.91257344583144e-05 193.7
1938 1.91271662603193e-05 193.8
1939 1.912853475387067e-05 193.9
1940 1.912991685783843e-05 194
1941 1.91313093236428e-05 194.1
1942 1.913274830838716e-05 194.2
1943 1.913417857114509e-05 194.3
1944 1.913556237193372e-05 194.4
1945 1.913694420171896e-05 194.5
1946 1.913828040069806e-05 194.6
1947 1.91395082554946e-05 194.7
1948 1.914101844813481e-05 194.8
1949 1.914257107770497e-05 194.9
1950 1.914376716376775e-05 195
1951 1.91452832840355e-05 195.1
1952 1.914684642829777e-05 195.2
1953 1.914809241788872e-05 195.3
1954 1.914953719424968e-05 195.4
1955 1.915100267708789e-05 195.5
1956 1.915244106110664e-05 195.6
1957 1.915390424101004e-05 195.7
1958 1.915537295068342e-05 195.8
1959 1.915681457806798e-05 195.9
1960 1.915833145885967e-05 196
1961 1.915975487580836e-05 196.1
1962 1.916124895412065e-05 196.2
1963 1.916271991481298e-05 196.3
1964 1.916424617076008e-05 196.4
1965 1.916572643461813e-05 196.5
1966 1.916728169076368e-05 196.6
1967 1.916878708109193e-05 196.7
1968 1.91702663410944e-05 196.8
1969 1.917174737217558e-05 196.9
1970 1.917328436120712e-05 197
1971 1.91747497587129e-05 197.1
1972 1.917629244260059e-05 197.2
1973 1.917785501319747e-05 197.3
1974 1.917940043195025e-05 197.4
1975 1.918116916647948e-05 197.5
1976 1.918211886556069e-05 197.6
1977 1.918387980316228e-05 197.7
1978 1.918535888960809e-05 197.8
1979 1.918689132667028e-05 197.9
1980 1.91883867823781e-05 198
1981 1.918989767122933e-05 198.1
1982 1.919137277793349e-05 198.2
1983 1.9192925559921e-05 198.3
1984 1.919427185194889e-05 198.4
1985 1.91958325229364e-05 198.5
1986 1.91970022681591e-05 198.6
1987 1.919877375307325e-05 198.7
1988 1.920028038941147e-05 198.8
1989 1.920195343316777e-05 198.9
1990 1.92033580186907e-05 199
1991 1.92048942516097e-05 199.1
1992 1.920646234225309e-05 199.2
1993 1.920797680794485e-05 199.3
1994 1.920947197502095e-05 199.4
1995 1.92108768732724e-05 199.5
1996 1.921241429075499e-05 199.6
1997 1.921384030661043e-05 199.7
1998 1.921531845822202e-05 199.8
1999 1.921686352452905e-05 199.9
2000 1.921828299564174e-05 200
