"lift_coeff-rfile"
"Time Step" "lift_coeff etc.."
("Time Step" "lift_coeff" "flow-time")
0 -1.648558299890441e-28 0
1 -2.361555950147613e-07 0.1
2 8.378465289438225e-09 0.2
3 -1.524293123517109e-08 0.3
4 -7.975186329651088e-09 0.4
5 7.435607021326929e-09 0.5
6 1.001949140834486e-08 0.6000000000000001
7 6.236518379861569e-09 0.7000000000000001
8 1.062921820742133e-08 0.8
9 7.545829303286789e-09 0.9
10 4.518711771434632e-09 1
11 -1.68960680167037e-10 1.1
12 -6.1164753464097e-10 1.2
13 -2.235096599314339e-09 1.3
14 7.963298912513688e-09 1.4
15 1.183337639892439e-08 1.5
16 1.231906692113963e-08 1.6
17 2.522364808841642e-09 1.7
18 -1.075195790091234e-09 1.8
19 5.699892150545652e-09 1.9
20 3.001655863984185e-08 2
21 2.782800966305641e-08 2.1
22 3.186385770247612e-08 2.2
23 3.316936959480487e-08 2.3
24 2.713088700175217e-08 2.4
25 2.116548351727694e-08 2.5
26 2.989092142103097e-08 2.6
27 2.876747652738778e-08 2.7
28 3.13005294692022e-08 2.8
29 3.635346366720094e-08 2.9
30 2.817337718147766e-08 3
31 2.101654364625079e-08 3.1
32 1.372356207273646e-08 3.2
33 8.607601305679295e-09 3.3
34 1.359542746903434e-08 3.4
35 2.069890745920351e-08 3.5
36 2.806485458842292e-08 3.6
37 2.814743159288882e-08 3.7
38 2.486542319201893e-08 3.8
39 2.76869373870023e-08 3.9
40 3.591387103004511e-08 4
41 4.461273212526799e-08 4.100000000000001
42 5.099467577133365e-08 4.2
43 5.573090382047718e-08 4.3
44 5.800459654731229e-08 4.4
45 6.047293333623565e-08 4.5
46 6.239905884202868e-08 4.600000000000001
47 6.373141215108882e-08 4.7
48 6.351330855543947e-08 4.800000000000001
49 6.445194684698736e-08 4.9
50 6.357833035610882e-08 5
51 6.494349359177685e-08 5.100000000000001
52 6.988904158346311e-08 5.2
53 7.318287614754131e-08 5.300000000000001
54 7.550760242804265e-08 5.4
55 7.654294455497439e-08 5.5
56 7.823602648760059e-08 5.600000000000001
57 8.045278631374282e-08 5.7
58 8.357598428342685e-08 5.800000000000001
59 8.841635350849613e-08 5.9
60 9.419165843590064e-08 6
61 9.619186632578013e-08 6.100000000000001
62 9.485219748869557e-08 6.2
63 8.816308917888167e-08 6.300000000000001
64 8.912538949265255e-08 6.4
65 8.945585363609991e-08 6.5
66 8.826811303640863e-08 6.600000000000001
67 9.06901239925687e-08 6.7
68 9.396573060481932e-08 6.800000000000001
69 9.698035430887623e-08 6.9
70 1.004414866786485e-07 7
71 1.044418079854299e-07 7.100000000000001
72 1.071178200735435e-07 7.2
73 1.097304999394532e-07 7.300000000000001
74 1.096359546584925e-07 7.4
75 1.110212714863993e-07 7.5
76 1.114741295344507e-07 7.600000000000001
77 1.129838299841486e-07 7.7
78 1.143643717738912e-07 7.800000000000001
79 1.197799084954884e-07 7.9
80 1.236246951389622e-07 8
81 1.273086025955633e-07 8.1
82 1.301334844873728e-07 8.200000000000001
83 1.309003509909895e-07 8.300000000000001
84 1.314972910595091e-07 8.4
85 1.328470251875988e-07 8.5
86 1.331586705493231e-07 8.6
87 1.338983118382153e-07 8.700000000000001
88 1.357923780979121e-07 8.800000000000001
89 1.386022826874909e-07 8.9
90 1.419488578574161e-07 9
91 1.466773377737412e-07 9.1
92 1.503165701601441e-07 9.200000000000001
93 1.524780716581136e-07 9.300000000000001
94 1.549208939266383e-07 9.4
95 1.579514856062721e-07 9.5
96 1.591011372443645e-07 9.600000000000001
97 1.602561678263538e-07 9.700000000000001
98 1.623014102401492e-07 9.800000000000001
99 1.636556298491821e-07 9.9
100 1.650607782005348e-07 10
101 1.672076188012633e-07 10.1
102 1.697189069732051e-07 10.2
103 1.728723813430606e-07 10.3
104 1.765486055003947e-07 10.4
105 1.791884953528814e-07 10.5
106 1.812851752429545e-07 10.6
107 1.8329096669376e-07 10.7
108 1.84791105164506e-07 10.8
109 1.867509964029937e-07 10.9
110 1.883667232173193e-07 11
111 1.908329169233398e-07 11.1
112 1.934900688298322e-07 11.2
113 1.958045450118313e-07 11.3
114 1.989577160014265e-07 11.4
115 2.010565099529086e-07 11.5
116 2.0343600698722e-07 11.6
117 2.058553280255828e-07 11.7
118 2.082503142537913e-07 11.8
119 2.111309795307579e-07 11.9
120 2.13706852132988e-07 12
121 2.161271579181485e-07 12.1
122 2.183496820497938e-07 12.2
123 2.193692579052014e-07 12.3
124 2.213011897042575e-07 12.4
125 2.241593195068208e-07 12.5
126 2.265961706393038e-07 12.6
127 2.286196304008296e-07 12.7
128 2.306485897498229e-07 12.8
129 2.327758356552746e-07 12.9
130 2.349415894092187e-07 13
131 2.373310363062096e-07 13.1
132 2.385593314955143e-07 13.2
133 2.406844806861962e-07 13.3
134 2.428617637295956e-07 13.4
135 2.443775735723584e-07 13.5
136 2.456986272858122e-07 13.6
137 2.480217718423274e-07 13.7
138 2.504966692146569e-07 13.8
139 2.524147532168812e-07 13.9
140 2.540953623406838e-07 14
141 2.555542968427313e-07 14.1
142 2.576273845706339e-07 14.2
143 2.60030116082642e-07 14.3
144 2.620132861921818e-07 14.4
145 2.641925405213046e-07 14.5
146 2.660909269087902e-07 14.6
147 2.678847128890451e-07 14.7
148 2.695228668186858e-07 14.8
149 2.710937678995758e-07 14.9
150 2.726589140104106e-07 15
151 2.744050643780515e-07 15.1
152 2.760590352524908e-07 15.2
153 2.774671194575553e-07 15.3
154 2.79155944960041e-07 15.4
155 2.808700685688339e-07 15.5
156 2.823843248083559e-07 15.6
157 2.84033971294734e-07 15.7
158 2.863057766916505e-07 15.8
159 2.878494854723421e-07 15.9
160 2.895925949618237e-07 16
161 2.907133541233989e-07 16.1
162 2.919801139917048e-07 16.2
163 2.934131264201038e-07 16.3
164 2.948385175522156e-07 16.4
165 2.96003806049121e-07 16.5
166 2.976990850105779e-07 16.6
167 2.986368039959436e-07 16.7
168 2.993289011530603e-07 16.8
169 3.000837604392493e-07 16.9
170 3.008803422138298e-07 17
171 3.016059081579841e-07 17.1
172 3.024043572928205e-07 17.2
173 3.031457161244603e-07 17.3
174 3.035133291083255e-07 17.4
175 3.038640725283223e-07 17.5
176 3.045591993132036e-07 17.6
177 3.054326355421514e-07 17.7
178 3.069041704807329e-07 17.8
179 3.075281647855556e-07 17.9
180 3.082859185085198e-07 18
181 3.09523192939695e-07 18.1
182 3.10206442413572e-07 18.2
183 3.109279864132078e-07 18.3
184 3.114527160190976e-07 18.4
185 3.121287880456864e-07 18.5
186 3.124921463368608e-07 18.6
187 3.131246528491767e-07 18.7
188 3.134919391234977e-07 18.8
189 3.139632060225822e-07 18.9
190 3.142597747696955e-07 19
191 3.143834186417322e-07 19.1
192 3.146935259632217e-07 19.2
193 3.147838807757164e-07 19.3
194 3.148579432582624e-07 19.4
195 3.150849925959787e-07 19.5
196 3.150955904109641e-07 19.6
197 3.150040628136111e-07 19.7
198 3.14823284422251e-07 19.8
199 3.147425610477416e-07 19.9
200 3.147077221300038e-07 20
201 3.145054212303988e-07 20.1
202 3.144830500704863e-07 20.2
203 3.140083613726374e-07 20.3
204 3.135894693625704e-07 20.4
205 3.134464004479409e-07 20.5
206 3.127178752670153e-07 20.6
207 3.125594479479205e-07 20.7
208 3.123091921598674e-07 20.8
209 3.120303367812892e-07 20.9
210 3.117799814852427e-07 21
211 3.113869390411381e-07 21.1
212 3.110174997945719e-07 21.2
213 3.105614375614756e-07 21.3
214 3.101476687985742e-07 21.4
215 3.097439344987468e-07 21.5
216 3.091610791535161e-07 21.6
217 3.082369348341323e-07 21.7
218 3.073857126700106e-07 21.8
219 3.074108105373092e-07 21.9
220 3.067125774583687e-07 22
221 3.063023304030345e-07 22.1
222 3.055947175163102e-07 22.2
223 3.04706294710927e-07 22.3
224 3.037358915359253e-07 22.4
225 3.02959355043346e-07 22.5
226 3.017771249397708e-07 22.6
227 3.009695145669129e-07 22.7
228 3.001081185148117e-07 22.8
229 2.989279869021003e-07 22.9
230 2.977940390188436e-07 23
231 2.965693737683539e-07 23.1
232 2.956174615465721e-07 23.2
233 2.94457054725786e-07 23.3
234 2.934328544916562e-07 23.4
235 2.925035029411579e-07 23.5
236 2.914496056824186e-07 23.6
237 2.902597601298418e-07 23.7
238 2.891653992901799e-07 23.8
239 2.882373132825718e-07 23.9
240 2.870941864118424e-07 24
241 2.858132856342984e-07 24.1
242 2.847457093172301e-07 24.2
243 2.832861359370884e-07 24.3
244 2.818553813600134e-07 24.4
245 2.806315014041017e-07 24.5
246 2.792680199414833e-07 24.6
247 2.778054804825411e-07 24.7
248 2.761537120064657e-07 24.8
249 2.748988592778386e-07 24.9
250 2.731285121350139e-07 25
251 2.718922122688316e-07 25.1
252 2.70318134126164e-07 25.2
253 2.688355378541554e-07 25.3
254 2.673711712996128e-07 25.4
255 2.658032822221945e-07 25.5
256 2.644157737312727e-07 25.6
257 2.630236846225983e-07 25.7
258 2.614596461582357e-07 25.8
259 2.597920375635893e-07 25.9
260 2.58101901724866e-07 26
261 2.563896340850316e-07 26.1
262 2.547333641666889e-07 26.2
263 2.530025953983824e-07 26.3
264 2.512542301486447e-07 26.4
265 2.495088493723223e-07 26.5
266 2.476263355103258e-07 26.6
267 2.456571513766326e-07 26.7
268 2.436548017166939e-07 26.8
269 2.418319049056257e-07 26.9
270 2.397310585533291e-07 27
271 2.377824524610981e-07 27.1
272 2.356427863618074e-07 27.2
273 2.337321245903369e-07 27.3
274 2.316401012557259e-07 27.4
275 2.296968633409755e-07 27.5
276 2.277121411924953e-07 27.6
277 2.255356176457505e-07 27.7
278 2.234633295487626e-07 27.8
279 2.213260233248702e-07 27.9
280 2.191073186047154e-07 28
281 2.168174289006427e-07 28.1
282 2.147021180620316e-07 28.2
283 2.12611904049377e-07 28.3
284 2.104267321113321e-07 28.4
285 2.084454690003372e-07 28.5
286 2.063821687165017e-07 28.6
287 2.041134157023959e-07 28.7
288 2.018688903318383e-07 28.8
289 1.996614200654554e-07 28.9
290 1.975941688199166e-07 29
291 1.952065898448211e-07 29.1
292 1.930730387688563e-07 29.2
293 1.906714033385324e-07 29.3
294 1.885261995281629e-07 29.4
295 1.860614230988581e-07 29.5
296 1.838875826407525e-07 29.6
297 1.814264919971786e-07 29.7
298 1.791467581220473e-07 29.8
299 1.770582290457363e-07 29.9
300 1.74867625749824e-07 30
301 1.726432033793211e-07 30.1
302 1.70359329889319e-07 30.2
303 1.680548238637089e-07 30.3
304 1.655853737522574e-07 30.4
305 1.63374973275262e-07 30.5
306 1.610484954459984e-07 30.6
307 1.585482549123634e-07 30.7
308 1.560169306242643e-07 30.8
309 1.533601666958212e-07 30.9
310 1.508739688034832e-07 31
311 1.486858362148185e-07 31.1
312 1.459471260589398e-07 31.2
313 1.438610136150958e-07 31.3
314 1.410439184052585e-07 31.4
315 1.389986990412913e-07 31.5
316 1.361280657449006e-07 31.6
317 1.340536991563245e-07 31.7
318 1.312168260853266e-07 31.8
319 1.289297807577543e-07 31.9
320 1.263728603412684e-07 32
321 1.240335514125809e-07 32.1
322 1.213728697081897e-07 32.2
323 1.188839045297871e-07 32.3
324 1.162118004196456e-07 32.4
325 1.137664003541465e-07 32.5
326 1.110500037691753e-07 32.6
327 1.083921417634753e-07 32.7
328 1.059117649150284e-07 32.8
329 1.038655316553396e-07 32.9
330 1.005452631554401e-07 33
331 9.851739419689483e-08 33.1
332 9.571905382996499e-08 33.2
333 9.331201339573552e-08 33.3
334 9.038794562457596e-08 33.4
335 8.797291917706251e-08 33.5
336 8.538113283513432e-08 33.6
337 8.26434105207173e-08 33.7
338 8.019383214087975e-08 33.8
339 7.751340574758161e-08 33.9
340 7.506418679550655e-08 34
341 7.241252874674914e-08 34.1
342 6.98955031651326e-08 34.2
343 6.721265452951216e-08 34.3
344 6.473984947674906e-08 34.4
345 6.210136534527518e-08 34.5
346 5.961254889960108e-08 34.6
347 5.702410978283872e-08 34.7
348 5.460312037467605e-08 34.8
349 5.236712105558274e-08 34.9
350 4.962149325307466e-08 35
351 4.733408081526973e-08 35.1
352 4.471256045995539e-08 35.2
353 4.256028778292693e-08 35.3
354 3.994925126882809e-08 35.4
355 3.771730117225611e-08 35.5
356 3.515619667038645e-08 35.6
357 3.312492231355052e-08 35.7
358 3.065916105425667e-08 35.8
359 2.834729609357491e-08 35.9
360 2.599817845862655e-08 36
361 2.359897708244845e-08 36.1
362 2.133122188890554e-08 36.2
363 1.880006529323604e-08 36.3
364 1.668276902826285e-08 36.4
365 1.43262769866733e-08 36.5
366 1.19749488867187e-08 36.6
367 9.652289858960351e-09 36.7
368 7.419218120130037e-09 36.8
369 4.94041838636313e-09 36.9
370 3.140928311856235e-09 37
371 7.843821521593061e-10 37.1
372 -1.453515907034491e-09 37.2
373 -3.511706224256362e-09 37.3
374 -5.698845534276494e-09 37.4
375 -8.016530926234434e-09 37.5
376 -9.804676685999603e-09 37.6
377 -1.200782194596936e-08 37.7
378 -1.411782573278325e-08 37.8
379 -1.620772729378734e-08 37.9
380 -1.842354825732368e-08 38
381 -2.001903503511192e-08 38.1
382 -2.216174083443089e-08 38.2
383 -2.430906596304074e-08 38.3
384 -2.600531639508098e-08 38.40000000000001
385 -2.815529908897528e-08 38.5
386 -2.980399221213574e-08 38.6
387 -3.202294667939979e-08 38.7
388 -3.354803585533292e-08 38.8
389 -3.555608138124781e-08 38.90000000000001
390 -3.730734192115208e-08 39
391 -3.909690243336431e-08 39.1
392 -4.084997269787215e-08 39.2
393 -4.266151436447241e-08 39.3
394 -4.432849479478192e-08 39.40000000000001
395 -4.602379968207213e-08 39.5
396 -4.771053357324583e-08 39.6
397 -4.937338405691172e-08 39.7
398 -5.104532836353702e-08 39.8
399 -5.267710320941932e-08 39.90000000000001
400 -5.416280818842591e-08 40
401 -5.583223357603046e-08 40.1
402 -5.726359994735395e-08 40.2
403 -5.882663138336989e-08 40.3
404 -6.013632886106641e-08 40.40000000000001
405 -6.162101896896611e-08 40.5
406 -6.303442334793274e-08 40.6
407 -6.438840822567945e-08 40.7
408 -6.583371575813401e-08 40.8
409 -6.678070597408807e-08 40.90000000000001
410 -6.870087466714615e-08 41
411 -6.97905365712668e-08 41.1
412 -7.100444004318416e-08 41.2
413 -7.223383379970166e-08 41.3
414 -7.353590248603801e-08 41.40000000000001
415 -7.454065713931002e-08 41.5
416 -7.560418698965304e-08 41.6
417 -7.686341159202388e-08 41.7
418 -7.786503124231327e-08 41.8
419 -7.887313936721575e-08 41.90000000000001
420 -7.989772044987427e-08 42
421 -8.079581558574115e-08 42.1
422 -8.162768993507176e-08 42.2
423 -8.262473147018307e-08 42.3
424 -8.391256588860357e-08 42.40000000000001
425 -8.444226449832611e-08 42.5
426 -8.524317279423446e-08 42.6
427 -8.590963134380534e-08 42.7
428 -8.666891617559359e-08 42.8
429 -8.737869721842108e-08 42.90000000000001
430 -8.791967097471474e-08 43
431 -8.86519538563604e-08 43.1
432 -8.927890854324973e-08 43.2
433 -8.985610832821364e-08 43.3
434 -9.051850665728142e-08 43.40000000000001
435 -9.089327746485497e-08 43.5
436 -9.142941519717764e-08 43.6
437 -9.199401983262333e-08 43.7
438 -9.233962953108906e-08 43.8
439 -9.264498027936776e-08 43.90000000000001
440 -9.296925298181289e-08 44
441 -9.320504058788189e-08 44.1
442 -9.339071441532023e-08 44.2
443 -9.374015442127392e-08 44.3
444 -9.395431731683318e-08 44.40000000000001
445 -9.393311217614212e-08 44.5
446 -9.423472680367244e-08 44.6
447 -9.452316441868975e-08 44.7
448 -9.422738652895339e-08 44.8
449 -9.438342740168888e-08 44.90000000000001
450 -9.45143833834026e-08 45
451 -9.435072586831577e-08 45.1
452 -9.421224343961505e-08 45.2
453 -9.415870437029861e-08 45.3
454 -9.401792772320978e-08 45.40000000000001
455 -9.382176594778889e-08 45.5
456 -9.367580082291739e-08 45.6
457 -9.334848305179272e-08 45.7
458 -9.309420804928284e-08 45.8
459 -9.278291734231535e-08 45.90000000000001
460 -9.230501128487713e-08 46
461 -9.192089855666842e-08 46.1
462 -9.149403604465139e-08 46.2
463 -9.098898748759491e-08 46.3
464 -9.045078143179857e-08 46.40000000000001
465 -8.990781295350142e-08 46.5
466 -8.93193619705224e-08 46.6
467 -8.863670679636691e-08 46.7
468 -8.807464003874411e-08 46.8
469 -8.734723467364089e-08 46.90000000000001
470 -8.666276892070288e-08 47
471 -8.587461218547719e-08 47.1
472 -8.512651085160866e-08 47.2
473 -8.43007693598665e-08 47.3
474 -8.347813157869116e-08 47.40000000000001
475 -8.250644235168065e-08 47.5
476 -8.161615192658673e-08 47.6
477 -8.05651355044703e-08 47.7
478 -7.959541466337444e-08 47.8
479 -7.852717854239851e-08 47.90000000000001
480 -7.752139884906367e-08 48
481 -7.634382048549531e-08 48.1
482 -7.532159875851247e-08 48.2
483 -7.406349702414488e-08 48.3
484 -7.298847169896097e-08 48.40000000000001
485 -7.165046344708414e-08 48.5
486 -7.046725000431236e-08 48.6
487 -6.902555204291289e-08 48.7
488 -6.778033828694042e-08 48.8
489 -6.639344082446974e-08 48.90000000000001
490 -6.513346139976438e-08 49
491 -6.362396394615696e-08 49.1
492 -6.227826209292103e-08 49.2
493 -6.06849759512321e-08 49.3
494 -5.93683318072502e-08 49.40000000000001
495 -5.747943686346909e-08 49.5
496 -5.666442443817612e-08 49.6
497 -5.457763754386483e-08 49.7
498 -5.287852321925897e-08 49.8
499 -5.041796090691947e-08 49.90000000000001
500 -4.951440741545414e-08 50
501 -4.731695684493833e-08 50.1
502 -4.650261065526386e-08 50.2
503 -4.415759167615185e-08 50.3
504 -4.323404088257096e-08 50.40000000000001
505 -4.087773470205193e-08 50.5
506 -3.996165047099937e-08 50.6
507 -3.753764053638753e-08 50.7
508 -3.657931164673246e-08 50.8
509 -3.41439799705422e-08 50.90000000000001
510 -3.346132945179281e-08 51
511 -3.030275114523423e-08 51.1
512 -3.004147546818129e-08 51.2
513 -2.679381770341884e-08 51.3
514 -2.636490855098392e-08 51.40000000000001
515 -2.311016659912071e-08 51.5
516 -2.246097848304428e-08 51.6
517 -1.940487918616809e-08 51.7
518 -1.883257771925512e-08 51.8
519 -1.558661997644867e-08 51.90000000000001
520 -1.501810097497798e-08 52
521 -1.181128304132718e-08 52.1
522 -1.107361653417974e-08 52.2
523 -7.820007165325536e-09 52.3
524 -7.107471146386947e-09 52.40000000000001
525 -3.807504548551704e-09 52.5
526 -3.039182062342874e-09 52.6
527 2.951543338679306e-10 52.7
528 1.113661031243737e-09 52.8
529 4.503329569722705e-09 52.90000000000001
530 5.079249213447359e-09 53
531 8.853069333536975e-09 53.1
532 9.29570357007906e-09 53.2
533 1.311809939207219e-08 53.3
534 1.365639280563238e-08 53.40000000000001
535 1.715884085775223e-08 53.5
536 1.833666876559215e-08 53.6
537 2.163839338638738e-08 53.7
538 2.235187709219486e-08 53.8
539 2.625052997956001e-08 53.90000000000001
540 2.669656785107483e-08 54
541 3.066293639305002e-08 54.1
542 3.125999043445271e-08 54.2
543 3.504886411986674e-08 54.3
544 3.586132406641401e-08 54.40000000000001
545 3.96174314007049e-08 54.5
546 4.036832246683206e-08 54.6
547 4.415166771148534e-08 54.7
548 4.493979394526383e-08 54.8
549 4.873972870610661e-08 54.90000000000001
550 4.954509756415723e-08 55
551 5.335928627525439e-08 55.1
552 5.413493733644252e-08 55.2
553 5.806947531028701e-08 55.3
554 5.872683259559085e-08 55.40000000000001
555 6.269329267807836e-08 55.5
556 6.315302950650829e-08 55.6
557 6.762788833678651e-08 55.7
558 6.780381711658577e-08 55.8
559 7.243684328215705e-08 55.90000000000001
560 7.262913197548481e-08 56
561 7.67433539173264e-08 56.1
562 7.756818253034118e-08 56.2
563 8.15566300026377e-08 56.3
564 8.226481632603621e-08 56.40000000000001
565 8.625222726872312e-08 56.5
566 8.713461099029226e-08 56.6
567 9.075180898796509e-08 56.7
568 9.196388072372412e-08 56.8
569 9.550351285953555e-08 56.90000000000001
570 9.66736430464657e-08 57
571 1.002066810403584e-07 57.1
572 1.013942663798156e-07 57.2
573 1.049120562344547e-07 57.3
574 1.060849380882815e-07 57.40000000000001
575 1.09774646607172e-07 57.5
576 1.106677642333451e-07 57.6
577 1.144091522003466e-07 57.7
578 1.152711178502771e-07 57.8
579 1.191602977635756e-07 57.90000000000001
580 1.199242083176198e-07 58
581 1.23857513261375e-07 58.1
582 1.244847551892141e-07 58.2
583 1.284197611109181e-07 58.3
584 1.29092149336158e-07 58.40000000000001
585 1.32997016593131e-07 58.5
586 1.336571384339747e-07 58.6
587 1.375411187666501e-07 58.7
588 1.382348328843639e-07 58.8
589 1.420917525137412e-07 58.90000000000001
590 1.427961092080328e-07 59
591 1.466050957028528e-07 59.1
592 1.473432636718405e-07 59.2
593 1.508970662212459e-07 59.3
594 1.519756184705042e-07 59.40000000000001
595 1.553989509904914e-07 59.5
596 1.563543193152901e-07 59.6
597 1.597516783814841e-07 59.7
598 1.607269144661793e-07 59.8
599 1.6407646733964e-07 59.90000000000001
600 1.650243556301573e-07 60
601 1.683345266780861e-07 60.1
602 1.692744907410356e-07 60.2
603 1.72537154988408e-07 60.3
604 1.734769557612388e-07 60.40000000000001
605 1.767432841968983e-07 60.5
606 1.775303413357293e-07 60.6
607 1.808407738225931e-07 60.7
608 1.815681472767301e-07 60.8
609 1.848427014935327e-07 60.90000000000001
610 1.855977547072928e-07 61
611 1.888002010463644e-07 61.1
612 1.895263703474942e-07 61.2
613 1.926753095221357e-07 61.3
614 1.933794131873376e-07 61.40000000000001
615 1.96442004139084e-07 61.5
616 1.971629758040215e-07 61.6
617 2.001669104981693e-07 61.7
618 2.008895732803049e-07 61.8
619 2.038656510595841e-07 61.90000000000001
620 2.044482518635877e-07 62
621 2.074055566539746e-07 62.1
622 2.079957591400642e-07 62.2
623 2.108702414817146e-07 62.3
624 2.113774403644964e-07 62.40000000000001
625 2.14155889153079e-07 62.5
626 2.148538407432675e-07 62.6
627 2.175205121584517e-07 62.7
628 2.180673351280489e-07 62.8
629 2.206906628856731e-07 62.90000000000001
630 2.212194058057766e-07 63
631 2.237703183421831e-07 63.1
632 2.242671155914967e-07 63.2
633 2.267511820943744e-07 63.3
634 2.27210187006572e-07 63.40000000000001
635 2.296278352323031e-07 63.5
636 2.300712569955606e-07 63.6
637 2.324258692640202e-07 63.7
638 2.328417892294397e-07 63.8
639 2.351088324892443e-07 63.90000000000001
640 2.35514625719625e-07 64
641 2.37685712748103e-07 64.10000000000001
642 2.380867391548975e-07 64.2
643 2.401733884545047e-07 64.3
644 2.404951351731438e-07 64.40000000000001
645 2.425047813638576e-07 64.5
646 2.428178439092757e-07 64.60000000000001
647 2.446095551005096e-07 64.7
648 2.450139945871906e-07 64.8
649 2.467069106669129e-07 64.90000000000001
650 2.470449876950346e-07 65
651 2.486567083253244e-07 65.10000000000001
652 2.489484709065167e-07 65.2
653 2.504756049212435e-07 65.3
654 2.507063323875275e-07 65.40000000000001
655 2.521558359763173e-07 65.5
656 2.523781096491735e-07 65.60000000000001
657 2.5372098238805e-07 65.7
658 2.539888839592442e-07 65.8
659 2.552104427494848e-07 65.90000000000001
660 2.554039333991514e-07 66
661 2.565466500955504e-07 66.10000000000001
662 2.566808909013227e-07 66.2
663 2.577343767399903e-07 66.3
664 2.578153270684405e-07 66.40000000000001
665 2.587847023749868e-07 66.5
666 2.588289199755089e-07 66.60000000000001
667 2.597097656907524e-07 66.7
668 2.597100271093963e-07 66.8
669 2.605071264602843e-07 66.90000000000001
670 2.604665208256275e-07 67
671 2.61173028802447e-07 67.10000000000001
672 2.609737755830643e-07 67.2
673 2.618171261120234e-07 67.3
674 2.614060968053654e-07 67.40000000000001
675 2.621859172877109e-07 67.5
676 2.617962099486944e-07 67.60000000000001
677 2.626603944258559e-07 67.7
678 2.619195824045952e-07 67.8
679 2.627876143319018e-07 67.90000000000001
680 2.619974435561681e-07 68
681 2.62592272492763e-07 68.10000000000001
682 2.620419407366392e-07 68.2
683 2.624717167957382e-07 68.3
684 2.617882336833798e-07 68.40000000000001
685 2.621299773850684e-07 68.5
686 2.614264373835221e-07 68.60000000000001
687 2.616715598353683e-07 68.7
688 2.60788667999243e-07 68.8
689 2.611894672419286e-07 68.90000000000001
690 2.60150544223693e-07 69
691 2.602124027180454e-07 69.10000000000001
692 2.595797357086806e-07 69.2
693 2.594426203704727e-07 69.3
694 2.586293407305405e-07 69.40000000000001
695 2.584189396595506e-07 69.5
696 2.57605497529745e-07 69.60000000000001
697 2.572895861909289e-07 69.7
698 2.563893991476224e-07 69.8
699 2.560255205512707e-07 69.90000000000001
700 2.550498996840838e-07 70
701 2.545925481369116e-07 70.10000000000001
702 2.535710964017356e-07 70.2
703 2.53017505195537e-07 70.3
704 2.519363208657368e-07 70.40000000000001
705 2.512873662477116e-07 70.5
706 2.501582562450893e-07 70.60000000000001
707 2.494311660073755e-07 70.7
708 2.482175341743536e-07 70.8
709 2.474195247826261e-07 70.90000000000001
710 2.461475027969184e-07 71
711 2.452613446573646e-07 71.10000000000001
712 2.439539599008012e-07 71.2
713 2.429747991680007e-07 71.3
714 2.415919905126333e-07 71.40000000000001
715 2.405513968382207e-07 71.5
716 2.391287763554835e-07 71.60000000000001
717 2.379623996439018e-07 71.7
718 2.364986723686016e-07 71.8
719 2.352855844601131e-07 71.90000000000001
720 2.338816615805742e-07 72
721 2.322721700499723e-07 72.10000000000001
722 2.311963579621265e-07 72.2
723 2.295041004288993e-07 72.3
724 2.279577913988787e-07 72.40000000000001
725 2.263171351354223e-07 72.5
726 2.250144831401546e-07 72.60000000000001
727 2.231658242400707e-07 72.7
728 2.216138147886861e-07 72.8
729 2.197873077932431e-07 72.90000000000001
730 2.184099325994154e-07 73
731 2.163945770369918e-07 73.10000000000001
732 2.14773718212095e-07 73.2
733 2.128271632595651e-07 73.3
734 2.112396308371969e-07 73.40000000000001
735 2.091331928035561e-07 73.5
736 2.074520869970978e-07 73.60000000000001
737 2.053326258914302e-07 73.7
738 2.03687199720496e-07 73.8
739 2.014077935190641e-07 73.90000000000001
740 1.996493439610951e-07 74
741 1.973784779295935e-07 74.10000000000001
742 1.956110687153645e-07 74.2
743 1.931549147122059e-07 74.3
744 1.91303152430579e-07 74.40000000000001
745 1.889824862526457e-07 74.5
746 1.869546553545055e-07 74.60000000000001
747 1.845784624376415e-07 74.7
748 1.825415828507473e-07 74.8
749 1.800945427801117e-07 74.90000000000001
750 1.780347059540254e-07 75
751 1.754193953239945e-07 75.10000000000001
752 1.734586346114055e-07 75.2
753 1.707660607183614e-07 75.3
754 1.687497174654155e-07 75.40000000000001
755 1.659977675727099e-07 75.5
756 1.639524760344569e-07 75.60000000000001
757 1.611374134843207e-07 75.7
758 1.590511319256044e-07 75.8
759 1.561790878208186e-07 75.90000000000001
760 1.540732367242853e-07 76
761 1.511425240794107e-07 76.10000000000001
762 1.490895316433944e-07 76.2
763 1.459883487174418e-07 76.3
764 1.437787951070415e-07 76.40000000000001
765 1.408746915853703e-07 76.5
766 1.385156481689973e-07 76.60000000000001
767 1.354912167069994e-07 76.7
768 1.331891740533515e-07 76.80000000000001
769 1.301911695736008e-07 76.90000000000001
770 1.278043681222927e-07 77
771 1.247612288424694e-07 77.10000000000001
772 1.223850785852118e-07 77.2
773 1.191650189564032e-07 77.30000000000001
774 1.169603012799538e-07 77.40000000000001
775 1.136537813525884e-07 77.5
776 1.113644116991554e-07 77.60000000000001
777 1.080231168959432e-07 77.7
778 1.057285638062374e-07 77.80000000000001
779 1.023493278775583e-07 77.90000000000001
780 1.000277040941648e-07 78
781 9.649331522580962e-08 78.10000000000001
782 9.442324257815351e-08 78.2
783 9.079327401050288e-08 78.30000000000001
784 8.86172566311861e-08 78.40000000000001
785 8.496729739699426e-08 78.5
786 8.278806179838985e-08 78.60000000000001
787 7.910579522935791e-08 78.7
788 7.691785481503672e-08 78.80000000000001
789 7.320894875047241e-08 78.90000000000001
790 7.083899977322621e-08 79
791 6.742469095792999e-08 79.10000000000001
792 6.497604929774417e-08 79.2
793 6.135795173667089e-08 79.30000000000001
794 5.90109801950366e-08 79.40000000000001
795 5.537396570237543e-08 79.5
796 5.28584645923445e-08 79.60000000000001
797 4.957094722324287e-08 79.7
798 4.675399310037857e-08 79.80000000000001
799 4.346159426802229e-08 79.90000000000001
800 4.095033072106473e-08 80
801 3.723551432507602e-08 80.10000000000001
802 3.502955472428844e-08 80.2
803 3.125747458090477e-08 80.30000000000001
804 2.892763454881616e-08 80.40000000000001
805 2.522133427542549e-08 80.5
806 2.280122391612358e-08 80.60000000000001
807 1.923203151018046e-08 80.7
808 1.671640801680751e-08 80.80000000000001
809 1.31637454323789e-08 80.90000000000001
810 1.067521188434336e-08 81
811 7.125277412513377e-09 81.10000000000001
812 4.637785113465533e-09 81.2
813 1.095859640196744e-09 81.30000000000001
814 -1.379150435981065e-09 81.40000000000001
815 -4.907925005307343e-09 81.5
816 -7.365713276185641e-09 81.60000000000001
817 -1.088200521411805e-08 81.7
818 -1.332899037037791e-08 81.80000000000001
819 -1.682958539110462e-08 81.90000000000001
820 -1.914698934143546e-08 82
821 -2.25300860080871e-08 82.10000000000001
822 -2.540729415423749e-08 82.2
823 -2.84690153120032e-08 82.30000000000001
824 -3.125716292471213e-08 82.40000000000001
825 -3.43116074218874e-08 82.5
826 -3.707456119267281e-08 82.60000000000001
827 -4.010779263134395e-08 82.7
828 -4.283423233228703e-08 82.80000000000001
829 -4.584529239292195e-08 82.90000000000001
830 -4.854384168850188e-08 83
831 -5.153217491638486e-08 83.10000000000001
832 -5.420543272701744e-08 83.2
833 -5.716621213222601e-08 83.30000000000001
834 -5.980848115478766e-08 83.40000000000001
835 -6.274045215017983e-08 83.5
836 -6.53576740563374e-08 83.60000000000001
837 -6.824899732845323e-08 83.7
838 -7.08432553789173e-08 83.80000000000001
839 -7.369556824787024e-08 83.90000000000001
840 -7.623173742167914e-08 84
841 -7.924588936885256e-08 84.10000000000001
842 -8.137716671427168e-08 84.2
843 -8.442408244249153e-08 84.30000000000001
844 -8.666513304394302e-08 84.40000000000001
845 -8.964770645862103e-08 84.5
846 -9.183988283483545e-08 84.60000000000001
847 -9.477200238737746e-08 84.7
848 -9.692871728204324e-08 84.80000000000001
849 -9.98197800741556e-08 84.90000000000001
850 -1.018135644960401e-07 85
851 -1.048982473590184e-07 85.10000000000001
852 -1.066519352572852e-07 85.2
853 -1.097082924791234e-07 85.30000000000001
854 -1.115740773715733e-07 85.40000000000001
855 -1.1436254422448e-07 85.5
856 -1.163570815036471e-07 85.60000000000001
857 -1.18844793108199e-07 85.7
858 -1.208893393368242e-07 85.80000000000001
859 -1.234143596382615e-07 85.90000000000001
860 -1.254787023021488e-07 86
861 -1.278829115863169e-07 86.10000000000001
862 -1.297662589711528e-07 86.2
863 -1.322157758238645e-07 86.30000000000001
864 -1.340722931168082e-07 86.40000000000001
865 -1.363774122371736e-07 86.5
866 -1.381698311615493e-07 86.60000000000001
867 -1.404131757202328e-07 86.7
868 -1.421651358660895e-07 86.80000000000001
869 -1.44390416465154e-07 86.90000000000001
870 -1.459549846715724e-07 87
871 -1.48070370094442e-07 87.10000000000001
872 -1.498890410549941e-07 87.2
873 -1.516619990501877e-07 87.30000000000001
874 -1.53463858904414e-07 87.40000000000001
875 -1.551593831762933e-07 87.5
876 -1.56930276128029e-07 87.60000000000001
877 -1.585380045675116e-07 87.7
878 -1.602539965270688e-07 87.80000000000001
879 -1.617736586046954e-07 87.90000000000001
880 -1.634200553055107e-07 88
881 -1.64869411215655e-07 88.10000000000001
882 -1.664368713785986e-07 88.2
883 -1.678000270345336e-07 88.30000000000001
884 -1.693143903746323e-07 88.40000000000001
885 -1.705836379461081e-07 88.5
886 -1.719073666919987e-07 88.60000000000001
887 -1.732547314373607e-07 88.7
888 -1.745844288203373e-07 88.80000000000001
889 -1.757228692438265e-07 88.90000000000001
890 -1.769532432939508e-07 89
891 -1.780099763384491e-07 89.10000000000001
892 -1.792051635139823e-07 89.2
893 -1.801551094399184e-07 89.30000000000001
894 -1.812758496476062e-07 89.40000000000001
895 -1.821242115305896e-07 89.5
896 -1.831826948157624e-07 89.60000000000001
897 -1.839288795614085e-07 89.7
898 -1.849176743955714e-07 89.80000000000001
899 -1.855706689367492e-07 89.90000000000001
900 -1.864900931285936e-07 90
901 -1.870383763183693e-07 90.10000000000001
902 -1.878960083500384e-07 90.2
903 -1.883464659037362e-07 90.30000000000001
904 -1.889957335621492e-07 90.40000000000001
905 -1.895742639094251e-07 90.5
906 -1.90077065703256e-07 90.60000000000001
907 -1.904130926064211e-07 90.7
908 -1.909150336936686e-07 90.80000000000001
909 -1.912789209152137e-07 90.90000000000001
910 -1.916155002154382e-07 91
911 -1.918744177347416e-07 91.10000000000001
912 -1.921255896641864e-07 91.2
913 -1.922782512628866e-07 91.30000000000001
914 -1.924742563396159e-07 91.40000000000001
915 -1.925058948949009e-07 91.5
916 -1.926292909485143e-07 91.60000000000001
917 -1.924997559524501e-07 91.7
918 -1.927343537204617e-07 91.80000000000001
919 -1.922181401740061e-07 91.90000000000001
920 -1.92537502665709e-07 92
921 -1.919026823944298e-07 92.10000000000001
922 -1.921124771233573e-07 92.2
923 -1.913672211316488e-07 92.30000000000001
924 -1.915099377529127e-07 92.40000000000001
925 -1.906532662717205e-07 92.5
926 -1.906106716267806e-07 92.60000000000001
927 -1.898783894342873e-07 92.7
928 -1.89581235345932e-07 92.80000000000001
929 -1.887567456825027e-07 92.90000000000001
930 -1.88418990382698e-07 93
931 -1.875190601209657e-07 93.10000000000001
932 -1.870424559131131e-07 93.2
933 -1.860074246512952e-07 93.30000000000001
934 -1.855524468026491e-07 93.40000000000001
935 -1.843741617938968e-07 93.5
936 -1.83805357413748e-07 93.60000000000001
937 -1.825113073125487e-07 93.7
938 -1.820110654925498e-07 93.80000000000001
939 -1.803874000219087e-07 93.90000000000001
940 -1.798657734631328e-07 94
941 -1.781558176838951e-07 94.10000000000001
942 -1.775633029348543e-07 94.2
943 -1.757256199559604e-07 94.30000000000001
944 -1.750598621783563e-07 94.40000000000001
945 -1.731093255405176e-07 94.5
946 -1.723866647869934e-07 94.60000000000001
947 -1.703299365004403e-07 94.7
948 -1.695490746545022e-07 94.80000000000001
949 -1.673733231626109e-07 94.90000000000001
950 -1.665600552098673e-07 95
951 -1.641074403430938e-07 95.10000000000001
952 -1.634486395934729e-07 95.2
953 -1.608303029871225e-07 95.30000000000001
954 -1.600236979188022e-07 95.40000000000001
955 -1.573014168097077e-07 95.5
956 -1.56394502420918e-07 95.60000000000001
957 -1.537026660274709e-07 95.7
958 -1.525397795907726e-07 95.80000000000001
959 -1.497721151668239e-07 95.90000000000001
960 -1.486246667203857e-07 96
961 -1.457362232296227e-07 96.10000000000001
962 -1.445171250191433e-07 96.2
963 -1.415211008313997e-07 96.30000000000001
964 -1.402371895375652e-07 96.40000000000001
965 -1.371319506837105e-07 96.5
966 -1.357856449153762e-07 96.60000000000001
967 -1.325693924350799e-07 96.7
968 -1.311654082563034e-07 96.80000000000001
969 -1.278577336387868e-07 96.90000000000001
970 -1.263758835255727e-07 97
971 -1.229526509784811e-07 97.10000000000001
972 -1.214228214645577e-07 97.2
973 -1.179051865065583e-07 97.30000000000001
974 -1.163718565295754e-07 97.40000000000001
975 -1.126770573112309e-07 97.5
976 -1.109605630688821e-07 97.60000000000001
977 -1.07380749546852e-07 97.7
978 -1.05643181708226e-07 97.80000000000001
979 -1.018444479773909e-07 97.90000000000001
980 -1.001106123612446e-07 98
981 -9.620291886578549e-08 98.10000000000001
982 -9.440458065279318e-08 98.2
983 -9.040296932674915e-08 98.30000000000001
984 -8.857154230408225e-08 98.40000000000001
985 -8.447537488911096e-08 98.5
986 -8.259218671957812e-08 98.60000000000001
987 -7.840323951613439e-08 98.7
988 -7.646025734355418e-08 98.80000000000001
989 -7.218362792845341e-08 98.90000000000001
990 -7.019874301745077e-08 99
991 -6.58338919561523e-08 99.10000000000001
992 -6.383609517133363e-08 99.2
993 -5.944866417158568e-08 99.30000000000001
994 -5.724301641713477e-08 99.40000000000001
995 -5.281835068866477e-08 99.5
996 -5.061398564612781e-08 99.60000000000001
997 -4.610310562810316e-08 99.7
998 -4.382218342350447e-08 99.80000000000001
999 -3.942451455398232e-08 99.90000000000001
1000 -3.685394985027068e-08 100
1001 -3.24418151010865e-08 100.1
1002 -2.994394364510408e-08 100.2
1003 -2.544696615391075e-08 100.3
1004 -2.289632167154474e-08 100.4
1005 -1.832876976192466e-08 100.5
1006 -1.574084826270073e-08 100.6
1007 -1.110618713954442e-08 100.7
1008 -8.496604253357766e-09 100.8
1009 -3.802659998510647e-09 100.9
1010 -1.224468011632507e-09 101
1011 3.714343402452459e-09 101.1
1012 6.130800724148998e-09 101.2
1013 1.115931446082459e-08 101.3
1014 1.367803059938435e-08 101.4
1015 1.874850537788858e-08 101.5
1016 2.127878630161792e-08 101.6
1017 2.639533454604124e-08 101.7
1018 2.893712779496777e-08 101.8
1019 3.409947600418466e-08 101.9
1020 3.667177813160906e-08 102
1021 4.187101279364626e-08 102.1
1022 4.445113320445383e-08 102.2
1023 4.972264283988218e-08 102.3
1024 5.227106438844197e-08 102.4
1025 5.757163702554455e-08 102.5
1026 6.013696361679136e-08 102.6
1027 6.547242576386361e-08 102.7
1028 6.807106041452376e-08 102.8
1029 7.327839047502301e-08 102.9
1030 7.610996335719367e-08 103
1031 8.129496767671598e-08 103.1
1032 8.406319020814835e-08 103.2
1033 8.928057972217579e-08 103.3
1034 9.203965031106189e-08 103.4
1035 9.727930894746202e-08 103.5
1036 1.000647664400937e-07 103.6
1037 1.053785813991169e-07 103.7
1038 1.079290151208534e-07 103.8
1039 1.133285335525923e-07 103.9
1040 1.161399891368982e-07 104
1041 1.212809711143915e-07 104.1
1042 1.242323447098659e-07 104.2
1043 1.293299796514804e-07 104.3
1044 1.322605555350067e-07 104.4
1045 1.373616604972224e-07 104.5
1046 1.402649056996951e-07 104.6
1047 1.454471809887735e-07 104.7
1048 1.482551698661039e-07 104.8
1049 1.53436583836262e-07 104.9
1050 1.562375885194259e-07 105
1051 1.614028936170469e-07 105.1
1052 1.642283430307503e-07 105.2
1053 1.693393743397512e-07 105.3
1054 1.721462342559296e-07 105.4
1055 1.772265452769507e-07 105.5
1056 1.800221934163281e-07 105.6
1057 1.851726600172493e-07 105.7
1058 1.877938778569818e-07 105.8
1059 1.929459740230828e-07 105.9
1060 1.955724243779012e-07 106
1061 2.006976201442171e-07 106.1
1062 2.032536838826443e-07 106.2
1063 2.083463147959281e-07 106.3
1064 2.109208323193085e-07 106.4
1065 2.159661278157072e-07 106.5
1066 2.184717013102e-07 106.6
1067 2.235026580037446e-07 106.7
1068 2.259675016408684e-07 106.8
1069 2.309371193889147e-07 106.9
1070 2.333789327042475e-07 107
1071 2.382882218011737e-07 107.1
1072 2.407071654351116e-07 107.2
1073 2.455445268835138e-07 107.3
1074 2.479356780849565e-07 107.4
1075 2.527002988138812e-07 107.5
1076 2.550632289987253e-07 107.6
1077 2.597483809191994e-07 107.7
1078 2.620547849554146e-07 107.8
1079 2.666677210499568e-07 107.9
1080 2.689544304355198e-07 108
1081 2.734596839586196e-07 108.1
1082 2.757537177855485e-07 108.2
1083 2.80168178683833e-07 108.3
1084 2.823486835198367e-07 108.4
1085 2.867977353835132e-07 108.5
1086 2.888357044875182e-07 108.6
1087 2.931904999407479e-07 108.7
1088 2.952267725757711e-07 108.8
1089 2.994679765630839e-07 108.9
1090 3.0147527596872e-07 109
1091 3.056225314695968e-07 109.1
1092 3.075799311083251e-07 109.2
1093 3.115652066074038e-07 109.3
1094 3.135696026191434e-07 109.4
1095 3.174357421802862e-07 109.5
1096 3.193580910447586e-07 109.6
1097 3.231135726458381e-07 109.7
1098 3.249750624546622e-07 109.8
1099 3.285871460906157e-07 109.9
1100 3.304334268549317e-07 110
1101 3.339864887065059e-07 110.1
1102 3.356171688953113e-07 110.2
1103 3.390998115408157e-07 110.3
1104 3.407152615727464e-07 110.4
1105 3.440695980357651e-07 110.5
1106 3.455782232393032e-07 110.6
1107 3.488159831296437e-07 110.7
1108 3.502060017112617e-07 110.8
1109 3.534900680532721e-07 110.9
1110 3.546950349517694e-07 111
1111 3.57860432408479e-07 111.1
1112 3.590669219157477e-07 111.2
1113 3.620808848069878e-07 111.3
1114 3.631655338929016e-07 111.4
1115 3.660576396463634e-07 111.5
1116 3.670811773421471e-07 111.6
1117 3.698368861871631e-07 111.7
1118 3.708019006387873e-07 111.8
1119 3.734135145080149e-07 111.9
1120 3.73996831596539e-07 112
1121 3.767571748552896e-07 112.1
1122 3.772755693142826e-07 112.2
1123 3.799985894684297e-07 112.3
1124 3.808202176715118e-07 112.4
1125 3.829761675220683e-07 112.5
1126 3.833563148906884e-07 112.6
1127 3.85623413941871e-07 112.7
1128 3.858958814516815e-07 112.8
1129 3.881243695149414e-07 112.9
1130 3.886914559922898e-07 113
1131 3.903667996308013e-07 113.1
1132 3.905628404853478e-07 113.2
1133 3.923559956893019e-07 113.3
1134 3.924702459865683e-07 113.4
1135 3.941245830785206e-07 113.5
1136 3.943335554234864e-07 113.6
1137 3.95674695663831e-07 113.7
1138 3.957655578985348e-07 113.8
1139 3.969588698075681e-07 113.9
1140 3.970055072519582e-07 114
1141 3.980233629831206e-07 114.1
1142 3.979551812560124e-07 114.2
1143 3.987802226826555e-07 114.3
1144 3.986727444821767e-07 114.4
1145 3.993063152621547e-07 114.5
1146 3.991008098616803e-07 114.6
1147 3.995641438242537e-07 114.7
1148 3.99235807022623e-07 114.8
1149 3.995276639382727e-07 114.9
1150 3.991279224820033e-07 115
1151 3.992344088730004e-07 115.1
1152 3.9875077021511e-07 115.2
1153 3.986726191680167e-07 115.3
1154 3.980655707117309e-07 115.4
1155 3.978774380866266e-07 115.5
1156 3.970839342706584e-07 115.6
1157 3.967074146313503e-07 115.7
1158 3.959382079529176e-07 115.8
1159 3.95350468497519e-07 115.9
1160 3.944720009379763e-07 116
1161 3.938354905847906e-07 116.1
1162 3.926517415445184e-07 116.2
1163 3.916954686164722e-07 116.3
1164 3.908782911011934e-07 116.4
1165 3.89624313221231e-07 116.5
1166 3.885718762256787e-07 116.6
1167 3.87157950044338e-07 116.7
1168 3.860193057308247e-07 116.8
1169 3.844616567452199e-07 116.9
1170 3.831941386724827e-07 117
1171 3.814721727248023e-07 117.1
1172 3.800705520257567e-07 117.2
1173 3.783519210208087e-07 117.3
1174 3.766340971932346e-07 117.4
1175 3.747365293411413e-07 117.5
1176 3.730045234516654e-07 117.6
1177 3.709425186625931e-07 117.7
1178 3.691588152564739e-07 117.8
1179 3.669035562706491e-07 117.9
1180 3.650645743976287e-07 118
1181 3.625894905875702e-07 118.1
1182 3.607148415466576e-07 118.2
1183 3.580032314841861e-07 118.3
1184 3.561504381935742e-07 118.4
1185 3.530890021241707e-07 118.5
1186 3.513717333538149e-07 118.6
1187 3.48095850932765e-07 118.7
1188 3.461701550380435e-07 118.8
1189 3.427323832332624e-07 118.9
1190 3.408139730853746e-07 119
1191 3.371291733116829e-07 119.1
1192 3.352132198405579e-07 119.2
1193 3.313472599620669e-07 119.3
1194 3.292492565667576e-07 119.4
1195 3.251808546502024e-07 119.5
1196 3.231485184349334e-07 119.6
1197 3.188709385347915e-07 119.7
1198 3.16710611245822e-07 119.8
1199 3.12245461495434e-07 119.9
1200 3.100580035264824e-07 120
1201 3.054639251431998e-07 120.1
1202 3.031488090900086e-07 120.2
1203 2.983175124845645e-07 120.3
1204 2.960617724689979e-07 120.4
1205 2.910059813547674e-07 120.5
1206 2.887434745565675e-07 120.6
1207 2.834915682098275e-07 120.7
1208 2.811558265693419e-07 120.8
1209 2.759124928375088e-07 120.9
1210 2.732240867172497e-07 121
1211 2.678871883449516e-07 121.1
1212 2.652505023433634e-07 121.2
1213 2.59785482863827e-07 121.3
1214 2.569500703877286e-07 121.4
1215 2.513295373300753e-07 121.5
1216 2.484998564932614e-07 121.6
1217 2.427388253815624e-07 121.7
1218 2.397946220739229e-07 121.8
1219 2.339383237480874e-07 121.9
1220 2.309038715769134e-07 122
1221 2.247564398846429e-07 122.1
1222 2.220374304036917e-07 122.2
1223 2.157267670754482e-07 122.3
1224 2.127001940044049e-07 122.4
1225 2.062889690267839e-07 122.5
1226 2.033711490606292e-07 122.6
1227 1.968281713266922e-07 122.7
1228 1.93728793946963e-07 122.8
1229 1.87020731780318e-07 122.9
1230 1.841119412880165e-07 123
1231 1.771484096671383e-07 123.1
1232 1.742286178800901e-07 123.2
1233 1.671250939368344e-07 123.3
1234 1.641320254118122e-07 123.4
1235 1.56884640943517e-07 123.5
1236 1.54124528843021e-07 123.6
1237 1.466889260532846e-07 123.7
1238 1.43503811816015e-07 123.8
1239 1.360598792754946e-07 123.9
1240 1.330846958251601e-07 124
1241 1.254185568351474e-07 124.1
1242 1.225105796346729e-07 124.2
1243 1.147227129296804e-07 124.3
1244 1.117923092071194e-07 124.4
1245 1.038755287607839e-07 124.5
1246 1.007761171135793e-07 124.6
1247 9.309521244892443e-08 124.7
1248 8.976932313091638e-08 124.8
1249 8.203110966781061e-08 124.9
1250 7.87014946638064e-08 125
1251 7.086214622317362e-08 125.1
1252 6.757759679328872e-08 125.2
1253 5.953293956209027e-08 125.3
1254 5.62732115202985e-08 125.4
1255 4.8146101827339e-08 125.5
1256 4.491915369047884e-08 125.6
1257 3.685786195276988e-08 125.7
1258 3.36123498034894e-08 125.8
1259 2.532605858108336e-08 125.9
1260 2.217473970246944e-08 126
1261 1.393591309189903e-08 126.1
1262 1.073595663675177e-08 126.2
1263 2.377165873599486e-09 126.3
1264 -8.214461803486578e-10 126.4
1265 -9.131900104931767e-09 126.5
1266 -1.246432539011107e-08 126.6
1267 -2.068913735748427e-08 126.7
1268 -2.390012591066159e-08 126.8
1269 -3.26407851379181e-08 126.9
1270 -3.536263455848032e-08 127
1271 -4.415479938193346e-08 127.1
1272 -4.709604294530118e-08 127.2
1273 -5.58391050503699e-08 127.3
1274 -5.875513762011412e-08 127.4
1275 -6.759759312726192e-08 127.5
1276 -7.02618717882108e-08 127.6
1277 -7.909755701840881e-08 127.7
1278 -8.195565753352239e-08 127.8
1279 -9.082077949293406e-08 127.9
1280 -9.337479715963235e-08 128
1281 -1.024191065459413e-07 128.1
1282 -1.050480100676534e-07 128.2
1283 -1.137183492230233e-07 128.3
1284 -1.169091057225726e-07 128.4
1285 -1.250833929104987e-07 128.5
1286 -1.281832924508666e-07 128.6
1287 -1.366137432143796e-07 128.7
1288 -1.395726983329181e-07 128.8
1289 -1.479614668369419e-07 128.9
1290 -1.50874727092575e-07 129
1291 -1.592324650243176e-07 129.1
1292 -1.620995906927591e-07 129.2
1293 -1.682802173291978e-07 129.3
1294 -1.753426591731303e-07 129.4
1295 -1.811402023388026e-07 129.5
1296 -1.880941820537009e-07 129.6
1297 -1.937475333157281e-07 129.7
1298 -2.005349555083962e-07 129.8
1299 -2.061792827893356e-07 129.9
1300 -2.128490537099495e-07 130
1301 -2.183806823590038e-07 130.1
1302 -2.249349731557686e-07 130.2
1303 -2.303338543583751e-07 130.3
1304 -2.367850462366922e-07 130.4
1305 -2.421339023705323e-07 130.5
1306 -2.478543593511457e-07 130.6
1307 -2.542470521786805e-07 130.7
1308 -2.593978887279458e-07 130.8
1309 -2.652064183957166e-07 130.9
1310 -2.707399383983778e-07 131
1311 -2.763199220656297e-07 131.1
1312 -2.818686277001144e-07 131.2
1313 -2.870908025965533e-07 131.3
1314 -2.925784231103929e-07 131.4
1315 -2.978983020342272e-07 131.5
1316 -3.031113063060077e-07 131.6
1317 -3.082650804421053e-07 131.7
1318 -3.133552982818764e-07 131.8
1319 -3.183816628423695e-07 131.9
1320 -3.233226693938438e-07 132
1321 -3.281976659018465e-07 132.1
1322 -3.330038126050355e-07 132.2
1323 -3.377141089965322e-07 132.3
1324 -3.423813633235073e-07 132.4
1325 -3.469601266414935e-07 132.5
1326 -3.514556123552572e-07 132.6
1327 -3.558369851019548e-07 132.7
1328 -3.601331588978802e-07 132.8
1329 -3.643591839606945e-07 132.9
1330 -3.685479541166055e-07 133
1331 -3.726036702728283e-07 133.1
1332 -3.766163407696578e-07 133.2
1333 -3.805692709483706e-07 133.3
1334 -3.844314165247673e-07 133.4
1335 -3.882073291015152e-07 133.5
1336 -3.918837277373175e-07 133.6
1337 -3.954768181661934e-07 133.7
1338 -3.990291436451342e-07 133.8
1339 -4.024636853665706e-07 133.9
1340 -4.057719601702107e-07 134
1341 -4.089863485024922e-07 134.1
1342 -4.121104180599028e-07 134.2
1343 -4.151446997935618e-07 134.3
1344 -4.181207141719726e-07 134.4
1345 -4.209330062858896e-07 134.5
1346 -4.236628426750529e-07 134.6
1347 -4.263055682089101e-07 134.7
1348 -4.288519952489562e-07 134.8
1349 -4.31297898455305e-07 134.9
1350 -4.336240928346254e-07 135
1351 -4.358482282444419e-07 135.1
1352 -4.379737092650003e-07 135.2
1353 -4.40010000422059e-07 135.3
1354 -4.419556172053236e-07 135.4
1355 -4.437741145242805e-07 135.5
1356 -4.454969554420194e-07 135.6
1357 -4.470922090990302e-07 135.7
1358 -4.485886320011074e-07 135.8
1359 -4.499951087872762e-07 135.9
1360 -4.512664157462601e-07 136
1361 -4.52529795611895e-07 136.1
1362 -4.535506153662864e-07 136.2
1363 -4.544914120218281e-07 136.3
1364 -4.552579237032257e-07 136.4
1365 -4.559513135892601e-07 136.5
1366 -4.565606511109071e-07 136.6
1367 -4.570466968839051e-07 136.7
1368 -4.574492422708161e-07 136.8
1369 -4.578058546366949e-07 136.9
1370 -4.577865942388031e-07 137
1371 -4.579708718338212e-07 137.1
1372 -4.576959488064438e-07 137.2
1373 -4.576390762667498e-07 137.3
1374 -4.571664932732061e-07 137.4
1375 -4.569150665320358e-07 137.5
1376 -4.562069334239043e-07 137.6
1377 -4.557144482377283e-07 137.7
1378 -4.547596462796115e-07 137.8
1379 -4.540188932960351e-07 137.9
1380 -4.528379254421682e-07 138
1381 -4.518814617838829e-07 138.1
1382 -4.50334120775311e-07 138.2
1383 -4.491095538911032e-07 138.3
1384 -4.47633958051358e-07 138.4
1385 -4.460593734535538e-07 138.5
1386 -4.443498217197644e-07 138.6
1387 -4.425060285820774e-07 138.7
1388 -4.405651610211811e-07 138.8
1389 -4.385115825645999e-07 138.9
1390 -4.3630664790093e-07 139
1391 -4.339601320411551e-07 139.1
1392 -4.314730540374761e-07 139.2
1393 -4.288458694749793e-07 139.3
1394 -4.261459042054243e-07 139.4
1395 -4.233019205227672e-07 139.5
1396 -4.203585773367588e-07 139.6
1397 -4.172829491719479e-07 139.7
1398 -4.141040254085136e-07 139.8
1399 -4.108161455474956e-07 139.9
1400 -4.073192169687248e-07 140
1401 -4.037849338991057e-07 140.1
1402 -4.001010055558429e-07 140.2
1403 -3.962665912513274e-07 140.3
1404 -3.922694253607338e-07 140.4
1405 -3.882074117482135e-07 140.5
1406 -3.840814726899451e-07 140.6
1407 -3.798273214224128e-07 140.7
1408 -3.753686380834806e-07 140.8
1409 -3.708844172768856e-07 140.9
1410 -3.662654254495123e-07 141
1411 -3.615146849329537e-07 141.1
1412 -3.566811275346827e-07 141.2
1413 -3.516880508998296e-07 141.3
1414 -3.466569460096649e-07 141.4
1415 -3.414441290697074e-07 141.5
1416 -3.361237635470307e-07 141.6
1417 -3.307078738317735e-07 141.7
1418 -3.25187975598982e-07 141.8
1419 -3.195846244942273e-07 141.9
1420 -3.138490259044758e-07 142
1421 -3.080159473625454e-07 142.1
1422 -3.020294029969868e-07 142.2
1423 -2.960255086625437e-07 142.3
1424 -2.898567607372747e-07 142.4
1425 -2.836046805794701e-07 142.5
1426 -2.774078650368715e-07 142.6
1427 -2.706634224072801e-07 142.7
1428 -2.644130860215816e-07 142.8
1429 -2.574795774910082e-07 142.9
1430 -2.510120593867203e-07 143
1431 -2.438132675404055e-07 143.1
1432 -2.373040299650955e-07 143.2
1433 -2.298540246594128e-07 143.3
1434 -2.230644194345448e-07 143.4
1435 -2.1545465117596e-07 143.5
1436 -2.083404717701159e-07 143.6
1437 -2.009316674850782e-07 143.7
1438 -1.933568728543814e-07 143.8
1439 -1.857096486085651e-07 143.9
1440 -1.779821222437505e-07 144
1441 -1.702112359015229e-07 144.1
1442 -1.622743373988797e-07 144.2
1443 -1.542791251311455e-07 144.3
1444 -1.461862671628088e-07 144.4
1445 -1.380433477755473e-07 144.5
1446 -1.298588492343492e-07 144.6
1447 -1.216102039295886e-07 144.7
1448 -1.132735493812126e-07 144.8
1449 -1.048684758566952e-07 144.9
1450 -9.6371449318921e-08 145
1451 -8.785951141046692e-08 145.1
1452 -7.914144409495481e-08 145.2
1453 -7.04596628789433e-08 145.3
1454 -6.170768649029227e-08 145.4
1455 -5.289094162891885e-08 145.5
1456 -4.400988210119543e-08 145.6
1457 -3.495531701639368e-08 145.7
1458 -2.610426303243291e-08 145.8
1459 -1.721094445787524e-08 145.9
1460 -7.98112587952711e-09 146
1461 1.172473816036418e-09 146.1
1462 1.034885920402163e-08 146.2
1463 1.958791216949948e-08 146.3
1464 2.890377371391544e-08 146.4
1465 3.822444688575335e-08 146.5
1466 4.759189422872947e-08 146.6
1467 5.700526742703355e-08 146.7
1468 6.642995026511358e-08 146.8
1469 7.589688224487298e-08 146.9
1470 8.542262229594213e-08 147
1471 9.496353930633711e-08 147.1
1472 1.045139706732713e-07 147.2
1473 1.141617251982112e-07 147.3
1474 1.237596915625703e-07 147.4
1475 1.334809346123443e-07 147.5
1476 1.431412955660121e-07 147.6
1477 1.532057784257765e-07 147.7
1478 1.622938148827241e-07 147.8
1479 1.722776145980001e-07 147.9
1480 1.822315045883546e-07 148
1481 1.920407396639011e-07 148.1
1482 2.019130885938098e-07 148.2
1483 2.117088632257562e-07 148.3
1484 2.214721405269472e-07 148.4
1485 2.312701952782731e-07 148.5
1486 2.41088534206414e-07 148.6
1487 2.508269913819879e-07 148.7
1488 2.605936431068793e-07 148.8
1489 2.704965017385597e-07 148.9
1490 2.804237442965898e-07 149
1491 2.901007637617239e-07 149.1
1492 2.998602204351909e-07 149.2
1493 3.09581482361701e-07 149.3
1494 3.192718661793957e-07 149.4
1495 3.287464910072011e-07 149.5
1496 3.385624867565664e-07 149.6
1497 3.481783296720785e-07 149.7
1498 3.577863181181542e-07 149.8
1499 3.673985699210999e-07 149.9
1500 3.769488750744186e-07 150
1501 3.864666202359413e-07 150.1
1502 3.959032120985261e-07 150.2
1503 4.05343035788985e-07 150.3
1504 4.147224017481868e-07 150.4
1505 4.240678929147013e-07 150.5
1506 4.334476009523405e-07 150.6
1507 4.425976166005491e-07 150.7
1508 4.51793425227355e-07 150.8
1509 4.609038450429272e-07 150.9
1510 4.700197147874269e-07 151
1511 4.790814549019123e-07 151.1
1512 4.880954899553827e-07 151.2
1513 4.969194360444235e-07 151.3
1514 5.057900963883367e-07 151.4
1515 5.145336006920301e-07 151.5
1516 5.23242937274713e-07 151.6
1517 5.319267150738532e-07 151.7
1518 5.405292574514525e-07 151.8
1519 5.49037863459308e-07 151.9
1520 5.574604994584794e-07 152
1521 5.65790626123813e-07 152.1
1522 5.739913931882026e-07 152.2
1523 5.8212991207462e-07 152.3
1524 5.901458754947287e-07 152.4
1525 5.980664464798339e-07 152.5
1526 6.059141434148764e-07 152.6
1527 6.136907867342982e-07 152.7
1528 6.213823691781944e-07 152.8
1529 6.289873195775202e-07 152.9
1530 6.364816385015701e-07 153
1531 6.439656332009407e-07 153.1
1532 6.510061554937711e-07 153.2
1533 6.581804848528019e-07 153.3
1534 6.652819530892359e-07 153.4
1535 6.722620868866106e-07 153.5
1536 6.79136612962627e-07 153.6
1537 6.858578116927606e-07 153.7
1538 6.924598312033323e-07 153.8
1539 6.989285528802105e-07 153.9
1540 7.052852654239403e-07 154
1541 7.115418365291806e-07 154.1
1542 7.172675637647936e-07 154.2
1543 7.236862296955149e-07 154.3
1544 7.292257808382929e-07 154.4
1545 7.354575189184493e-07 154.5
1546 7.408534866025729e-07 154.6
1547 7.464160639010914e-07 154.7
1548 7.517170609589536e-07 154.8
1549 7.572010850546724e-07 154.9
1550 7.620302560663001e-07 155
1551 7.673687431293484e-07 155.1
1552 7.715861246597883e-07 155.2
1553 7.766858035462727e-07 155.3
1554 7.807322712569858e-07 155.4
1555 7.851760168573553e-07 155.5
1556 7.894480561257285e-07 155.6
1557 7.937279139114518e-07 155.7
1558 7.972366571162767e-07 155.8
1559 8.01052083783209e-07 155.9
1560 8.049433577827105e-07 156
1561 8.082696643696099e-07 156.1
1562 8.113970350360543e-07 156.2
1563 8.146068872944265e-07 156.3
1564 8.174424652219514e-07 156.4
1565 8.201365612859346e-07 156.5
1566 8.225936423289021e-07 156.6
1567 8.250652494534387e-07 156.7
1568 8.272616187979312e-07 156.8
1569 8.292026273849434e-07 156.9
1570 8.313024115687647e-07 157
1571 8.326980230234874e-07 157.1
1572 8.344411419077337e-07 157.2
1573 8.355892765842363e-07 157.3
1574 8.369312619418816e-07 157.4
1575 8.377288699492573e-07 157.5
1576 8.38679055754947e-07 157.6
1577 8.390992814206487e-07 157.7
1578 8.396784374348088e-07 157.8
1579 8.398253988377186e-07 157.9
1580 8.40014949506556e-07 158
1581 8.398812056144142e-07 158.1
1582 8.394925184230008e-07 158.2
1583 8.3910050199483e-07 158.3
1584 8.386178758556385e-07 158.4
1585 8.377757348174575e-07 158.5
1586 8.367160790083211e-07 158.6
1587 8.353662156486605e-07 158.7
1588 8.340193273405261e-07 158.8
1589 8.324433111087883e-07 158.9
1590 8.306578509313677e-07 159
1591 8.287055581170744e-07 159.1
1592 8.265707541777621e-07 159.2
1593 8.241522627805438e-07 159.3
1594 8.216384408214568e-07 159.4
1595 8.19169137306137e-07 159.5
1596 8.162216778725474e-07 159.6
1597 8.131194887056627e-07 159.7
1598 8.097852087940717e-07 159.8
1599 8.063368786288488e-07 159.9
1600 8.026511259912222e-07 160
1601 7.987550408569941e-07 160.1
1602 7.946727163342901e-07 160.2
1603 7.903722228996322e-07 160.3
1604 7.859037029041751e-07 160.4
1605 7.81295899177225e-07 160.5
1606 7.76643405198431e-07 160.6
1607 7.715588215913837e-07 160.7
1608 7.664034275138391e-07 160.8
1609 7.61013622116183e-07 160.9
1610 7.555995393525251e-07 161
1611 7.496300885285187e-07 161.1
1612 7.438015386745616e-07 161.2
1613 7.376416054939608e-07 161.3
1614 7.31336436312547e-07 161.4
1615 7.248629856446623e-07 161.5
1616 7.182236238131716e-07 161.6
1617 7.114291302980592e-07 161.7
1618 7.044148092794299e-07 161.8
1619 6.969722926697474e-07 161.9
1620 6.894486486479323e-07 162
1621 6.818867448820472e-07 162.1
1622 6.74036398635318e-07 162.2
1623 6.660805632766406e-07 162.3
1624 6.579438500354507e-07 162.4
1625 6.49694048887281e-07 162.5
1626 6.411523532490135e-07 162.6
1627 6.325451513766201e-07 162.7
1628 6.237055814234504e-07 162.8
1629 6.149579067385419e-07 162.9
1630 6.056526185648628e-07 163
1631 5.963683204217315e-07 163.1
1632 5.871228262514599e-07 163.2
1633 5.772951410378059e-07 163.3
1634 5.673990032762648e-07 163.4
1635 5.576361246195022e-07 163.5
1636 5.470467970541904e-07 163.6
1637 5.372405324543679e-07 163.7
1638 5.266221396418971e-07 163.8
1639 5.161712418360696e-07 163.9
1640 5.04987380807259e-07 164
1641 4.94127409509497e-07 164.1
1642 4.833995708377522e-07 164.2
1643 4.716601593911214e-07 164.3
1644 4.60205192609883e-07 164.4
1645 4.491682470248167e-07 164.5
1646 4.375367078129747e-07 164.6
1647 4.255798840608285e-07 164.7
1648 4.137492059232052e-07 164.8
1649 4.015267021847559e-07 164.9
1650 3.894646682052375e-07 165
1651 3.771045835484572e-07 165.1
1652 3.646536847987017e-07 165.2
1653 3.520335122203075e-07 165.3
1654 3.392718503767481e-07 165.4
1655 3.264491367704155e-07 165.5
1656 3.135717615139079e-07 165.6
1657 3.004822068128968e-07 165.7
1658 2.873619555019888e-07 165.8
1659 2.740070643280441e-07 165.9
1660 2.606716609978879e-07 166
1661 2.471066741960935e-07 166.1
1662 2.338693823124845e-07 166.2
1663 2.196831884946479e-07 166.3
1664 2.062920534666053e-07 166.4
1665 1.921937608954318e-07 166.5
1666 1.782664848858039e-07 166.6
1667 1.637867922668306e-07 166.7
1668 1.501556330480258e-07 166.8
1669 1.354053066358926e-07 166.9
1670 1.213493692371115e-07 167
1671 1.069144790273522e-07 167.1
1672 9.223759464491054e-08 167.2
1673 7.775581738378757e-08 167.3
1674 6.31068980499762e-08 167.4
1675 4.834476811038488e-08 167.5
1676 3.319786676539666e-08 167.6
1677 1.856164741907237e-08 167.7
1678 3.674726596980492e-09 167.8
1679 -1.131030882033633e-08 167.9
1680 -2.629867120459756e-08 168
1681 -4.129011250000993e-08 168.1
1682 -5.610739601483107e-08 168.2
1683 -7.108789599982947e-08 168.3
1684 -8.590872681955376e-08 168.4
1685 -1.015279424759714e-07 168.5
1686 -1.16435262397649e-07 168.6
1687 -1.316827348330897e-07 168.7
1688 -1.469190678421577e-07 168.8
1689 -1.61872381870545e-07 168.9
1690 -1.772851430462485e-07 169
1691 -1.924804141886267e-07 169.1
1692 -2.076041531709674e-07 169.2
1693 -2.227520426642186e-07 169.3
1694 -2.379086685572939e-07 169.4
1695 -2.530280146507785e-07 169.5
1696 -2.682496746216917e-07 169.6
1697 -2.834502319470733e-07 169.7
1698 -2.987083772628708e-07 169.8
1699 -3.139094837218752e-07 169.9
1700 -3.291364322650403e-07 170
1701 -3.445238105470442e-07 170.1
1702 -3.588546296868827e-07 170.2
1703 -3.742965124289436e-07 170.3
1704 -3.891848893536449e-07 170.4
1705 -4.039320334812735e-07 170.5
1706 -4.191121779511742e-07 170.6
1707 -4.339300015101708e-07 170.7
1708 -4.487400755366272e-07 170.8
1709 -4.634424342393337e-07 170.9
1710 -4.781916768479171e-07 171
1711 -4.928193740389452e-07 171.1
1712 -5.073865760749003e-07 171.2
1713 -5.221311039657544e-07 171.3
1714 -5.364768497067027e-07 171.4
1715 -5.507550595535227e-07 171.5
1716 -5.649638677746496e-07 171.6
1717 -5.789972115757257e-07 171.7
1718 -5.932207105347013e-07 171.8
1719 -6.069538838905268e-07 171.9
1720 -6.208913507258122e-07 172
1721 -6.347168895806541e-07 172.1
1722 -6.482894460156215e-07 172.2
1723 -6.61793288582954e-07 172.3
1724 -6.750777616929857e-07 172.4
1725 -6.884207459969718e-07 172.5
1726 -7.01539047538721e-07 172.6
1727 -7.145919501792361e-07 172.7
1728 -7.274179013470824e-07 172.8
1729 -7.404717544207694e-07 172.9
1730 -7.528681688307487e-07 173
1731 -7.653810977579535e-07 173.1
1732 -7.776531138502218e-07 173.2
1733 -7.898344999757747e-07 173.3
1734 -8.018528430080785e-07 173.4
1735 -8.137385637387157e-07 173.5
1736 -8.255465393224074e-07 173.6
1737 -8.37142159884031e-07 173.7
1738 -8.486092925745541e-07 173.8
1739 -8.598067593914827e-07 173.9
1740 -8.708650526990407e-07 174
1741 -8.817380300491111e-07 174.1
1742 -8.92385278553464e-07 174.2
1743 -9.029544003693855e-07 174.3
1744 -9.133880883789518e-07 174.4
1745 -9.234664705329913e-07 174.5
1746 -9.33096145585753e-07 174.6
1747 -9.429714076066738e-07 174.7
1748 -9.523825042640533e-07 174.8
1749 -9.61587545338878e-07 174.9
1750 -9.706908005558196e-07 175
1751 -9.795370377211076e-07 175.1
1752 -9.882019690543683e-07 175.2
1753 -9.966497938675458e-07 175.3
1754 -1.004890382049764e-06 175.4
1755 -1.013174244207725e-06 175.5
1756 -1.021001740013199e-06 175.6
1757 -1.028402575138941e-06 175.7
1758 -1.036034686747288e-06 175.8
1759 -1.043199822528506e-06 175.9
1760 -1.04964328409521e-06 176
1761 -1.056459843646832e-06 176.1
1762 -1.062916524635326e-06 176.2
1763 -1.069068977273259e-06 176.3
1764 -1.074979736237648e-06 176.4
1765 -1.080579817065187e-06 176.5
1766 -1.086280705830949e-06 176.6
1767 -1.091172008384824e-06 176.7
1768 -1.096052490585123e-06 176.8
1769 -1.10059754463225e-06 176.9
1770 -1.10496050792885e-06 177
1771 -1.109140425553233e-06 177.1
1772 -1.113045291153043e-06 177.2
1773 -1.116614130001562e-06 177.3
1774 -1.119871084939805e-06 177.4
1775 -1.122867250192312e-06 177.5
1776 -1.125587300416893e-06 177.6
1777 -1.128018145653928e-06 177.7
1778 -1.130132233455446e-06 177.8
1779 -1.131968093766544e-06 177.9
1780 -1.133682280856946e-06 178
1781 -1.134982967504712e-06 178.1
1782 -1.136140677327986e-06 178.2
1783 -1.136920703510292e-06 178.3
1784 -1.137531955702345e-06 178.4
1785 -1.137636836374647e-06 178.5
1786 -1.137743275146818e-06 178.6
1787 -1.137148957922836e-06 178.7
1788 -1.136669676510305e-06 178.8
1789 -1.135619368763443e-06 178.9
1790 -1.134518867996414e-06 179
1791 -1.132873381599104e-06 179.1
1792 -1.131073404806994e-06 179.2
1793 -1.128990096626099e-06 179.3
1794 -1.126563735288329e-06 179.4
1795 -1.123848681381619e-06 179.5
1796 -1.120736000401905e-06 179.6
1797 -1.117486919703155e-06 179.7
1798 -1.11393923320636e-06 179.8
1799 -1.109902104168607e-06 179.9
1800 -1.105718725775889e-06 180
1801 -1.101113407467981e-06 180.1
1802 -1.096388408555101e-06 180.2
1803 -1.091483059305895e-06 180.3
1804 -1.085558068199361e-06 180.4
1805 -1.080077983448002e-06 180.5
1806 -1.074192314093454e-06 180.6
1807 -1.067795062573134e-06 180.7
1808 -1.061146781812885e-06 180.8
1809 -1.054294557242801e-06 180.9
1810 -1.046737942476066e-06 181
1811 -1.039291557974392e-06 181.1
1812 -1.031400252597471e-06 181.2
1813 -1.023541098224815e-06 181.3
1814 -1.014658703938457e-06 181.4
1815 -1.005982335369446e-06 181.5
1816 -9.970779278116929e-07 181.6
1817 -9.878129084902821e-07 181.7
1818 -9.782110909111735e-07 181.8
1819 -9.684730762205315e-07 181.9
1820 -9.581834006931767e-07 182
1821 -9.475657289078509e-07 182.1
1822 -9.367508395105341e-07 182.2
1823 -9.256860538608879e-07 182.3
1824 -9.143627347573148e-07 182.4
1825 -9.025471062059491e-07 182.5
1826 -8.906947331566641e-07 182.6
1827 -8.784373800089169e-07 182.7
1828 -8.661131049111622e-07 182.8
1829 -8.532204850447236e-07 182.9
1830 -8.400856889071675e-07 183
1831 -8.264891842415246e-07 183.1
1832 -8.131218666195924e-07 183.2
1833 -7.994330357357006e-07 183.3
1834 -7.851908910773117e-07 183.4
1835 -7.70820185150419e-07 183.5
1836 -7.561566557854294e-07 183.6
1837 -7.413040348038799e-07 183.7
1838 -7.260377165725878e-07 183.8
1839 -7.10617926065454e-07 183.9
1840 -6.949796171823908e-07 184
1841 -6.791283348496059e-07 184.1
1842 -6.629359715101259e-07 184.2
1843 -6.462976976780237e-07 184.3
1844 -6.296341743176991e-07 184.4
1845 -6.125764873599185e-07 184.5
1846 -5.953281415796366e-07 184.6
1847 -5.778530511254671e-07 184.7
1848 -5.601280302889685e-07 184.8
1849 -5.423196324602419e-07 184.9
1850 -5.241702606608565e-07 185
1851 -5.06031342255941e-07 185.1
1852 -4.876011863366962e-07 185.2
1853 -4.690228306042426e-07 185.3
1854 -4.50090762451231e-07 185.4
1855 -4.309214475992952e-07 185.5
1856 -4.115573207918565e-07 185.6
1857 -3.919451301146672e-07 185.7
1858 -3.723159324440208e-07 185.8
1859 -3.522964599341584e-07 185.9
1860 -3.323107338944467e-07 186
1861 -3.120341782620593e-07 186.1
1862 -2.916686464027837e-07 186.2
1863 -2.709585014125326e-07 186.3
1864 -2.501804435258035e-07 186.4
1865 -2.292926468682909e-07 186.5
1866 -2.081786872070918e-07 186.6
1867 -1.870508123875593e-07 186.7
1868 -1.656183012500654e-07 186.8
1869 -1.44074040563294e-07 186.9
1870 -1.225791980314817e-07 187
1871 -1.007250091037512e-07 187.1
1872 -7.88061075551739e-08 187.2
1873 -5.679717862354659e-08 187.3
1874 -3.462250000337808e-08 187.4
1875 -1.242933501999106e-08 187.5
1876 1.012842265158259e-08 187.6
1877 3.246043567766654e-08 187.7
1878 5.473536173487759e-08 187.8
1879 7.757694384729963e-08 187.9
1880 1.005257150657517e-07 188
1881 1.231739573370001e-07 188.1
1882 1.460782837142721e-07 188.2
1883 1.69168886879089e-07 188.3
1884 1.922550629692996e-07 188.4
1885 2.150762609627535e-07 188.5
1886 2.383848138266347e-07 188.6
1887 2.615290177966444e-07 188.7
1888 2.847467751796108e-07 188.8
1889 3.080178820504461e-07 188.9
1890 3.312977326029711e-07 189
1891 3.54811170473259e-07 189.1
1892 3.779020237111582e-07 189.2
1893 4.011285161747303e-07 189.3
1894 4.245973988441682e-07 189.4
1895 4.480092051824837e-07 189.5
1896 4.713759102099842e-07 189.6
1897 4.947728007358928e-07 189.7
1898 5.179710832006932e-07 189.8
1899 5.412658312867694e-07 189.9
1900 5.648364974854574e-07 190
1901 5.880502410394651e-07 190.1
1902 6.113084881432482e-07 190.2
1903 6.34407868928788e-07 190.3
1904 6.574209355326437e-07 190.4
1905 6.805635328870827e-07 190.5
1906 7.034859657769653e-07 190.6
1907 7.264802526558487e-07 190.7
1908 7.494098834203426e-07 190.8
1909 7.72015792341059e-07 190.9
1910 7.94590688543175e-07 191
1911 8.168267515740628e-07 191.1
1912 8.39543098703386e-07 191.2
1913 8.617870037805888e-07 191.3
1914 8.83840201593092e-07 191.4
1915 9.064360346174065e-07 191.5
1916 9.283380616102901e-07 191.6
1917 9.502959347368699e-07 191.7
1918 9.723194055276356e-07 191.8
1919 9.939763975632858e-07 191.9
1920 1.015767364437749e-06 192
1921 1.037022015846885e-06 192.1
1922 1.057941026214235e-06 192.2
1923 1.07883468804982e-06 192.3
1924 1.099679100751174e-06 192.4
1925 1.119930777070553e-06 192.5
1926 1.140331876002998e-06 192.6
1927 1.160805735777869e-06 192.7
1928 1.180603500529664e-06 192.8
1929 1.20070522856211e-06 192.9
1930 1.219902725585892e-06 193
1931 1.239245554087322e-06 193.1
1932 1.258292171196125e-06 193.2
1933 1.277038587383208e-06 193.3
1934 1.295594186725687e-06 193.4
1935 1.31388733197364e-06 193.5
1936 1.332089774526526e-06 193.6
1937 1.349943070956605e-06 193.7
1938 1.367675683327493e-06 193.8
1939 1.385063520594913e-06 193.9
1940 1.402153754109264e-06 194
1941 1.419066808027852e-06 194.1
1942 1.435583068602272e-06 194.2
1943 1.451586305265068e-06 194.3
1944 1.467491712395746e-06 194.4
1945 1.483042596316179e-06 194.5
1946 1.498167390840217e-06 194.6
1947 1.513055360323839e-06 194.7
1948 1.527674174850382e-06 194.8
1949 1.542009643223284e-06 194.9
1950 1.556124853486427e-06 195
1951 1.569397835065329e-06 195.1
1952 1.582579107247155e-06 195.2
1953 1.59549614705167e-06 195.3
1954 1.608163401594002e-06 195.4
1955 1.620259995393583e-06 195.5
1956 1.632273906163712e-06 195.6
1957 1.643746569019343e-06 195.7
1958 1.654955653972971e-06 195.8
1959 1.665759591144792e-06 195.9
1960 1.676053281481309e-06 196
1961 1.685924315481014e-06 196.1
1962 1.695754466763911e-06 196.2
1963 1.70515764839285e-06 196.3
1964 1.713921908994245e-06 196.4
1965 1.722808334620153e-06 196.5
1966 1.730978636135164e-06 196.6
1967 1.738775347497459e-06 196.7
1968 1.746029276847828e-06 196.8
1969 1.752973098850044e-06 196.9
1970 1.75941674037776e-06 197
1971 1.765539634727857e-06 197.1
1972 1.771085816896548e-06 197.2
1973 1.776126220274675e-06 197.3
1974 1.7812360793768e-06 197.4
1975 1.785554001782911e-06 197.5
1976 1.789699913156022e-06 197.6
1977 1.793066228809022e-06 197.7
1978 1.796254915859529e-06 197.8
1979 1.798842945106891e-06 197.9
1980 1.801113979884348e-06 198
1981 1.802992048274604e-06 198.1
1982 1.804338897000151e-06 198.2
1983 1.80535083145773e-06 198.3
1984 1.805697933911067e-06 198.4
1985 1.806125142389216e-06 198.5
1986 1.80531185667951e-06 198.6
1987 1.804362012694006e-06 198.7
1988 1.802833310864844e-06 198.8
1989 1.800969127382478e-06 198.9
1990 1.79850448460611e-06 199
1991 1.795648797171624e-06 199.1
1992 1.792527737681325e-06 199.2
1993 1.788931106788848e-06 199.3
1994 1.784815415147276e-06 199.4
1995 1.780230402502477e-06 199.5
1996 1.775107087364313e-06 199.6
1997 1.769648537977297e-06 199.7
1998 1.763468579314156e-06 199.8
1999 1.757278387612568e-06 199.9
2000 1.75021743870575e-06 200
