"lift_force-rfile"
"Time Step" "lift_force etc.."
("Time Step" "lift_force" "flow-time")
0 -1.009741958682895e-28 0
1 -1.446453019465413e-07 0.1
2 5.131809989780913e-09 0.2
3 -9.336295381542295e-09 0.3
4 -4.884801626911292e-09 0.4
5 4.554309300562744e-09 0.5
6 6.136938487611229e-09 0.6000000000000001
7 3.819867507665211e-09 0.7000000000000001
8 6.510396152045568e-09 0.8
9 4.621820448263159e-09 0.9
10 2.767710960003712e-09 1
11 -1.034884166023102e-10 1.1
12 -3.746341149675942e-10 1.2
13 -1.368996667080033e-09 1.3
14 4.877520583914634e-09 1.4
15 7.247943044341187e-09 1.5
16 7.545428489198025e-09 1.6
17 1.544948445415506e-09 1.7
18 -6.585574214308805e-10 1.8
19 3.491183942209212e-09 1.9
20 1.838514216690313e-08 2
21 1.704465591862205e-08 2.1
22 1.951661284276663e-08 2.2
23 2.031623887681799e-08 2.3
24 1.66176682885732e-08 2.4
25 1.296385865433213e-08 2.5
26 1.830818937038147e-08 2.6
27 1.762007937302502e-08 2.7
28 1.917157429988635e-08 2.8
29 2.226649649616058e-08 2.9
30 1.725619352365507e-08 3
31 1.287263298332861e-08 3.1
32 8.405681769551082e-09 3.2
33 5.272155799728568e-09 3.3
34 8.327199324783534e-09 3.4
35 1.267808081876215e-08 3.5
36 1.718972343540904e-08 3.6
37 1.724030185064441e-08 3.7
38 1.52300717051116e-08 3.8
39 1.695824914953891e-08 3.9
40 2.199724600590263e-08 4
41 2.732529842672665e-08 4.100000000000001
42 3.123423890994186e-08 4.2
43 3.413517859004228e-08 4.3
44 3.552781538522878e-08 4.4
45 3.703967166844434e-08 4.5
46 3.821942354074257e-08 4.600000000000001
47 3.90354899425419e-08 4.7
48 3.890190149020668e-08 4.800000000000001
49 3.947681744377976e-08 4.9
50 3.894172734311666e-08 5
51 3.977788982496332e-08 5.100000000000001
52 4.280703796987116e-08 5.2
53 4.482451164036906e-08 5.300000000000001
54 4.624840648717613e-08 5.4
55 4.688255353992182e-08 5.5
56 4.791956622365537e-08 5.600000000000001
57 4.927733161716748e-08 5.7
58 5.119029037359895e-08 5.800000000000001
59 5.415501652395388e-08 5.9
60 5.769239079198915e-08 6
61 5.891751812454033e-08 6.100000000000001
62 5.809697096182604e-08 6.2
63 5.399989212206502e-08 6.300000000000001
64 5.458930106424969e-08 6.4
65 5.47917103521112e-08 6.5
66 5.406421923480029e-08 6.600000000000001
67 5.554770094544833e-08 6.7
68 5.755400999545183e-08 6.800000000000001
69 5.940046701418669e-08 6.9
70 6.152041059067219e-08 7
71 6.397060739107581e-08 7.100000000000001
72 6.560966479504542e-08 7.2
73 6.72099312129151e-08 7.300000000000001
74 6.715202222832667e-08 7.4
75 6.800052878541959e-08 7.5
76 6.827790433985108e-08 7.600000000000001
77 6.920259586529105e-08 7.7
78 7.004817771150836e-08 7.800000000000001
79 7.336519395348665e-08 7.9
80 7.572012577261434e-08 8
81 7.797651908978251e-08 8.1
82 7.970675924851587e-08 8.200000000000001
83 8.017646498198106e-08 8.300000000000001
84 8.054209077394935e-08 8.4
85 8.136880292740428e-08 8.5
86 8.155968571146037e-08 8.6
87 8.201271600090689e-08 8.700000000000001
88 8.317283158497115e-08 8.800000000000001
89 8.489389814608818e-08 8.9
90 8.694367543766735e-08 9
91 8.983986938641651e-08 9.1
92 9.206889922308826e-08 9.200000000000001
93 9.339281889059459e-08 9.300000000000001
94 9.488904753006595e-08 9.4
95 9.674528493384166e-08 9.5
96 9.744944656217327e-08 9.600000000000001
97 9.815690279364171e-08 9.700000000000001
98 9.940961377209136e-08 9.800000000000001
99 1.00239073282624e-07 9.9
100 1.010997266478276e-07 10
101 1.024146665157738e-07 10.1
102 1.039528305210881e-07 10.2
103 1.058843335726246e-07 10.3
104 1.081360208689918e-07 10.4
105 1.097529534036399e-07 10.5
106 1.110371698363097e-07 10.6
107 1.12265717099928e-07 10.7
108 1.131845519132599e-07 10.8
109 1.143849852968336e-07 10.9
110 1.153746179706081e-07 11
111 1.168851616155457e-07 11.1
112 1.185126671582722e-07 11.2
113 1.199302838197467e-07 11.3
114 1.218616010508737e-07 11.4
115 1.231471123461565e-07 11.5
116 1.246045542796723e-07 11.6
117 1.260863884156695e-07 11.7
118 1.275533174804472e-07 11.8
119 1.293177249625892e-07 11.9
120 1.308954469314552e-07 12
121 1.323778842248659e-07 12.1
122 1.337391802554987e-07 12.2
123 1.343636704669359e-07 12.3
124 1.355469786938577e-07 12.4
125 1.372975831979277e-07 12.5
126 1.387901545165736e-07 12.6
127 1.400295236205081e-07 12.7
128 1.412722612217666e-07 12.8
129 1.425751993388557e-07 12.9
130 1.439017235131465e-07 13
131 1.453652597375534e-07 13.1
132 1.461175905410025e-07 13.2
133 1.474192444202952e-07 13.3
134 1.487528302843773e-07 13.4
135 1.496812638130695e-07 13.5
136 1.5049040921256e-07 13.6
137 1.519133352534256e-07 13.7
138 1.534292098939774e-07 13.8
139 1.546040363453398e-07 13.9
140 1.556334094336689e-07 14
141 1.565270068161729e-07 14.1
142 1.577967730495133e-07 14.2
143 1.592684461006182e-07 14.3
144 1.604831377927114e-07 14.4
145 1.618179310692991e-07 14.5
146 1.62980692731634e-07 14.6
147 1.640793866445401e-07 14.7
148 1.650827559264451e-07 14.8
149 1.660449328384902e-07 14.9
150 1.670035848313765e-07 15
151 1.680731019315566e-07 15.1
152 1.690861590921507e-07 15.2
153 1.699486106677527e-07 15.3
154 1.709830162880251e-07 15.4
155 1.720329169984107e-07 15.5
156 1.72960398945118e-07 15.6
157 1.739708074180246e-07 15.7
158 1.75362288223636e-07 15.8
159 1.763078098518095e-07 15.9
160 1.77375464414117e-07 16
161 1.780619294005818e-07 16.1
162 1.788378198199192e-07 16.2
163 1.797155399323136e-07 16.3
164 1.805885920007321e-07 16.4
165 1.813023312050866e-07 16.5
166 1.82340689568979e-07 16.6
167 1.829150424475155e-07 16.7
168 1.833389519562494e-07 16.8
169 1.838013032690402e-07 16.9
170 1.842892096059708e-07 17
171 1.847336187467652e-07 17.1
172 1.852226688418526e-07 17.2
173 1.856767511262319e-07 17.3
174 1.859019140788494e-07 17.4
175 1.861167444235974e-07 17.5
176 1.865425095793372e-07 17.6
177 1.870774892695677e-07 17.7
178 1.879788044194489e-07 17.8
179 1.883610009311528e-07 17.9
180 1.888251250864684e-07 18
181 1.895829556755632e-07 18.1
182 1.900014459783129e-07 18.2
183 1.904433916780898e-07 18.3
184 1.907647885616973e-07 18.4
185 1.911788826779829e-07 18.5
186 1.914014396313273e-07 18.6
187 1.917888498701207e-07 18.7
188 1.920138127131423e-07 18.8
189 1.923024636888316e-07 18.9
190 1.924841120464385e-07 19
191 1.92559843918061e-07 19.1
192 1.927497846524733e-07 19.2
193 1.928051269751263e-07 19.3
194 1.928504902456857e-07 19.4
195 1.92989557965037e-07 19.5
196 1.929960491267156e-07 19.6
197 1.929399884733368e-07 19.7
198 1.928292617086287e-07 19.8
199 1.927798186417417e-07 19.9
200 1.927584798046273e-07 20
201 1.926345705036192e-07 20.1
202 1.926208681681728e-07 20.2
203 1.923301213407404e-07 20.3
204 1.920735499845744e-07 20.4
205 1.919859202743638e-07 20.5
206 1.915396986010469e-07 20.6
207 1.914426618681013e-07 20.7
208 1.912893801979188e-07 20.8
209 1.911185812785397e-07 20.9
210 1.909652386597112e-07 21
211 1.907245001626971e-07 21.1
212 1.904982186241753e-07 21.2
213 1.902188805064038e-07 21.3
214 1.899654471391267e-07 21.4
215 1.897181598804824e-07 21.5
216 1.893611609815286e-07 21.6
217 1.887951225859061e-07 21.7
218 1.882737490103815e-07 21.8
219 1.882891214541019e-07 21.9
220 1.878614536932508e-07 22
221 1.876101773718587e-07 22.1
222 1.8717676447874e-07 22.2
223 1.866326055104428e-07 22.3
224 1.860382335657543e-07 22.4
225 1.855626049640494e-07 22.5
226 1.848384890256096e-07 22.6
227 1.843438276722341e-07 22.7
228 1.838162225903222e-07 22.8
229 1.830933919775365e-07 22.9
230 1.823988488990417e-07 23
231 1.816487414331168e-07 23.1
232 1.810656951972754e-07 23.2
233 1.803549460195439e-07 23.3
234 1.797276233761394e-07 23.4
235 1.791583955514592e-07 23.5
236 1.785128834804814e-07 23.6
237 1.777841030795281e-07 23.7
238 1.771138070652352e-07 23.8
239 1.765453543855752e-07 23.9
240 1.758451891772535e-07 24
241 1.750606374510078e-07 24.1
242 1.744067469568035e-07 24.2
243 1.735127582614667e-07 24.3
244 1.726364210830082e-07 24.4
245 1.718867946100123e-07 24.5
246 1.710516622141585e-07 24.6
247 1.701558567955564e-07 24.7
248 1.691441486039603e-07 24.8
249 1.683755513076762e-07 24.9
250 1.672912136826961e-07 25
251 1.665339800146594e-07 25.1
252 1.655698571522755e-07 25.2
253 1.646617669356702e-07 25.3
254 1.637648424210129e-07 25.4
255 1.628045103610942e-07 25.5
256 1.619546614104045e-07 25.6
257 1.611020068313415e-07 25.7
258 1.601440332719194e-07 25.8
259 1.591226230076985e-07 25.9
260 1.580874148064804e-07 26
261 1.570386508770818e-07 26.1
262 1.56024185552097e-07 26.2
263 1.549640896815092e-07 26.3
264 1.538932159660449e-07 26.4
265 1.528241702405474e-07 26.5
266 1.516711305000745e-07 26.6
267 1.504650052181875e-07 26.7
268 1.49238566051475e-07 26.8
269 1.481220417546957e-07 26.9
270 1.468352733639141e-07 27
271 1.456417521324226e-07 27.1
272 1.443312066466071e-07 27.2
273 1.431609263115813e-07 27.3
274 1.418795620191321e-07 27.4
275 1.406893287963475e-07 27.5
276 1.394736864804034e-07 27.6
277 1.381405658080222e-07 27.7
278 1.368712893486171e-07 27.8
279 1.35562189286483e-07 27.9
280 1.342032326453882e-07 28
281 1.328006752016437e-07 28.1
282 1.315050473129944e-07 28.2
283 1.302247912302434e-07 28.3
284 1.288863734181909e-07 28.4
285 1.276728497627066e-07 28.5
286 1.264090783388573e-07 28.6
287 1.250194671177175e-07 28.7
288 1.23644695328251e-07 28.8
289 1.222926197900914e-07 28.9
290 1.210264284021989e-07 29
291 1.195640362799529e-07 29.1
292 1.182572362459245e-07 29.2
293 1.167862345448511e-07 29.3
294 1.154722972109998e-07 29.4
295 1.139626216480506e-07 29.5
296 1.126311443674609e-07 29.6
297 1.111237263482719e-07 29.7
298 1.09727389349754e-07 29.8
299 1.084481652905135e-07 29.9
300 1.071064207717672e-07 30
301 1.057439620698342e-07 30.1
302 1.043450895572079e-07 30.2
303 1.029335796165217e-07 30.3
304 1.014210414232577e-07 30.4
305 1.00067171131098e-07 30.5
306 9.864220346067405e-08 30.6
307 9.71108061338226e-08 30.7
308 9.556037000736189e-08 30.8
309 9.39331021011905e-08 30.9
310 9.241030589213344e-08 31
311 9.107007468157635e-08 31.1
312 8.939261471110062e-08 31.2
313 8.811487083924621e-08 31.3
314 8.638940002322083e-08 31.4
315 8.513670316279093e-08 31.5
316 8.337844026875163e-08 31.6
317 8.210789073324877e-08 31.7
318 8.037030597726252e-08 31.8
319 7.896949071412451e-08 31.9
320 7.74033769590269e-08 32
321 7.597055024020583e-08 32.1
322 7.43408826962662e-08 32.2
323 7.28163915244946e-08 32.3
324 7.117972775703295e-08 32.4
325 6.968192021691474e-08 32.5
326 6.801812730861986e-08 32.6
327 6.639018683012863e-08 32.7
328 6.48709560104549e-08 32.8
329 6.361763813889553e-08 32.9
330 6.158397368270709e-08 33
331 6.034190394559809e-08 33.1
332 5.862792047085356e-08 33.2
333 5.715360820488801e-08 33.3
334 5.536261669505278e-08 33.4
335 5.388341299595079e-08 33.5
336 5.229594386151978e-08 33.6
337 5.061908894393935e-08 33.7
338 4.911872218628884e-08 33.8
339 4.747696102039373e-08 33.9
340 4.597681441224776e-08 34
341 4.435267385738385e-08 34.1
342 4.281099568864372e-08 34.2
343 4.11677508993262e-08 34.3
344 3.96531578045088e-08 34.4
345 3.803708627398104e-08 34.5
346 3.651268620100566e-08 34.6
347 3.492726724198872e-08 34.7
348 3.344441122948909e-08 34.8
349 3.207486164654443e-08 34.9
350 3.039316461750823e-08 35
351 2.899212449935271e-08 35.1
352 2.738644328172268e-08 35.2
353 2.606817626704275e-08 35.3
354 2.446891640215721e-08 35.4
355 2.310184696800687e-08 35.5
356 2.153317046061171e-08 35.6
357 2.02890149170497e-08 35.7
358 1.877873614573221e-08 35.8
359 1.736271885731463e-08 35.9
360 1.592388430590876e-08 36
361 1.445437346299968e-08 36.1
362 1.306537340695464e-08 36.2
363 1.151503999210708e-08 36.3
364 1.0218196029811e-08 36.4
365 8.774844654337399e-09 36.5
366 7.334656193115202e-09 36.6
367 5.912027538613215e-09 36.7
368 4.544271098579648e-09 36.8
369 3.026006261647417e-09 36.9
370 1.923818591011944e-09 37
371 4.80434068197575e-10 37.1
372 -8.902784930586257e-10 37.2
373 -2.150920062357022e-09 37.3
374 -3.490542889744353e-09 37.4
375 -4.910125192318592e-09 37.5
376 -6.005364470174758e-09 37.6
377 -7.35479094190623e-09 37.7
378 -8.64716826132974e-09 37.8
379 -9.927232967444744e-09 37.9
380 -1.128442330761076e-08 38
381 -1.226165895900606e-08 38.1
382 -1.357406626108892e-08 38.2
383 -1.488930290236246e-08 38.3
384 -1.59282562919871e-08 38.40000000000001
385 -1.724512069199736e-08 38.5
386 -1.825494522993314e-08 38.6
387 -1.961405484113237e-08 38.7
388 -2.054817196139141e-08 38.8
389 -2.177809984601428e-08 38.90000000000001
390 -2.285074692670565e-08 39
391 -2.394685274043564e-08 39.1
392 -2.502060827744669e-08 39.2
393 -2.613017754823935e-08 39.3
394 -2.715120306180393e-08 39.40000000000001
395 -2.818957730526918e-08 39.5
396 -2.922270181361307e-08 39.6
397 -3.024119773485843e-08 39.7
398 -3.126526362266642e-08 39.8
399 -3.226472571576934e-08 39.90000000000001
400 -3.317472001541087e-08 40
401 -3.419724306531866e-08 40.1
402 -3.50739549677543e-08 40.2
403 -3.603131172231406e-08 40.3
404 -3.683350142740318e-08 40.40000000000001
405 -3.774287411849175e-08 40.5
406 -3.86085843006088e-08 40.6
407 -3.943790003822867e-08 40.7
408 -4.032315090185709e-08 40.8
409 -4.090318240912895e-08 40.90000000000001
410 -4.207928573362702e-08 41
411 -4.274670364990092e-08 41.1
412 -4.34902195264503e-08 41.2
413 -4.424322320231727e-08 41.3
414 -4.504074027269828e-08 41.40000000000001
415 -4.565615249782739e-08 41.5
416 -4.630756453116249e-08 41.6
417 -4.707883960011463e-08 41.7
418 -4.769233163591688e-08 41.8
419 -4.830979786241965e-08 41.90000000000001
420 -4.893735377554799e-08 42
421 -4.948743704626646e-08 42.1
422 -4.999696008523145e-08 42.2
423 -5.060764802548713e-08 42.3
424 -5.139644660676969e-08 42.40000000000001
425 -5.172088700522474e-08 42.5
426 -5.221144333646861e-08 42.6
427 -5.261964919808077e-08 42.7
428 -5.308471115755108e-08 42.8
429 -5.351945204628292e-08 42.90000000000001
430 -5.385079847201278e-08 43
431 -5.429932173702075e-08 43.1
432 -5.468333148274046e-08 43.2
433 -5.503686635103086e-08 43.3
434 -5.544258532758488e-08 43.40000000000001
435 -5.567213244722367e-08 43.5
436 -5.600051680827131e-08 43.6
437 -5.634633714748179e-08 43.7
438 -5.655802308779205e-08 43.8
439 -5.674505042111276e-08 43.90000000000001
440 -5.69436674513604e-08 44
441 -5.708808736007766e-08 44.1
442 -5.720181257938364e-08 44.2
443 -5.741584458303028e-08 44.3
444 -5.754701935656033e-08 44.40000000000001
445 -5.753403120788706e-08 44.5
446 -5.771877016724937e-08 44.6
447 -5.789543820644748e-08 44.7
448 -5.771427424898396e-08 44.8
449 -5.780984928353444e-08 44.90000000000001
450 -5.78900598223341e-08 45
451 -5.778981959434341e-08 45.1
452 -5.770499910676422e-08 45.2
453 -5.767220642680791e-08 45.3
454 -5.7585980730466e-08 45.40000000000001
455 -5.74658316430207e-08 45.5
456 -5.737642800403691e-08 45.6
457 -5.717594586922305e-08 45.7
458 -5.702020243018574e-08 45.8
459 -5.682953687216816e-08 45.90000000000001
460 -5.653681941198725e-08 46
461 -5.630155036595941e-08 46.1
462 -5.604009707734898e-08 46.2
463 -5.573075483615189e-08 46.3
464 -5.540110362697663e-08 46.40000000000001
465 -5.506853543401962e-08 46.5
466 -5.470810920694497e-08 46.6
467 -5.428998291277474e-08 46.7
468 -5.394571702373077e-08 46.8
469 -5.350018123760505e-08 46.90000000000001
470 -5.308094596393052e-08 47
471 -5.259819996360478e-08 47.1
472 -5.213998789661031e-08 47.2
473 -5.163422123291824e-08 47.3
474 -5.113035559194834e-08 47.40000000000001
475 -5.053519594040441e-08 47.5
476 -4.998989305503437e-08 47.6
477 -4.934614549648806e-08 47.7
478 -4.875219148131685e-08 47.8
479 -4.809789685721909e-08 47.90000000000001
480 -4.74818567950515e-08 48
481 -4.676059004736588e-08 48.1
482 -4.613447923958889e-08 48.2
483 -4.536389192728875e-08 48.3
484 -4.470543891561359e-08 48.40000000000001
485 -4.388590886133904e-08 48.5
486 -4.316119062764133e-08 48.6
487 -4.227815062628415e-08 48.7
488 -4.151545720075101e-08 48.8
489 -4.066598250498772e-08 48.90000000000001
490 -3.989424510735568e-08 49
491 -3.896967791702114e-08 49.1
492 -3.814543553191413e-08 49.2
493 -3.716954777012967e-08 49.3
494 -3.636310323194075e-08 49.40000000000001
495 -3.520615507887482e-08 49.5
496 -3.470695996838288e-08 49.6
497 -3.342880299561721e-08 49.7
498 -3.238809547179612e-08 49.8
499 -3.088100105548818e-08 49.90000000000001
500 -3.032757454196566e-08 50
501 -2.898163606752473e-08 50.1
502 -2.848284902634912e-08 50.2
503 -2.704652490164301e-08 50.3
504 -2.648085004057471e-08 50.40000000000001
505 -2.503761250500681e-08 50.5
506 -2.447651091348711e-08 50.6
507 -2.299180482853736e-08 50.7
508 -2.240482838362364e-08 50.8
509 -2.09131877319571e-08 50.90000000000001
510 -2.04950642892231e-08 51
511 -1.856043507645597e-08 51.1
512 -1.840040372426104e-08 51.2
513 -1.641121334334404e-08 51.3
514 -1.614850648747765e-08 51.40000000000001
515 -1.415497704196144e-08 51.5
516 -1.375734932086462e-08 51.6
517 -1.188548850152796e-08 51.7
518 -1.153495385304376e-08 51.8
519 -9.54680473557481e-09 51.90000000000001
520 -9.198586847174014e-09 52
521 -7.234410862812895e-09 52.1
522 -6.782590127185091e-09 52.2
523 -4.789754388761891e-09 52.3
524 -4.353326077162006e-09 52.40000000000001
525 -2.332096535987919e-09 52.5
526 -1.86149901318501e-09 52.6
527 1.807820294941075e-10 52.7
528 6.82117381636789e-10 52.8
529 2.758289361455157e-09 52.90000000000001
530 3.111040143236507e-09 53
531 5.422504966791398e-09 53.1
532 5.693618436673425e-09 53.2
533 8.034835877644218e-09 53.3
534 8.364540593449833e-09 53.40000000000001
535 1.050979002537324e-08 53.5
536 1.123120961892519e-08 53.6
537 1.325351594916227e-08 53.7
538 1.369052471896935e-08 53.8
539 1.607844961248051e-08 53.90000000000001
540 1.635164780878334e-08 54
541 1.878104854074314e-08 54.1
542 1.914674414110229e-08 54.2
543 2.146742927341838e-08 54.3
544 2.196506099067858e-08 54.40000000000001
545 2.426567673293175e-08 54.5
546 2.472559751093464e-08 54.6
547 2.704289647328477e-08 54.7
548 2.75256237914741e-08 54.8
549 2.98530838324903e-08 54.90000000000001
550 3.034637225804631e-08 55
551 3.268256284359332e-08 55.1
552 3.315764911857104e-08 55.2
553 3.55675536275508e-08 55.3
554 3.59701849647994e-08 55.40000000000001
555 3.8399641765323e-08 55.5
556 3.868123057273634e-08 55.6
557 4.142208160628174e-08 55.7
558 4.152983798390879e-08 55.8
559 4.43675665103212e-08 55.90000000000001
560 4.448534333498445e-08 56
561 4.700530427436242e-08 56.1
562 4.751051179983398e-08 56.2
563 4.99534358766156e-08 56.3
564 5.038719999969718e-08 56.40000000000001
565 5.282948920209292e-08 56.5
566 5.336994923155401e-08 56.6
567 5.558548300512862e-08 56.7
568 5.632787694328102e-08 56.8
569 5.849590162646552e-08 56.90000000000001
570 5.921260636596024e-08 57
571 6.137659213721949e-08 57.1
572 6.210398815763706e-08 57.2
573 6.425863444360352e-08 57.3
574 6.497702457907244e-08 57.40000000000001
575 6.723697104689286e-08 57.5
576 6.77840055929239e-08 57.6
577 7.00756057227123e-08 57.7
578 7.060355968329473e-08 57.8
579 7.298568238019004e-08 57.90000000000001
580 7.345357759454212e-08 58
581 7.586272687259223e-08 58.1
582 7.624691255339362e-08 58.2
583 7.865710368043736e-08 58.3
584 7.906894146839681e-08 58.40000000000001
585 8.146067266329273e-08 58.5
586 8.186499729080951e-08 58.6
587 8.424393524457318e-08 58.7
588 8.466883514167289e-08 58.8
589 8.703119841466646e-08 58.90000000000001
590 8.746261688992011e-08 59
591 8.979562111799736e-08 59.1
592 9.024774899900231e-08 59.2
593 9.242445306051309e-08 59.3
594 9.308506631318385e-08 59.40000000000001
595 9.518185748167601e-08 59.5
596 9.576702058061519e-08 59.6
597 9.784790300865902e-08 59.7
598 9.844523511053483e-08 59.8
599 1.004968362455295e-07 59.90000000000001
600 1.010774178234714e-07 60
601 1.031048975903278e-07 60.1
602 1.036806255788843e-07 60.2
603 1.056790074303999e-07 60.3
604 1.062546354037588e-07 60.40000000000001
605 1.082552615706002e-07 60.5
606 1.087373340681342e-07 60.6
607 1.107649739663383e-07 60.7
608 1.112104902069972e-07 60.8
609 1.132161546647888e-07 60.90000000000001
610 1.136786247582169e-07 61
611 1.156401231408982e-07 61.1
612 1.160849018378402e-07 61.2
613 1.180136270823081e-07 61.3
614 1.184448905772443e-07 61.40000000000001
615 1.20320727535189e-07 61.5
616 1.207623226799632e-07 61.6
617 1.226022326801287e-07 61.7
618 1.230448636341867e-07 61.8
619 1.248677112739953e-07 61.90000000000001
620 1.252245542664475e-07 62
621 1.270359034505594e-07 62.1
622 1.273974024732893e-07 62.2
623 1.291580229075502e-07 62.3
624 1.29468682223254e-07 62.40000000000001
625 1.311704821062609e-07 62.5
626 1.315979774552513e-07 62.6
627 1.332313136970517e-07 62.7
628 1.3356624276593e-07 62.8
629 1.351730310174748e-07 62.90000000000001
630 1.354968860560382e-07 63
631 1.370593199845872e-07 63.1
632 1.373636082997917e-07 63.2
633 1.388850990328043e-07 63.3
634 1.391662395415254e-07 63.40000000000001
635 1.406470490797857e-07 63.5
636 1.409186449097809e-07 63.6
637 1.423608449242124e-07 63.7
638 1.426155959030318e-07 63.8
639 1.440041598996621e-07 63.90000000000001
640 1.442527082532703e-07 64
641 1.455824990582131e-07 64.10000000000001
642 1.458281277323747e-07 64.2
643 1.471062004283841e-07 64.3
644 1.473032702935506e-07 64.40000000000001
645 1.485341785853628e-07 64.5
646 1.487259293944314e-07 64.60000000000001
647 1.498233524990621e-07 64.7
648 1.500710716846542e-07 64.8
649 1.511079827834842e-07 64.90000000000001
650 1.513150549632087e-07 65
651 1.523022338492612e-07 65.10000000000001
652 1.524809384302415e-07 65.2
653 1.534163080142617e-07 65.3
654 1.535576285873606e-07 65.40000000000001
655 1.544454495354944e-07 65.5
656 1.545815921601188e-07 65.60000000000001
657 1.554041017126806e-07 65.7
658 1.555681914250371e-07 65.8
659 1.563163961840594e-07 65.90000000000001
660 1.564349092069803e-07 66
661 1.571348231835246e-07 66.10000000000001
662 1.572170456770602e-07 66.2
663 1.578623057532441e-07 66.3
664 1.579118878294198e-07 66.40000000000001
665 1.585056302046794e-07 66.5
666 1.585327134849992e-07 66.60000000000001
667 1.590722314855859e-07 66.7
668 1.590723916045053e-07 66.8
669 1.595606149569241e-07 66.90000000000001
670 1.595357440056969e-07 67
671 1.599684801414988e-07 67.10000000000001
672 1.598464375446269e-07 67.2
673 1.603629897436144e-07 67.3
674 1.601112342932863e-07 67.40000000000001
675 1.605888743387229e-07 67.5
676 1.603501785935753e-07 67.60000000000001
677 1.608794915858367e-07 67.7
678 1.604257442228145e-07 67.8
679 1.609574137782899e-07 67.90000000000001
680 1.60473434178153e-07 68
681 1.608377669018173e-07 68.10000000000001
682 1.605006887011915e-07 68.2
683 1.607639265373897e-07 68.3
684 1.603452931310701e-07 68.40000000000001
685 1.605546111483544e-07 68.5
686 1.601236928974073e-07 68.60000000000001
687 1.602738303991631e-07 68.7
688 1.597330591495364e-07 68.8
689 1.599785486856813e-07 68.90000000000001
690 1.59342208337012e-07 69
691 1.593800966648028e-07 69.10000000000001
692 1.589925881215669e-07 69.2
693 1.589086049769145e-07 69.3
694 1.58410471197456e-07 69.40000000000001
695 1.582816005414748e-07 69.5
696 1.577833672369688e-07 69.60000000000001
697 1.57589871541944e-07 69.7
698 1.570385069779187e-07 69.8
699 1.568156313376533e-07 69.90000000000001
700 1.562180635565013e-07 70
701 1.559379357338584e-07 70.10000000000001
702 1.553122965460631e-07 70.2
703 1.549732219322664e-07 70.3
704 1.543109965302638e-07 70.40000000000001
705 1.539135118267234e-07 70.5
706 1.532219319501172e-07 70.60000000000001
707 1.527765891795175e-07 70.7
708 1.520332396817916e-07 70.8
709 1.515444589293585e-07 70.90000000000001
710 1.507653454631125e-07 71
711 1.502225736026358e-07 71.10000000000001
712 1.494218004392408e-07 71.2
713 1.488220644904004e-07 71.3
714 1.479750941889879e-07 71.40000000000001
715 1.473377305634102e-07 71.5
716 1.464663755177337e-07 71.60000000000001
717 1.457519697818899e-07 71.7
718 1.448554368257685e-07 71.8
719 1.441124204818193e-07 71.90000000000001
720 1.432525177181017e-07 72
721 1.42266704155608e-07 72.10000000000001
722 1.416077692518025e-07 72.2
723 1.405712615127008e-07 72.3
724 1.396241472318132e-07 72.40000000000001
725 1.386192452704462e-07 72.5
726 1.378213709233447e-07 72.60000000000001
727 1.366890673470433e-07 72.7
728 1.357384615580703e-07 72.8
729 1.346197260233614e-07 72.90000000000001
730 1.337760837171419e-07 73
731 1.325416784351575e-07 73.10000000000001
732 1.315489024049082e-07 73.2
733 1.303566374964836e-07 73.3
734 1.293842738877831e-07 73.40000000000001
735 1.280940805921781e-07 73.5
736 1.270644032857224e-07 73.60000000000001
737 1.25766233358501e-07 73.7
738 1.247584098288038e-07 73.8
739 1.233622735304267e-07 73.90000000000001
740 1.222852231761708e-07 74
741 1.20894317731876e-07 74.10000000000001
742 1.198117795881607e-07 74.2
743 1.183073852612261e-07 74.3
744 1.171731808637296e-07 74.40000000000001
745 1.157517728297455e-07 74.5
746 1.145097264046346e-07 74.60000000000001
747 1.130543082430554e-07 74.7
748 1.118067194960827e-07 74.8
749 1.103079074528184e-07 74.90000000000001
750 1.090462573968406e-07 75
751 1.074443796359466e-07 75.10000000000001
752 1.062434136994859e-07 75.2
753 1.045942121899964e-07 75.3
754 1.03359201947567e-07 75.40000000000001
755 1.016736326382848e-07 75.5
756 1.004208915711049e-07 75.60000000000001
757 9.869666575914645e-08 75.7
758 9.741881830443268e-08 75.8
759 9.565969129025139e-08 75.90000000000001
760 9.436985749362474e-08 76
761 9.257479599863905e-08 76.10000000000001
762 9.13173381315791e-08 76.2
763 8.941786358943311e-08 76.3
764 8.80645120030629e-08 76.40000000000001
765 8.628574859603929e-08 76.5
766 8.484083450351085e-08 76.60000000000001
767 8.298837023303715e-08 76.7
768 8.157836910767781e-08 76.80000000000001
769 7.974209136383052e-08 76.90000000000001
770 7.828017547490429e-08 77
771 7.641625266601249e-08 77.10000000000001
772 7.496086063344222e-08 77.2
773 7.298857411079696e-08 77.30000000000001
774 7.16381845339717e-08 77.40000000000001
775 6.961294107846041e-08 77.5
776 6.821070216573266e-08 77.60000000000001
777 6.616415909876522e-08 77.7
778 6.475874533132044e-08 77.80000000000001
779 6.268896332500445e-08 77.90000000000001
780 6.126696875767597e-08 78
781 5.910215557580839e-08 78.10000000000001
782 5.783423607911903e-08 78.2
783 5.561088033143302e-08 78.30000000000001
784 5.42780696866015e-08 78.40000000000001
785 5.204246965565899e-08 78.5
786 5.070768785151379e-08 78.60000000000001
787 4.845229957798172e-08 78.7
788 4.711218607420999e-08 78.80000000000001
789 4.484048110966436e-08 78.90000000000001
790 4.338888736110106e-08 79
791 4.129762321173212e-08 79.10000000000001
792 3.979783019486831e-08 79.2
793 3.758174543871092e-08 79.30000000000001
794 3.614422536945992e-08 79.40000000000001
795 3.391655399270495e-08 79.5
796 3.237580956281101e-08 79.60000000000001
797 3.036220517423626e-08 79.7
798 2.863682077398188e-08 79.80000000000001
799 2.662022648916365e-08 79.90000000000001
800 2.508207756665215e-08 80
801 2.280675252410906e-08 80.10000000000001
802 2.145560226862667e-08 80.2
803 1.914520318080417e-08 80.30000000000001
804 1.77181761611499e-08 80.40000000000001
805 1.544806724369811e-08 80.5
806 1.396574964862569e-08 80.60000000000001
807 1.177961929998553e-08 80.7
808 1.02387999102946e-08 80.80000000000001
809 8.062794077332075e-09 80.90000000000001
810 6.538567279160309e-09 81
811 4.364232415164444e-09 81.10000000000001
812 2.840643381997639e-09 81.2
813 6.712140296205058e-10 81.30000000000001
814 -8.447296420384025e-10 81.40000000000001
815 -3.006104065750748e-09 81.5
816 -4.511499381663706e-09 81.60000000000001
817 -6.665228193647303e-09 81.7
818 -8.16400660185647e-09 81.80000000000001
819 -1.030812105205158e-08 81.90000000000001
820 -1.172753097162922e-08 82
821 -1.379967767995335e-08 82.10000000000001
822 -1.556196766947047e-08 82.2
823 -1.743727187860196e-08 82.30000000000001
824 -1.914501229138618e-08 82.40000000000001
825 -2.101585954590604e-08 82.5
826 -2.27081687305121e-08 82.60000000000001
827 -2.456602298669817e-08 82.7
828 -2.623596730352581e-08 82.80000000000001
829 -2.80802415906647e-08 82.90000000000001
830 -2.973310303420741e-08 83
831 -3.156345713628573e-08 83.10000000000001
832 -3.320082754529819e-08 83.2
833 -3.501430493098843e-08 83.30000000000001
834 -3.663269470730745e-08 83.40000000000001
835 -3.842852694198515e-08 83.5
836 -4.003157535950666e-08 83.60000000000001
837 -4.180251086367761e-08 83.7
838 -4.339149391958685e-08 83.80000000000001
839 -4.513853555182052e-08 83.90000000000001
840 -4.669193917077847e-08 84
841 -4.85381072384222e-08 84.10000000000001
842 -4.984351461249141e-08 84.2
843 -5.170975049602606e-08 84.30000000000001
844 -5.30823939894151e-08 84.40000000000001
845 -5.490922020590538e-08 84.5
846 -5.625192823633672e-08 84.60000000000001
847 -5.80478514622687e-08 84.7
848 -5.936883933525149e-08 84.80000000000001
849 -6.113961529542031e-08 84.90000000000001
850 -6.236080825382458e-08 85
851 -6.425017650739878e-08 85.10000000000001
852 -6.532431034508717e-08 85.2
853 -6.71963291434631e-08 85.30000000000001
854 -6.833912239008863e-08 85.40000000000001
855 -7.004705833749402e-08 85.5
856 -7.126871242098387e-08 85.60000000000001
857 -7.279243577877188e-08 85.7
858 -7.404472034380485e-08 85.80000000000001
859 -7.559129527843516e-08 85.90000000000001
860 -7.685570516006612e-08 86
861 -7.832828334661911e-08 86.10000000000001
862 -7.948183361983109e-08 86.2
863 -8.098216269211704e-08 86.30000000000001
864 -8.211927953404504e-08 86.40000000000001
865 -8.353116499526884e-08 86.5
866 -8.462902158644895e-08 86.60000000000001
867 -8.600307012864258e-08 86.7
868 -8.707614571797984e-08 86.80000000000001
869 -8.843913008490683e-08 86.90000000000001
870 -8.939742811133807e-08 87
871 -9.069310168284576e-08 87.10000000000001
872 -9.180703764618391e-08 87.2
873 -9.289297441823997e-08 87.30000000000001
874 -9.399661357895359e-08 87.40000000000001
875 -9.503512219547968e-08 87.5
876 -9.61197941284178e-08 87.60000000000001
877 -9.710452779760089e-08 87.7
878 -9.815557287282963e-08 87.80000000000001
879 -9.908636589537594e-08 87.90000000000001
880 -1.000947838746253e-07 88
881 -1.009825143695887e-07 88.10000000000001
882 -1.019425837193917e-07 88.2
883 -1.027775165586518e-07 88.30000000000001
884 -1.037050641044623e-07 88.40000000000001
885 -1.044824782419912e-07 88.5
886 -1.052932620988492e-07 88.60000000000001
887 -1.061185230053835e-07 88.7
888 -1.069329626524566e-07 88.80000000000001
889 -1.076302574118438e-07 88.90000000000001
890 -1.083838615175449e-07 89
891 -1.090311105073001e-07 89.10000000000001
892 -1.097631626523142e-07 89.2
893 -1.1034500453195e-07 89.30000000000001
894 -1.110314579091588e-07 89.40000000000001
895 -1.115510795624862e-07 89.5
896 -1.121994005746544e-07 89.60000000000001
897 -1.126564387313627e-07 89.7
898 -1.132620755672875e-07 89.80000000000001
899 -1.136620347237589e-07 89.90000000000001
900 -1.142251820412636e-07 90
901 -1.145610054950012e-07 90.10000000000001
902 -1.150863051143985e-07 90.2
903 -1.153622103660385e-07 90.30000000000001
904 -1.157598868068164e-07 90.40000000000001
905 -1.161142366445229e-07 90.5
906 -1.164222027432443e-07 90.60000000000001
907 -1.166280192214329e-07 90.7
908 -1.16935458137372e-07 90.80000000000001
909 -1.171583390605684e-07 90.90000000000001
910 -1.173644938819559e-07 91
911 -1.175230808625293e-07 91.10000000000001
912 -1.176769236693142e-07 91.2
913 -1.177704288985181e-07 91.30000000000001
914 -1.178904820080148e-07 91.40000000000001
915 -1.179098606231268e-07 91.5
916 -1.17985440705965e-07 91.60000000000001
917 -1.179061005208757e-07 91.7
918 -1.180497916537828e-07 91.80000000000001
919 -1.177336108565788e-07 91.90000000000001
920 -1.179292203827468e-07 92
921 -1.175403929665883e-07 92.10000000000001
922 -1.176688922380564e-07 92.2
923 -1.172124229431349e-07 92.30000000000001
924 -1.17299836873659e-07 92.40000000000001
925 -1.167751255914288e-07 92.5
926 -1.167490363714031e-07 92.60000000000001
927 -1.16300513528501e-07 92.7
928 -1.161185066493833e-07 92.80000000000001
929 -1.156135067305329e-07 92.90000000000001
930 -1.154066316094025e-07 93
931 -1.148554243240915e-07 93.10000000000001
932 -1.145635042467818e-07 93.2
933 -1.139295475989183e-07 93.30000000000001
934 -1.136508736666226e-07 93.40000000000001
935 -1.129291740987618e-07 93.5
936 -1.125807814159207e-07 93.60000000000001
937 -1.117881757289361e-07 93.7
938 -1.114817776141867e-07 93.80000000000001
939 -1.104872825134191e-07 93.90000000000001
940 -1.101677862461689e-07 94
941 -1.091204383313858e-07 94.10000000000001
942 -1.087575230475983e-07 94.2
943 -1.076319422230258e-07 94.30000000000001
944 -1.072241655842432e-07 94.40000000000001
945 -1.060294618935671e-07 94.5
946 -1.055868321820335e-07 94.60000000000001
947 -1.043270861065197e-07 94.7
948 -1.038488082258826e-07 94.80000000000001
949 -1.025161604370992e-07 94.90000000000001
950 -1.020180338160437e-07 95
951 -1.00515807210145e-07 95.10000000000001
952 -1.001122917510021e-07 95.2
953 -9.850856057961254e-08 95.30000000000001
954 -9.801451497526637e-08 95.40000000000001
955 -9.634711779594598e-08 95.5
956 -9.579163273281228e-08 95.60000000000001
957 -9.414288294182592e-08 95.7
958 -9.343061499934825e-08 95.80000000000001
959 -9.173542053967963e-08 95.90000000000001
960 -9.103260836623628e-08 96
961 -8.926343672814392e-08 96.10000000000001
962 -8.851673907422528e-08 96.2
963 -8.668167425923235e-08 96.30000000000001
964 -8.589527859175869e-08 96.40000000000001
965 -8.399331979377266e-08 96.5
966 -8.316870751066791e-08 96.60000000000001
967 -8.119875286648646e-08 96.7
968 -8.033881255698586e-08 96.80000000000001
969 -7.831286185375691e-08 96.90000000000001
970 -7.74052286594133e-08 97
971 -7.530849872431969e-08 97.10000000000001
972 -7.437147814704162e-08 97.2
973 -7.221692673526699e-08 97.30000000000001
974 -7.127776212436495e-08 97.40000000000001
975 -6.901469760312892e-08 97.5
976 -6.79633448796903e-08 97.60000000000001
977 -6.577070909744688e-08 97.7
978 -6.470644879628844e-08 97.80000000000001
979 -6.23797243861519e-08 97.90000000000001
980 -6.13177500712623e-08 98
981 -5.892428780529361e-08 98.10000000000001
982 -5.782280564983582e-08 98.2
983 -5.537181871263386e-08 98.30000000000001
984 -5.425006966125038e-08 98.40000000000001
985 -5.174116711958047e-08 98.5
986 -5.05877143657416e-08 98.60000000000001
987 -4.802198420363232e-08 98.7
988 -4.683190762292694e-08 98.80000000000001
989 -4.421247210617771e-08 98.90000000000001
990 -4.29967300981886e-08 99
991 -4.032325882314329e-08 99.10000000000001
992 -3.909960829244185e-08 99.2
993 -3.641230680509623e-08 99.30000000000001
994 -3.506134755549505e-08 99.40000000000001
995 -3.235123979680718e-08 99.5
996 -3.100106620825328e-08 99.60000000000001
997 -2.823815219721319e-08 99.7
998 -2.684108734689649e-08 99.80000000000001
999 -2.414751516431417e-08 99.90000000000001
1000 -2.257304428329079e-08 100
1001 -1.987061174941548e-08 100.1
1002 -1.834066548262625e-08 100.2
1003 -1.558626676927034e-08 100.3
1004 -1.402399702382116e-08 100.4
1005 -1.122637147917885e-08 100.5
1006 -9.641269560904195e-09 100.6
1007 -6.802539622970955e-09 100.7
1008 -5.204170105181633e-09 100.8
1009 -2.329129249087772e-09 100.9
1010 -7.499866571249103e-10 101
1011 2.275035334002131e-09 101.1
1012 3.755115443541262e-09 101.2
1013 6.835080107255064e-09 101.3
1014 8.377793742122915e-09 101.4
1015 1.148345954395676e-08 101.5
1016 1.303325660974098e-08 101.6
1017 1.616714240945026e-08 101.7
1018 1.772399077441776e-08 101.8
1019 2.088592905256311e-08 101.9
1020 2.246146410561055e-08 102
1021 2.564599533610834e-08 102.1
1022 2.722631908772797e-08 102.2
1023 3.045511873942784e-08 102.3
1024 3.201602693792071e-08 102.4
1025 3.526262767814604e-08 102.5
1026 3.683389021528471e-08 102.6
1027 4.010186078036647e-08 102.7
1028 4.169352450389581e-08 102.8
1029 4.48830141659516e-08 102.9
1030 4.661735255628113e-08 103
1031 4.979316770198855e-08 103.1
1032 5.148870400249086e-08 103.2
1033 5.468435507983268e-08 103.3
1034 5.637428581552541e-08 103.4
1035 5.958357673032049e-08 103.5
1036 6.128966944455737e-08 103.6
1037 6.454438110695913e-08 103.7
1038 6.610652176152272e-08 103.8
1039 6.941372680096277e-08 103.9
1040 7.113574334635013e-08 104
1041 7.428459480756479e-08 104.1
1042 7.609231113479289e-08 104.2
1043 7.921461253653175e-08 104.3
1044 8.100959026519162e-08 104.4
1045 8.413401705454874e-08 104.5
1046 8.591225474106328e-08 104.6
1047 8.908639835562379e-08 104.7
1048 9.080629154298865e-08 104.8
1049 9.39799075997105e-08 104.9
1050 9.56955229681484e-08 105
1051 9.885927234044126e-08 105.1
1052 1.005898601063346e-07 105.2
1053 1.037203667830976e-07 105.3
1054 1.054395684817569e-07 105.4
1055 1.085512589821323e-07 105.5
1056 1.102635934675009e-07 105.6
1057 1.134182542605652e-07 105.7
1058 1.150237501874014e-07 105.8
1059 1.181794090891382e-07 105.9
1060 1.197881099314645e-07 106
1061 1.22927292338333e-07 106.1
1062 1.244928813781196e-07 106.2
1063 1.27612117812506e-07 106.3
1064 1.291890097955764e-07 106.4
1065 1.322792532871207e-07 106.5
1066 1.338139170524975e-07 106.6
1067 1.368953780272936e-07 106.7
1068 1.384050947550319e-07 106.8
1069 1.414489856257102e-07 106.9
1070 1.429445962813516e-07 107
1071 1.459515358532189e-07 107.1
1072 1.474331388290059e-07 107.2
1073 1.503960227161522e-07 107.3
1074 1.518606028270359e-07 107.4
1075 1.547789330235023e-07 107.5
1076 1.562262277617192e-07 107.6
1077 1.590958833130097e-07 107.7
1078 1.605085557851914e-07 107.8
1079 1.633339791430985e-07 107.9
1080 1.647345886417559e-07 108
1081 1.674940564246545e-07 108.1
1082 1.688991521436485e-07 108.2
1083 1.716030094438477e-07 108.3
1084 1.729385686559e-07 108.4
1085 1.756636129224019e-07 108.5
1086 1.76911868998605e-07 108.6
1087 1.795791812137081e-07 108.7
1088 1.808263982026598e-07 108.8
1089 1.834241356448889e-07 108.9
1090 1.84653606530841e-07 109
1091 1.871938005251281e-07 109.1
1092 1.883927078038491e-07 109.2
1093 1.908336890470348e-07 109.3
1094 1.920613816042253e-07 109.4
1095 1.944293920854253e-07 109.5
1096 1.956068307649146e-07 109.6
1097 1.979070632455759e-07 109.7
1098 1.990472257534806e-07 109.8
1099 2.012596269805021e-07 109.9
1100 2.023904739486457e-07 110
1101 2.045667243327349e-07 110.1
1102 2.055655159483782e-07 110.2
1103 2.076986345687496e-07 110.3
1104 2.086880977133072e-07 110.4
1105 2.107426287969062e-07 110.5
1106 2.116666617340732e-07 110.6
1107 2.136497896669068e-07 110.7
1108 2.145011760481478e-07 110.8
1109 2.165126666826292e-07 110.9
1110 2.172507089079588e-07 111
1111 2.191895148501934e-07 111.1
1112 2.199284896733955e-07 111.2
1113 2.2177454194428e-07 111.3
1114 2.224388895094023e-07 111.4
1115 2.242103042833976e-07 111.5
1116 2.248372211220651e-07 111.6
1117 2.265250927896374e-07 111.7
1118 2.271161641412572e-07 111.8
1119 2.287157776361592e-07 111.9
1120 2.290730593528801e-07 112
1121 2.307637695988649e-07 112.1
1122 2.310812862049981e-07 112.2
1123 2.327491360494132e-07 112.3
1124 2.33252383323801e-07 112.4
1125 2.345729026072668e-07 112.5
1126 2.348057428705467e-07 112.6
1127 2.36194341039396e-07 112.7
1128 2.36361227389155e-07 112.8
1129 2.377261763279016e-07 112.9
1130 2.380735167952775e-07 113
1131 2.390996647738658e-07 113.1
1132 2.392197397972755e-07 113.2
1133 2.403180473596974e-07 113.3
1134 2.403880256667731e-07 113.4
1135 2.414013071355939e-07 113.5
1136 2.415293026968855e-07 113.6
1137 2.423507510940965e-07 113.7
1138 2.424064042128525e-07 113.8
1139 2.431373077571355e-07 113.9
1140 2.431658731918244e-07 114
1141 2.437893098271614e-07 114.1
1142 2.437475485193076e-07 114.2
1143 2.442528863931265e-07 114.3
1144 2.441870559953333e-07 114.4
1145 2.445751180980697e-07 114.5
1146 2.444492460402792e-07 114.6
1147 2.447330380923554e-07 114.7
1148 2.445319318013566e-07 114.8
1149 2.44710694162192e-07 114.9
1150 2.44465852520227e-07 115
1151 2.445310754347128e-07 115.1
1152 2.442348467567549e-07 115.2
1153 2.441869792404103e-07 115.3
1154 2.438151620609352e-07 115.4
1155 2.436999308280588e-07 115.5
1156 2.432139097407783e-07 115.6
1157 2.429832914617021e-07 115.7
1158 2.42512152371162e-07 115.8
1159 2.421521619547304e-07 115.9
1160 2.416141005745105e-07 116
1161 2.412242379831843e-07 116.1
1162 2.404991916960176e-07 116.2
1163 2.399134745275893e-07 116.3
1164 2.39412953299481e-07 116.4
1165 2.38644891848004e-07 116.5
1166 2.380002741882282e-07 116.6
1167 2.371342444021571e-07 116.7
1168 2.364368247601302e-07 116.8
1169 2.354827647564472e-07 116.9
1170 2.347064099368956e-07 117
1171 2.336517057939414e-07 117.1
1172 2.32793213115776e-07 117.2
1173 2.317405516252453e-07 117.3
1174 2.306883845308562e-07 117.4
1175 2.295261242214491e-07 117.5
1176 2.284652706141451e-07 117.6
1177 2.272022926808383e-07 117.7
1178 2.261097743445903e-07 117.8
1179 2.247284282157726e-07 117.9
1180 2.236020518185476e-07 118
1181 2.220860629848868e-07 118.1
1182 2.209378404473278e-07 118.2
1183 2.19276979284064e-07 118.3
1184 2.181421433935642e-07 118.4
1185 2.162670138010546e-07 118.5
1186 2.152151866792117e-07 118.6
1187 2.132087086963186e-07 118.7
1188 2.120292199608017e-07 118.8
1189 2.099235847303732e-07 118.9
1190 2.08748558514792e-07 119
1191 2.064916186534058e-07 119.1
1192 2.053180971523418e-07 119.2
1193 2.02950196726766e-07 119.3
1194 2.01665169647139e-07 119.4
1195 1.99173273473249e-07 119.5
1196 1.979284675413967e-07 119.6
1197 1.953084498525598e-07 119.7
1198 1.93985249388066e-07 119.8
1199 1.912503451659533e-07 119.9
1200 1.899105271599705e-07 120
1201 1.870966541502099e-07 120.1
1202 1.856786455676302e-07 120.2
1203 1.827194763967957e-07 120.3
1204 1.813378356372613e-07 120.4
1205 1.78241163579795e-07 120.5
1206 1.768553781658976e-07 120.6
1207 1.736385855285193e-07 120.7
1208 1.72207943773722e-07 120.8
1209 1.689964018629742e-07 120.9
1210 1.673497531143154e-07 121
1211 1.640809028612829e-07 121.1
1212 1.624659326853101e-07 121.2
1213 1.59118608254094e-07 121.3
1214 1.573819181124838e-07 121.4
1215 1.539393416146711e-07 121.5
1216 1.522061621021226e-07 121.6
1217 1.48677530546207e-07 121.7
1218 1.468742060202778e-07 121.8
1219 1.432872232957035e-07 121.9
1220 1.414286213408595e-07 122
1221 1.376633194293438e-07 122.1
1222 1.359979261222612e-07 122.2
1223 1.32132644833712e-07 122.3
1224 1.30278868827698e-07 122.4
1225 1.263519935289052e-07 122.5
1226 1.245648287996354e-07 122.6
1227 1.20557254937599e-07 122.7
1228 1.186588862925148e-07 122.8
1229 1.145501982154448e-07 122.9
1230 1.127685640389101e-07 123
1231 1.085034009211222e-07 123.1
1232 1.067150284515552e-07 123.2
1233 1.023641200363111e-07 123.3
1234 1.00530865564735e-07 123.4
1235 9.609184257790417e-08 123.5
1236 9.440127391635036e-08 123.6
1237 8.984696720763681e-08 123.7
1238 8.789608473730922e-08 123.8
1239 8.333667605624048e-08 123.9
1240 8.151437619291057e-08 124
1241 7.681886606152777e-08 124.1
1242 7.503773002623715e-08 124.2
1243 7.026766166942924e-08 124.3
1244 6.847278938936061e-08 124.4
1245 6.362376136598014e-08 124.5
1246 6.17253717320673e-08 124.6
1247 5.702081762496622e-08 124.7
1248 5.498371041768628e-08 124.8
1249 5.0244054671534e-08 124.9
1250 4.820466548158142e-08 125
1251 4.340306456169385e-08 125.1
1252 4.139127803588935e-08 125.2
1253 3.646392548178029e-08 125.3
1254 3.446734205618283e-08 125.4
1255 2.948948736924514e-08 125.5
1256 2.75129816354183e-08 125.6
1257 2.257544044607155e-08 125.7
1258 2.058756425463726e-08 125.8
1259 1.551221088091356e-08 125.9
1260 1.358202806776253e-08 126
1261 8.535746768788156e-09 126.1
1262 6.575773440010458e-09 126.2
1263 1.456014097579686e-09 126.3
1264 -5.03135785463553e-10 126.4
1265 -5.593288814270707e-09 126.5
1266 -7.63439930144303e-09 126.6
1267 -1.267209663145912e-08 126.7
1268 -1.463882712028022e-08 126.8
1269 -1.999248089697484e-08 126.9
1270 -2.16596136670692e-08 127
1271 -2.704481462143425e-08 127.1
1272 -2.884632630399697e-08 127.2
1273 -3.420145184335157e-08 127.3
1274 -3.59875217923199e-08 127.4
1275 -4.140352579044793e-08 127.5
1276 -4.303539647027912e-08 127.6
1277 -4.84472536737754e-08 127.7
1278 -5.019784023928247e-08 127.8
1279 -5.562772743942211e-08 127.9
1280 -5.719206326027482e-08 128
1281 -6.273170275938905e-08 128.1
1282 -6.434190616643768e-08 128.2
1283 -6.965248889910179e-08 128.3
1284 -7.160682725507572e-08 128.4
1285 -7.661357815768044e-08 128.5
1286 -7.851226662615583e-08 128.6
1287 -8.367591771880754e-08 128.7
1288 -8.548827772891235e-08 128.8
1289 -9.062639843762693e-08 128.9
1290 -9.241077034420222e-08 129
1291 -9.752988482739454e-08 129.1
1292 -9.928599929931498e-08 129.2
1293 -1.030716331141337e-07 129.3
1294 -1.073973787435423e-07 129.4
1295 -1.109483739325166e-07 129.5
1296 -1.152076865078918e-07 129.6
1297 -1.186703641558835e-07 129.7
1298 -1.228276602488927e-07 129.8
1299 -1.262848107084681e-07 129.9
1300 -1.303700453973441e-07 130
1301 -1.337581679448898e-07 130.1
1302 -1.377726710579083e-07 130.2
1303 -1.410794857945048e-07 130.3
1304 -1.450308408199739e-07 130.4
1305 -1.48307015201951e-07 130.5
1306 -1.518107951025768e-07 130.6
1307 -1.557263194594418e-07 130.7
1308 -1.588812068458668e-07 130.8
1309 -1.624389312673765e-07 130.9
1310 -1.658282122690064e-07 131
1311 -1.692459522651982e-07 131.1
1312 -1.726445344663201e-07 131.2
1313 -1.758431165903889e-07 131.3
1314 -1.792042841551157e-07 131.4
1315 -1.824627099959642e-07 131.5
1316 -1.856556751124297e-07 131.6
1317 -1.888123617707895e-07 131.7
1318 -1.919301201976493e-07 131.8
1319 -1.950087684909513e-07 131.9
1320 -1.980351350037293e-07 132
1321 -2.01021070364881e-07 132.1
1322 -2.039648352205843e-07 132.2
1323 -2.06849891760376e-07 132.3
1324 -2.097085850356482e-07 132.4
1325 -2.125130775679148e-07 132.5
1326 -2.15266562567595e-07 132.6
1327 -2.179501533749474e-07 132.7
1328 -2.205815598249516e-07 132.8
1329 -2.231700001759254e-07 132.9
1330 -2.257356218964209e-07 133
1331 -2.282197480421074e-07 133.1
1332 -2.306775087214154e-07 133.2
1333 -2.33098678455877e-07 133.3
1334 -2.3546424262142e-07 133.4
1335 -2.377769890746781e-07 133.5
1336 -2.40028783239107e-07 133.6
1337 -2.422295511267935e-07 133.7
1338 -2.444053504826447e-07 133.8
1339 -2.465090072870245e-07 133.9
1340 -2.485353256042541e-07 134
1341 -2.505041384577765e-07 134.1
1342 -2.524176310616905e-07 134.2
1343 -2.542761286235566e-07 134.3
1344 -2.560989374303332e-07 134.4
1345 -2.578214663501074e-07 134.5
1346 -2.594934911384699e-07 134.6
1347 -2.611121605279575e-07 134.7
1348 -2.626718470899857e-07 134.8
1349 -2.641699628038743e-07 134.9
1350 -2.655947568612081e-07 135
1351 -2.669570397997207e-07 135.1
1352 -2.682588969248127e-07 135.2
1353 -2.695061252585112e-07 135.3
1354 -2.706978155382608e-07 135.4
1355 -2.718116451461218e-07 135.5
1356 -2.728668852082369e-07 135.6
1357 -2.73843978073156e-07 135.7
1358 -2.747605371006783e-07 135.8
1359 -2.756220041322067e-07 135.9
1360 -2.764006796445843e-07 136
1361 -2.771744998122857e-07 136.1
1362 -2.777997519118505e-07 136.2
1363 -2.783759898633697e-07 136.3
1364 -2.788454782682257e-07 136.4
1365 -2.792701795734218e-07 136.5
1366 -2.796433988054306e-07 136.6
1367 -2.799411018413919e-07 136.7
1368 -2.801876608908749e-07 136.8
1369 -2.804060859649756e-07 136.9
1370 -2.803942889712669e-07 137
1371 -2.805071589982155e-07 137.1
1372 -2.803387686439469e-07 137.2
1373 -2.803039342133843e-07 137.3
1374 -2.800144771298388e-07 137.4
1375 -2.798604782508719e-07 137.5
1376 -2.794267467221414e-07 137.6
1377 -2.791250995456086e-07 137.7
1378 -2.785402833462621e-07 137.8
1379 -2.780865721438215e-07 137.9
1380 -2.773632293333281e-07 138
1381 -2.767773953426283e-07 138.1
1382 -2.75829648974878e-07 138.2
1383 -2.750796017583007e-07 138.3
1384 -2.741757993064568e-07 138.4
1385 -2.732113662403017e-07 138.5
1386 -2.721642658033557e-07 138.6
1387 -2.710349425065224e-07 138.7
1388 -2.698461611254734e-07 138.8
1389 -2.685883443208175e-07 138.9
1390 -2.672378218393196e-07 139
1391 -2.658005808752075e-07 139.1
1392 -2.642772455979541e-07 139.2
1393 -2.626680950534248e-07 139.3
1394 -2.610143663258224e-07 139.4
1395 -2.592724263201949e-07 139.5
1396 -2.574696286187648e-07 139.6
1397 -2.555858063678181e-07 139.7
1398 -2.536387155627146e-07 139.8
1399 -2.516248891478411e-07 139.9
1400 -2.49483020393344e-07 140
1401 -2.473182720132023e-07 140.1
1402 -2.450618659029538e-07 140.2
1403 -2.42713287141438e-07 140.3
1404 -2.402650230334495e-07 140.4
1405 -2.377770396957808e-07 140.5
1406 -2.352499020225914e-07 140.6
1407 -2.326442343712279e-07 140.7
1408 -2.299132908261319e-07 140.8
1409 -2.271667055820925e-07 140.9
1410 -2.243375730878263e-07 141
1411 -2.214277445214342e-07 141.1
1412 -2.184671906149932e-07 141.2
1413 -2.154089311761456e-07 141.3
1414 -2.123273794309197e-07 141.4
1415 -2.091345290551958e-07 141.5
1416 -2.058758051725563e-07 141.6
1417 -2.025585727219613e-07 141.7
1418 -1.991776350543765e-07 141.8
1419 -1.957455825027142e-07 141.9
1420 -1.922325283664914e-07 142
1421 -1.886597677595591e-07 142.1
1422 -1.849930093356544e-07 142.2
1423 -1.81315624055808e-07 142.3
1424 -1.775372659515808e-07 142.4
1425 -1.737078668549255e-07 142.5
1426 -1.699123173350838e-07 142.6
1427 -1.657813462244591e-07 142.7
1428 -1.619530151882187e-07 142.8
1429 -1.577062412132425e-07 142.9
1430 -1.537448863743662e-07 143
1431 -1.493356263684984e-07 143.1
1432 -1.45348718353621e-07 143.2
1433 -1.407855901038904e-07 143.3
1434 -1.366269569036587e-07 143.4
1435 -1.319659738452755e-07 143.5
1436 -1.27608538959196e-07 143.6
1437 -1.230706463346104e-07 143.7
1438 -1.184310846233086e-07 143.8
1439 -1.137471597727462e-07 143.9
1440 -1.090140498742972e-07 144
1441 -1.042543819896828e-07 144.1
1442 -9.939303165681381e-08 144.2
1443 -9.449596414282663e-08 144.3
1444 -8.953908863722037e-08 144.4
1445 -8.455155051252273e-08 144.5
1446 -7.953854515603889e-08 144.6
1447 -7.448624990687303e-08 144.7
1448 -6.938004899599275e-08 144.8
1449 -6.423194146222583e-08 144.9
1450 -5.902751270783912e-08 145
1451 -5.381395073891099e-08 145.1
1452 -4.847413450815983e-08 145.2
1453 -4.315654351335278e-08 145.3
1454 -3.779595797530402e-08 145.4
1455 -3.23957017477128e-08 145.5
1456 -2.69560527869822e-08 145.6
1457 -2.141013167254113e-08 145.7
1458 -1.598886110736516e-08 145.8
1459 -1.054170348044859e-08 145.9
1460 -4.888439601210355e-09 146
1461 7.181402123223063e-10 146.1
1462 6.338676262463248e-09 146.2
1463 1.199759620381843e-08 146.3
1464 1.770356139977321e-08 146.4
1465 2.341247371752393e-08 146.5
1466 2.91500352150968e-08 146.6
1467 3.491572629905805e-08 146.7
1468 4.068834453738207e-08 146.8
1469 4.64868403749847e-08 146.9
1470 5.232135615626456e-08 147
1471 5.816516782513148e-08 147.1
1472 6.40148070373787e-08 147.2
1473 6.992405668390436e-08 147.3
1474 7.580281108207434e-08 147.4
1475 8.175707245006086e-08 147.5
1476 8.767404353418243e-08 147.6
1477 9.383853928578813e-08 147.7
1478 9.94049616156685e-08 147.8
1479 1.055200389412751e-07 147.9
1480 1.116167965603672e-07 148
1481 1.176249530441395e-07 148.1
1482 1.236717667637085e-07 148.2
1483 1.296716787257756e-07 148.3
1484 1.356516860727552e-07 148.4
1485 1.416529946079423e-07 148.5
1486 1.476667272014286e-07 148.6
1487 1.536315322214676e-07 148.7
1488 1.596136064029636e-07 148.8
1489 1.656791073148679e-07 148.9
1490 1.717595433816613e-07 149
1491 1.776867178040559e-07 149.1
1492 1.836643850165544e-07 149.2
1493 1.896186579465419e-07 149.3
1494 1.955540180348799e-07 149.4
1495 2.013572257419107e-07 149.5
1496 2.07369523138397e-07 149.6
1497 2.132592269241481e-07 149.7
1498 2.191441198473694e-07 149.8
1499 2.250316240766737e-07 149.9
1500 2.308811859830814e-07 150
1501 2.367108048945141e-07 150.1
1502 2.424907174103472e-07 150.2
1503 2.482726094207533e-07 150.3
1504 2.540174710707644e-07 150.4
1505 2.597415844102546e-07 150.5
1506 2.654866555833086e-07 150.6
1507 2.710910401678363e-07 150.7
1508 2.767234729517549e-07 150.8
1509 2.823036050887929e-07 150.9
1510 2.87887075307299e-07 151
1511 2.934373911274213e-07 151.1
1512 2.989584875976719e-07 151.2
1513 3.043631545772095e-07 151.3
1514 3.097964340378562e-07 151.4
1515 3.151518304238684e-07 151.5
1516 3.204862990807618e-07 151.6
1517 3.258051129827351e-07 151.7
1518 3.310741701890147e-07 151.8
1519 3.362856913688262e-07 151.9
1520 3.414445559183186e-07 152
1521 3.465467585008355e-07 152.1
1522 3.515697283277741e-07 152.2
1523 3.565545711457048e-07 152.3
1524 3.614643487405214e-07 152.4
1525 3.663156984688983e-07 152.5
1526 3.711224128416118e-07 152.6
1527 3.758856068747577e-07 152.7
1528 3.805967011216441e-07 152.8
1529 3.852547332412311e-07 152.9
1530 3.898450035822117e-07 153
1531 3.944289503355762e-07 153.1
1532 3.987412702399348e-07 153.2
1533 4.031355469723412e-07 153.3
1534 4.07485196267157e-07 153.4
1535 4.11760528218049e-07 153.5
1536 4.159711754396091e-07 153.6
1537 4.200879096618159e-07 153.7
1538 4.24131646612041e-07 153.8
1539 4.280937386391289e-07 153.9
1540 4.319872250721634e-07 154
1541 4.358193748741231e-07 154.1
1542 4.393263828059361e-07 154.2
1543 4.432578156885029e-07 154.3
1544 4.466507907634545e-07 154.4
1545 4.504677303375503e-07 154.5
1546 4.537727605440759e-07 154.6
1547 4.571798391394185e-07 154.7
1548 4.604266998373591e-07 154.8
1549 4.637856645959869e-07 154.9
1550 4.667435318406088e-07 155
1551 4.700133551667259e-07 155.1
1552 4.725965013541203e-07 155.2
1553 4.757200546720921e-07 155.3
1554 4.781985161449039e-07 155.4
1555 4.809203103251301e-07 155.5
1556 4.835369343770088e-07 155.6
1557 4.861583472707642e-07 155.7
1558 4.883074524837195e-07 155.8
1559 4.906444013172156e-07 155.9
1560 4.930278066419102e-07 156
1561 4.950651694263861e-07 156.1
1562 4.969806839595833e-07 156.2
1563 4.989467184678363e-07 156.3
1564 5.006835099484453e-07 156.4
1565 5.02333643787635e-07 156.5
1566 5.038386059264526e-07 156.6
1567 5.053524652902313e-07 156.7
1568 5.066977415137329e-07 156.8
1569 5.078866092732779e-07 156.9
1570 5.091727270858684e-07 157
1571 5.10027539101886e-07 157.1
1572 5.110951994184869e-07 157.2
1573 5.117984319078448e-07 157.3
1574 5.126203979394025e-07 157.4
1575 5.131089328439201e-07 157.5
1576 5.13690921649905e-07 157.6
1577 5.139483098701474e-07 157.7
1578 5.143030429288205e-07 157.8
1579 5.143930567881027e-07 157.9
1580 5.145091565727656e-07 158
1581 5.144272384388287e-07 158.1
1582 5.14189167534088e-07 158.2
1583 5.139490574718334e-07 158.3
1584 5.136534489615787e-07 158.4
1585 5.131376375756928e-07 158.5
1586 5.124885983925967e-07 158.6
1587 5.116618070848046e-07 158.7
1588 5.108368379960723e-07 158.8
1589 5.098715280541329e-07 158.9
1590 5.087779336954628e-07 159
1591 5.075821543467081e-07 159.1
1592 5.062745869338793e-07 159.2
1593 5.047932609530831e-07 159.3
1594 5.032535450031423e-07 159.4
1595 5.017410966000089e-07 159.5
1596 4.999357776969353e-07 159.6
1597 4.980356868322184e-07 159.7
1598 4.959934403863689e-07 159.8
1599 4.938813381601699e-07 159.9
1600 4.916238146696237e-07 160
1601 4.892374625249089e-07 160.1
1602 4.867370387547528e-07 160.2
1603 4.841029865260248e-07 160.3
1604 4.813660180288073e-07 160.4
1605 4.785437382460504e-07 160.5
1606 4.75694085684039e-07 160.6
1607 4.725797782247225e-07 160.7
1608 4.694220993522265e-07 160.8
1609 4.661208435461621e-07 160.9
1610 4.628047178534216e-07 161
1611 4.591484292237177e-07 161.1
1612 4.555784424381691e-07 161.2
1613 4.51805483365051e-07 161.3
1614 4.479435672414351e-07 161.4
1615 4.439785787073557e-07 161.5
1616 4.399119695855677e-07 161.6
1617 4.357503423075613e-07 161.7
1618 4.314540706836509e-07 161.8
1619 4.268955292602203e-07 161.9
1620 4.222872972968586e-07 162
1621 4.17655631240254e-07 162.1
1622 4.128472941641324e-07 162.2
1623 4.079743450069424e-07 162.3
1624 4.029906081467136e-07 162.4
1625 3.979376049434596e-07 162.5
1626 3.927058163650208e-07 162.6
1627 3.874339052181799e-07 162.7
1628 3.820196686218634e-07 162.8
1629 3.76661717877357e-07 162.9
1630 3.709622288709785e-07 163
1631 3.652755962583106e-07 163.1
1632 3.596127310790192e-07 163.2
1633 3.535932738856561e-07 163.3
1634 3.475318895067122e-07 163.4
1635 3.415521263294452e-07 163.5
1636 3.350661631956916e-07 163.6
1637 3.290598261283004e-07 163.7
1638 3.22556060530662e-07 163.8
1639 3.161548856245926e-07 163.9
1640 3.093047707444462e-07 164
1641 3.026530383245669e-07 164.1
1642 2.960822371381233e-07 164.2
1643 2.888918476270618e-07 164.3
1644 2.818756804735534e-07 164.4
1645 2.751155513027002e-07 164.5
1646 2.67991233535447e-07 164.6
1647 2.606676789872575e-07 164.7
1648 2.534213886279632e-07 164.8
1649 2.45935105088163e-07 164.9
1650 2.38547109275708e-07 165
1651 2.3097655742343e-07 165.1
1652 2.233503819392048e-07 165.2
1653 2.156205262349384e-07 165.3
1654 2.078040083557582e-07 165.4
1655 1.999500962718795e-07 165.5
1656 1.920627039272686e-07 165.6
1657 1.840453516728993e-07 165.7
1658 1.760091977449681e-07 165.8
1659 1.67829326900927e-07 165.9
1660 1.596613923612064e-07 166
1661 1.513528379451073e-07 166.1
1662 1.432449966663968e-07 166.2
1663 1.345559529529719e-07 166.3
1664 1.263538827482958e-07 166.4
1665 1.17718678548452e-07 166.5
1666 1.091882219925549e-07 166.6
1667 1.003194102634337e-07 166.7
1668 9.197032524191578e-08 166.8
1669 8.293575031448422e-08 166.9
1670 7.432648865773082e-08 167
1671 6.54851184042532e-08 167.1
1672 5.649552672000771e-08 167.2
1673 4.762543814756989e-08 167.3
1674 3.865297505561042e-08 167.4
1675 2.961117046761074e-08 167.5
1676 2.033369339380546e-08 167.6
1677 1.136900904418183e-08 167.7
1678 2.250770040650551e-09 167.8
1679 -6.927564152456005e-09 167.9
1680 -1.610793611281601e-08 168
1681 -2.529019390625608e-08 168.1
1682 -3.436578005908403e-08 168.2
1683 -4.354133629989556e-08 168.3
1684 -5.261909517697669e-08 168.4
1685 -6.218586476653251e-08 168.5
1686 -7.131659821855999e-08 168.6
1687 -8.065567508526746e-08 168.7
1688 -8.998792905332162e-08 168.8
1689 -9.914683389570882e-08 168.9
1690 -1.085871501158272e-07 169
1691 -1.178942536905338e-07 169.1
1692 -1.271575438172175e-07 169.2
1693 -1.364356261318339e-07 169.3
1694 -1.457190594913425e-07 169.4
1695 -1.549796589736018e-07 169.5
1696 -1.643029257057862e-07 169.6
1697 -1.736132670675824e-07 169.7
1698 -1.829588810735084e-07 169.8
1699 -1.922695587796486e-07 169.9
1700 -2.015960647623372e-07 170
1701 -2.110208339600646e-07 170.1
1702 -2.197984606832156e-07 170.2
1703 -2.29256613862728e-07 170.3
1704 -2.383757447291075e-07 170.4
1705 -2.474083705072801e-07 170.5
1706 -2.567062089950942e-07 170.6
1707 -2.657821259249796e-07 170.7
1708 -2.748532962661842e-07 170.8
1709 -2.838584909715919e-07 170.9
1710 -2.928924020693492e-07 171
1711 -3.01851866598854e-07 171.1
1712 -3.107742778458765e-07 171.2
1713 -3.198053011790246e-07 171.3
1714 -3.285920704453555e-07 171.4
1715 -3.373374739765327e-07 171.5
1716 -3.460403690119729e-07 171.6
1717 -3.54635792090132e-07 171.7
1718 -3.633476852025046e-07 171.8
1719 -3.717592538829477e-07 171.9
1720 -3.8029595231956e-07 172
1721 -3.887640948681507e-07 172.1
1722 -3.970772856845682e-07 172.2
1723 -4.053483892570594e-07 172.3
1724 -4.134851290369538e-07 172.4
1725 -4.216577069231452e-07 172.5
1726 -4.296926666174666e-07 172.6
1727 -4.376875694847821e-07 172.7
1728 -4.45543464575088e-07 172.8
1729 -4.535389495827213e-07 172.9
1730 -4.611317534088336e-07 173
1731 -4.687959223767466e-07 173.1
1732 -4.763125322332608e-07 173.2
1733 -4.837736312351621e-07 173.3
1734 -4.911348663424481e-07 173.4
1735 -4.984148702899634e-07 173.5
1736 -5.056472553349746e-07 173.6
1737 -5.12749572928969e-07 173.7
1738 -5.197731917019144e-07 173.8
1739 -5.266316401272832e-07 173.9
1740 -5.334048447781624e-07 174
1741 -5.400645434050806e-07 174.1
1742 -5.465859831139967e-07 174.2
1743 -5.530595702262487e-07 174.3
1744 -5.59450204132108e-07 174.4
1745 -5.656232132014572e-07 174.5
1746 -5.715213891712738e-07 174.6
1747 -5.775699871590878e-07 174.7
1748 -5.833342838617327e-07 174.8
1749 -5.889723715200628e-07 174.9
1750 -5.945481153404395e-07 175
1751 -5.999664356041784e-07 175.1
1752 -6.052737060458006e-07 175.2
1753 -6.104479987438718e-07 175.3
1754 -6.154953590054806e-07 175.4
1755 -6.205692245772315e-07 175.5
1756 -6.253635657580844e-07 175.6
1757 -6.298965772726015e-07 175.7
1758 -6.345712456327138e-07 175.8
1759 -6.389598912987098e-07 175.9
1760 -6.429065115083159e-07 176
1761 -6.470816542336849e-07 176.1
1762 -6.510363713391371e-07 176.2
1763 -6.548047485798711e-07 176.3
1764 -6.584250884455595e-07 176.4
1765 -6.618551379524271e-07 176.5
1766 -6.653469323214562e-07 176.6
1767 -6.683428551357046e-07 176.7
1768 -6.713321504833877e-07 176.8
1769 -6.741159960872529e-07 176.9
1770 -6.76788311106421e-07 177
1771 -6.793485106513552e-07 177.1
1772 -6.817402408312391e-07 177.2
1773 -6.839261546259566e-07 177.3
1774 -6.859210395256308e-07 177.4
1775 -6.87756190742791e-07 177.5
1776 -6.894222215053472e-07 177.6
1777 -6.909111142130308e-07 177.7
1778 -6.922059929914606e-07 177.8
1779 -6.933304574320084e-07 177.9
1780 -6.943803970248795e-07 178
1781 -6.951770675966363e-07 178.1
1782 -6.958861648633917e-07 178.2
1783 -6.963639309000535e-07 178.3
1784 -6.967383228676865e-07 178.4
1785 -6.968025622794716e-07 178.5
1786 -6.968677560274263e-07 178.6
1787 -6.965037367277371e-07 178.7
1788 -6.962101768625619e-07 178.8
1789 -6.955668633676088e-07 178.9
1790 -6.948928066478033e-07 179
1791 -6.938849462294509e-07 179.1
1792 -6.927824604442837e-07 179.2
1793 -6.915064341834859e-07 179.3
1794 -6.900202878641013e-07 179.4
1795 -6.883573173462416e-07 179.5
1796 -6.86450800246167e-07 179.6
1797 -6.844607383181827e-07 179.7
1798 -6.822877803388957e-07 179.8
1799 -6.798150388032718e-07 179.9
1800 -6.772527195377323e-07 180
1801 -6.744319620741386e-07 180.1
1802 -6.715379002399993e-07 180.2
1803 -6.68533373824861e-07 180.3
1804 -6.649043167721085e-07 180.4
1805 -6.61547764861901e-07 180.5
1806 -6.579427923822404e-07 180.6
1807 -6.540244758260445e-07 180.7
1808 -6.499524038603919e-07 180.8
1809 -6.45755416311216e-07 180.9
1810 -6.411269897665906e-07 181
1811 -6.365660792593152e-07 181.1
1812 -6.317326547159508e-07 181.2
1813 -6.269189226626991e-07 181.3
1814 -6.214784561623049e-07 181.4
1815 -6.161641804137855e-07 181.5
1816 -6.10710230784662e-07 181.6
1817 -6.050354064502978e-07 181.7
1818 -5.991542931830938e-07 181.8
1819 -5.931897591850755e-07 181.9
1820 -5.868873329245708e-07 182
1821 -5.803840089560587e-07 182.1
1822 -5.737598892002022e-07 182.2
1823 -5.669827079897939e-07 182.3
1824 -5.600471750388554e-07 182.4
1825 -5.528101025511438e-07 182.5
1826 -5.455505240584568e-07 182.6
1827 -5.380428952554617e-07 182.7
1828 -5.304942767580869e-07 182.8
1829 -5.225975470898933e-07 182.9
1830 -5.145524844556401e-07 183
1831 -5.062246253479338e-07 183.1
1832 -4.980371433045004e-07 183.2
1833 -4.896527343881166e-07 183.3
1834 -4.809294207848534e-07 183.4
1835 -4.721273634046317e-07 183.5
1836 -4.631459516685755e-07 183.6
1837 -4.540487213173765e-07 183.7
1838 -4.446981014007101e-07 183.8
1839 -4.352534797150906e-07 183.9
1840 -4.256750155242144e-07 184
1841 -4.159661050953836e-07 184.1
1842 -4.060482825499522e-07 184.2
1843 -3.958573398277896e-07 184.3
1844 -3.856509317695907e-07 184.4
1845 -3.752030985079501e-07 184.5
1846 -3.646384867175274e-07 184.6
1847 -3.539349938143486e-07 184.7
1848 -3.430784185519933e-07 184.8
1849 -3.321707748818982e-07 184.9
1850 -3.210542846547746e-07 185
1851 -3.099441971317639e-07 185.1
1852 -2.986557266312264e-07 185.2
1853 -2.872764837450986e-07 185.3
1854 -2.75680592001379e-07 185.4
1855 -2.639393866545683e-07 185.5
1856 -2.520788589850121e-07 185.6
1857 -2.400663921952337e-07 185.7
1858 -2.280435086219627e-07 185.8
1859 -2.15781581709672e-07 185.9
1860 -2.035403245103486e-07 186
1861 -1.911209341855114e-07 186.1
1862 -1.78647045921705e-07 186.2
1863 -1.659620821151762e-07 186.3
1864 -1.532355216595547e-07 186.4
1865 -1.404417462068282e-07 186.5
1866 -1.275094459143437e-07 186.6
1867 -1.145686225873801e-07 186.7
1868 -1.01441209515665e-07 186.8
1869 -8.824534984501761e-08 186.9
1870 -7.507975879428254e-08 187
1871 -6.169406807604762e-08 187.1
1872 -4.826874087754402e-08 187.2
1873 -3.478827190692229e-08 187.3
1874 -2.120628125206908e-08 187.4
1875 -7.612967699744522e-09 187.5
1876 6.203658874094337e-09 187.6
1877 1.988201685257075e-08 187.7
1878 3.352540906261252e-08 187.8
1879 4.751587810647103e-08 187.9
1880 6.157200047777293e-08 188
1881 7.544404886891256e-08 188.1
1882 8.947294877499168e-08 188.2
1883 1.036159432134421e-07 188.3
1884 1.17756226068696e-07 188.4
1885 1.317342098396865e-07 188.5
1886 1.460106984688137e-07 188.6
1887 1.601865234004447e-07 188.7
1888 1.744073997975116e-07 188.8
1889 1.886609527558982e-07 188.9
1890 2.029198612193199e-07 189
1891 2.173218419148711e-07 189.1
1892 2.314649895230844e-07 189.2
1893 2.456912161570223e-07 189.3
1894 2.60065906792053e-07 189.4
1895 2.744056381742713e-07 189.5
1896 2.887177450036154e-07 189.6
1897 3.030483404507344e-07 189.7
1898 3.172572884604246e-07 189.8
1899 3.315253216631463e-07 189.9
1900 3.459623547098426e-07 190
1901 3.601807726366724e-07 190.1
1902 3.744264489877395e-07 190.2
1903 3.885748197188827e-07 190.3
1904 4.026703230137443e-07 190.4
1905 4.168451638933382e-07 190.5
1906 4.308851540383913e-07 190.6
1907 4.449691547517074e-07 190.7
1908 4.590135535949599e-07 190.8
1909 4.728596728088987e-07 190.9
1910 4.866867967326947e-07 191
1911 5.003063853391135e-07 191.1
1912 5.14220147955824e-07 191.2
1913 5.278445398156107e-07 191.3
1914 5.413521234757689e-07 191.4
1915 5.551920712031615e-07 191.5
1916 5.686070627363027e-07 191.6
1917 5.820562600263328e-07 191.7
1918 5.955456358856768e-07 191.8
1919 6.088105435075126e-07 191.9
1920 6.221575107181212e-07 192
1921 6.351759847062173e-07 192.1
1922 6.479888785562191e-07 192.2
1923 6.607862464305146e-07 192.3
1924 6.735534492100943e-07 192.4
1925 6.859576009557141e-07 192.5
1926 6.984532740518365e-07 192.6
1927 7.109935131639446e-07 192.7
1928 7.231196440744191e-07 192.8
1929 7.354319524942927e-07 192.9
1930 7.471904194213587e-07 193
1931 7.590379018784846e-07 193.1
1932 7.707039548576268e-07 193.2
1933 7.821861347722152e-07 193.3
1934 7.935514393694836e-07 193.4
1935 8.047559908338545e-07 193.5
1936 8.159049868974973e-07 193.6
1937 8.268401309609209e-07 193.7
1938 8.377013560380896e-07 193.8
1939 8.483514063643843e-07 193.9
1940 8.588191743919241e-07 194
1941 8.691784199170595e-07 194.1
1942 8.792946295188918e-07 194.2
1943 8.890966119748542e-07 194.3
1944 8.988386738423944e-07 194.4
1945 9.083635902436598e-07 194.5
1946 9.17627526889633e-07 194.6
1947 9.267464081983515e-07 194.7
1948 9.357004320958588e-07 194.8
1949 9.444809064742616e-07 194.9
1950 9.531264727604367e-07 195
1951 9.612561739775143e-07 195.1
1952 9.693297031888825e-07 195.2
1953 9.772413900691481e-07 195.3
1954 9.850000834763263e-07 195.4
1955 9.924092471785698e-07 195.5
1956 9.997677675252737e-07 195.6
1957 1.006794773524348e-06 195.7
1958 1.013660338058445e-06 195.8
1959 1.020277749576185e-06 195.9
1960 1.026582634907302e-06 196
1961 1.032628643232121e-06 196.1
1962 1.038649610892896e-06 196.2
1963 1.044409059640621e-06 196.3
1964 1.049777169258975e-06 196.4
1965 1.055220104954844e-06 196.5
1966 1.060224414632788e-06 196.6
1967 1.064999900342194e-06 196.7
1968 1.069442932069294e-06 196.8
1969 1.073696023045652e-06 196.9
1970 1.077642753481378e-06 197
1971 1.081393026270812e-06 197.1
1972 1.084790062849136e-06 197.2
1973 1.087877309918239e-06 197.3
1974 1.09100709861829e-06 197.4
1975 1.093651826092033e-06 197.5
1976 1.096191196808063e-06 197.6
1977 1.098253065145526e-06 197.7
1978 1.100206135963962e-06 197.8
1979 1.101791303877971e-06 197.9
1980 1.103182312679163e-06 198
1981 1.104332629568195e-06 198.1
1982 1.105157574412593e-06 198.2
1983 1.10577738426786e-06 198.3
1984 1.105989984520528e-06 198.4
1985 1.106251649713395e-06 198.5
1986 1.1057535122162e-06 198.6
1987 1.105171732775079e-06 198.7
1988 1.104235402904717e-06 198.8
1989 1.103093590521768e-06 198.9
1990 1.101583996821243e-06 199
1991 1.09983488826762e-06 199.1
1992 1.097923239329812e-06 199.2
1993 1.09572030290817e-06 199.3
1994 1.093199441777707e-06 199.4
1995 1.090391121532767e-06 199.5
1996 1.087253091010642e-06 199.6
1997 1.083909729511094e-06 199.7
1998 1.08012450482992e-06 199.8
1999 1.076333012412698e-06 199.9
2000 1.072008181207272e-06 200
